Archive member included to satisfy reference by file (symbol)

/usr/lib/gcc/arm-none-eabi/15.2.0/../../../../arm-none-eabi/lib/thumb/v7e-m+fp/hard/libc_nano.a(libc_a-atexit.o)
                              /usr/lib/gcc/arm-none-eabi/15.2.0/../../../../arm-none-eabi/lib/thumb/v7e-m+fp/hard/crt0.o (atexit)
/usr/lib/gcc/arm-none-eabi/15.2.0/../../../../arm-none-eabi/lib/thumb/v7e-m+fp/hard/libc_nano.a(libc_a-exit.o)
                              /usr/lib/gcc/arm-none-eabi/15.2.0/../../../../arm-none-eabi/lib/thumb/v7e-m+fp/hard/crt0.o (exit)
/usr/lib/gcc/arm-none-eabi/15.2.0/../../../../arm-none-eabi/lib/thumb/v7e-m+fp/hard/libc_nano.a(libc_a-malloc.o)
                              build/usbh_cdc.o (malloc)
/usr/lib/gcc/arm-none-eabi/15.2.0/../../../../arm-none-eabi/lib/thumb/v7e-m+fp/hard/libc_nano.a(libc_a-mallocr.o)
                              /usr/lib/gcc/arm-none-eabi/15.2.0/../../../../arm-none-eabi/lib/thumb/v7e-m+fp/hard/libc_nano.a(libc_a-malloc.o) (_malloc_r)
/usr/lib/gcc/arm-none-eabi/15.2.0/../../../../arm-none-eabi/lib/thumb/v7e-m+fp/hard/libc_nano.a(libc_a-mlock.o)
                              /usr/lib/gcc/arm-none-eabi/15.2.0/../../../../arm-none-eabi/lib/thumb/v7e-m+fp/hard/libc_nano.a(libc_a-mallocr.o) (__malloc_lock)
/usr/lib/gcc/arm-none-eabi/15.2.0/../../../../arm-none-eabi/lib/thumb/v7e-m+fp/hard/libc_nano.a(libc_a-findfp.o)
                              /usr/lib/gcc/arm-none-eabi/15.2.0/../../../../arm-none-eabi/lib/thumb/v7e-m+fp/hard/libc_nano.a(libc_a-exit.o) (__stdio_exit_handler)
/usr/lib/gcc/arm-none-eabi/15.2.0/../../../../arm-none-eabi/lib/thumb/v7e-m+fp/hard/libc_nano.a(libc_a-fwalk.o)
                              /usr/lib/gcc/arm-none-eabi/15.2.0/../../../../arm-none-eabi/lib/thumb/v7e-m+fp/hard/libc_nano.a(libc_a-findfp.o) (_fwalk_sglue)
/usr/lib/gcc/arm-none-eabi/15.2.0/../../../../arm-none-eabi/lib/thumb/v7e-m+fp/hard/libc_nano.a(libc_a-stdio.o)
                              /usr/lib/gcc/arm-none-eabi/15.2.0/../../../../arm-none-eabi/lib/thumb/v7e-m+fp/hard/libc_nano.a(libc_a-findfp.o) (__sread)
/usr/lib/gcc/arm-none-eabi/15.2.0/../../../../arm-none-eabi/lib/thumb/v7e-m+fp/hard/libc_nano.a(libc_a-memset.o)
                              /usr/lib/gcc/arm-none-eabi/15.2.0/../../../../arm-none-eabi/lib/thumb/v7e-m+fp/hard/crt0.o (memset)
/usr/lib/gcc/arm-none-eabi/15.2.0/../../../../arm-none-eabi/lib/thumb/v7e-m+fp/hard/libc_nano.a(libc_a-closer.o)
                              /usr/lib/gcc/arm-none-eabi/15.2.0/../../../../arm-none-eabi/lib/thumb/v7e-m+fp/hard/libc_nano.a(libc_a-stdio.o) (_close_r)
/usr/lib/gcc/arm-none-eabi/15.2.0/../../../../arm-none-eabi/lib/thumb/v7e-m+fp/hard/libc_nano.a(libc_a-reent.o)
                              /usr/lib/gcc/arm-none-eabi/15.2.0/../../../../arm-none-eabi/lib/thumb/v7e-m+fp/hard/libc_nano.a(libc_a-closer.o) (errno)
/usr/lib/gcc/arm-none-eabi/15.2.0/../../../../arm-none-eabi/lib/thumb/v7e-m+fp/hard/libc_nano.a(libc_a-impure.o)
                              /usr/lib/gcc/arm-none-eabi/15.2.0/../../../../arm-none-eabi/lib/thumb/v7e-m+fp/hard/libc_nano.a(libc_a-malloc.o) (_impure_ptr)
/usr/lib/gcc/arm-none-eabi/15.2.0/../../../../arm-none-eabi/lib/thumb/v7e-m+fp/hard/libc_nano.a(libc_a-lseekr.o)
                              /usr/lib/gcc/arm-none-eabi/15.2.0/../../../../arm-none-eabi/lib/thumb/v7e-m+fp/hard/libc_nano.a(libc_a-stdio.o) (_lseek_r)
/usr/lib/gcc/arm-none-eabi/15.2.0/../../../../arm-none-eabi/lib/thumb/v7e-m+fp/hard/libc_nano.a(libc_a-readr.o)
                              /usr/lib/gcc/arm-none-eabi/15.2.0/../../../../arm-none-eabi/lib/thumb/v7e-m+fp/hard/libc_nano.a(libc_a-stdio.o) (_read_r)
/usr/lib/gcc/arm-none-eabi/15.2.0/../../../../arm-none-eabi/lib/thumb/v7e-m+fp/hard/libc_nano.a(libc_a-sbrkr.o)
                              /usr/lib/gcc/arm-none-eabi/15.2.0/../../../../arm-none-eabi/lib/thumb/v7e-m+fp/hard/libc_nano.a(libc_a-mallocr.o) (_sbrk_r)
/usr/lib/gcc/arm-none-eabi/15.2.0/../../../../arm-none-eabi/lib/thumb/v7e-m+fp/hard/libc_nano.a(libc_a-writer.o)
                              /usr/lib/gcc/arm-none-eabi/15.2.0/../../../../arm-none-eabi/lib/thumb/v7e-m+fp/hard/libc_nano.a(libc_a-stdio.o) (_write_r)
/usr/lib/gcc/arm-none-eabi/15.2.0/../../../../arm-none-eabi/lib/thumb/v7e-m+fp/hard/libc_nano.a(libc_a-errno.o)
                              build/sysmem.o (__errno)
/usr/lib/gcc/arm-none-eabi/15.2.0/../../../../arm-none-eabi/lib/thumb/v7e-m+fp/hard/libc_nano.a(libc_a-init.o)
                              /usr/lib/gcc/arm-none-eabi/15.2.0/../../../../arm-none-eabi/lib/thumb/v7e-m+fp/hard/crt0.o (__libc_init_array)
/usr/lib/gcc/arm-none-eabi/15.2.0/../../../../arm-none-eabi/lib/thumb/v7e-m+fp/hard/libc_nano.a(libc_a-fini.o)
                              /usr/lib/gcc/arm-none-eabi/15.2.0/../../../../arm-none-eabi/lib/thumb/v7e-m+fp/hard/crt0.o (__libc_fini_array)
/usr/lib/gcc/arm-none-eabi/15.2.0/../../../../arm-none-eabi/lib/thumb/v7e-m+fp/hard/libc_nano.a(libc_a-lock.o)
[...]
Memory Configuration

Name             Origin             Length             Attributes
RAM              0x20000000         0x00020000         xrw
CCMRAM           0x10000000         0x00010000         xrw
FLASH            0x08000000         0x00100000         xr
*default*        0x00000000         0xffffffff

Linker script and memory map

LOAD /usr/lib/gcc/arm-none-eabi/15.2.0/thumb/v7e-m+fp/hard/crti.o
LOAD /usr/lib/gcc/arm-none-eabi/15.2.0/thumb/v7e-m+fp/hard/crtbegin.o
LOAD /usr/lib/gcc/arm-none-eabi/15.2.0/../../../../arm-none-eabi/lib/thumb/v7e-m+fp/hard/crt0.o
LOAD build/main.o
LOAD build/init.o
LOAD build/usb_host.o
LOAD build/usbh_conf.o
LOAD build/usbh_platform.o
LOAD build/stm32f4xx_it.o
LOAD build/stm32f4xx_hal_msp.o
LOAD build/stm32f4xx_hal_hcd.o
LOAD build/stm32f4xx_ll_usb.o
LOAD build/stm32f4xx_hal_rcc.o
LOAD build/stm32f4xx_hal_rcc_ex.o
LOAD build/stm32f4xx_hal_flash.o
LOAD build/stm32f4xx_hal_flash_ex.o
LOAD build/stm32f4xx_hal_flash_ramfunc.o
LOAD build/stm32f4xx_hal_gpio.o
LOAD build/stm32f4xx_hal_dma_ex.o
LOAD build/stm32f4xx_hal_dma.o
LOAD build/stm32f4xx_hal_pwr.o
LOAD build/stm32f4xx_hal_pwr_ex.o
LOAD build/stm32f4xx_hal_cortex.o
LOAD build/stm32f4xx_hal.o
LOAD build/stm32f4xx_hal_exti.o
LOAD build/stm32f4xx_hal_can.o
LOAD build/stm32f4xx_hal_i2c.o
LOAD build/stm32f4xx_hal_i2c_ex.o
LOAD build/stm32f4xx_hal_i2s.o
LOAD build/stm32f4xx_hal_i2s_ex.o
LOAD build/stm32f4xx_hal_spi.o
LOAD build/system_stm32f4xx.o
LOAD build/usbh_core.o
LOAD build/usbh_ctlreq.o
LOAD build/usbh_ioreq.o
LOAD build/usbh_pipes.o
LOAD build/usbh_cdc.o
LOAD build/sysmem.o
LOAD build/syscalls.o
LOAD build/startup_stm32f407xx.o
LOAD /usr/lib/gcc/arm-none-eabi/15.2.0/../../../../arm-none-eabi/lib/thumb/v7e-m+fp/hard/libc_nano.a
LOAD /usr/lib/gcc/arm-none-eabi/15.2.0/../../../../arm-none-eabi/lib/thumb/v7e-m+fp/hard/libm.a
LOAD /usr/lib/gcc/arm-none-eabi/15.2.0/../../../../arm-none-eabi/lib/thumb/v7e-m+fp/hard/libnosys.a
START GROUP
LOAD /usr/lib/gcc/arm-none-eabi/15.2.0/thumb/v7e-m+fp/hard/libgcc.a
LOAD /usr/lib/gcc/arm-none-eabi/15.2.0/../../../../arm-none-eabi/lib/thumb/v7e-m+fp/hard/libc_nano.a
END GROUP
START GROUP
LOAD /usr/lib/gcc/arm-none-eabi/15.2.0/thumb/v7e-m+fp/hard/libgcc.a
LOAD /usr/lib/gcc/arm-none-eabi/15.2.0/../../../../arm-none-eabi/lib/thumb/v7e-m+fp/hard/libc_nano.a
END GROUP
LOAD /usr/lib/gcc/arm-none-eabi/15.2.0/thumb/v7e-m+fp/hard/crtend.o
LOAD /usr/lib/gcc/arm-none-eabi/15.2.0/thumb/v7e-m+fp/hard/crtn.o
                0x20020000                        _estack = (ORIGIN (RAM) + LENGTH (RAM))
                0x2001fc00                        _sstack = (_estack - _Min_Stack_Size)
                0x00000200                        _Min_Heap_Size = 0x200
                0x00000400                        _Min_Stack_Size = 0x400

.isr_vector     0x08000000      0x188
                0x08000000                        . = ALIGN (0x4)
 *(.isr_vector)
 .isr_vector    0x08000000      0x188 build/startup_stm32f407xx.o
                0x08000000                g_pfnVectors
                0x08000188                        . = ALIGN (0x4)

.text           0x08000188     0x59b0
                0x08000188                        . = ALIGN (0x4)
 *(.text)
 .text          0x08000188       0x88 /usr/lib/gcc/arm-none-eabi/15.2.0/thumb/v7e-m+fp/hard/crtbegin.o
 .text          0x08000210       0x30 /usr/lib/gcc/arm-none-eabi/15.2.0/thumb/v7e-m+fp/hard/libgcc.a(_aeabi_uldivmod.o)
                0x08000210                __aeabi_uldivmod
 .text          0x08000240      0x320 /usr/lib/gcc/arm-none-eabi/15.2.0/thumb/v7e-m+fp/hard/libgcc.a(_udivmoddi4.o)
                0x08000240                __udivmoddi4
 .text          0x08000560        0x4 /usr/lib/gcc/arm-none-eabi/15.2.0/thumb/v7e-m+fp/hard/libgcc.a(_dvmd_tls.o)
                0x08000560                __aeabi_ldiv0
                0x08000560                __aeabi_idiv0
 *(.text*)
 .text.main     0x08000564        0xc build/main.o
                0x08000564                main
 .text.MX_GPIO_Init
                0x08000570      0x194 build/init.o
 .text.Error_Handler
                0x08000704        0x4 build/init.o
                0x08000704                Error_Handler
 .text.MX_CAN1_Init
                0x08000708       0x40 build/init.o
 .text.MX_I2C1_Init
                0x08000748       0x38 build/init.o
 .text.MX_I2S3_Init
                0x08000780       0x38 build/init.o
 .text.MX_SPI1_Init
                0x080007b8       0x40 build/init.o
 .text.SystemClock_Config
                0x080007f8       0xa8 build/init.o
                0x080007f8                SystemClock_Config
 .text.init     0x080008a0       0x7c build/init.o
                0x080008a0                init
 .text.USBH_UserProcess
                0x0800091c       0x2c build/usb_host.o
 .text.MX_USB_HOST_Init
                0x08000948       0x40 build/usb_host.o
                0x08000948                MX_USB_HOST_Init
 .text.MX_USB_HOST_Process
                0x08000988       0x10 build/usb_host.o
                0x08000988                MX_USB_HOST_Process
 .text.HAL_HCD_MspInit
                0x08000998       0x94 build/usbh_conf.o
                0x08000998                HAL_HCD_MspInit
 .text.HAL_HCD_SOF_Callback
                0x08000a2c        0xc build/usbh_conf.o
                0x08000a2c                HAL_HCD_SOF_Callback
 .text.HAL_HCD_Connect_Callback
                0x08000a38        0xc build/usbh_conf.o
                0x08000a38                HAL_HCD_Connect_Callback
 .text.HAL_HCD_Disconnect_Callback
                0x08000a44        0xc build/usbh_conf.o
                0x08000a44                HAL_HCD_Disconnect_Callback
 .text.HAL_HCD_HC_NotifyURBChange_Callback
                0x08000a50        0x2 build/usbh_conf.o
                0x08000a50                HAL_HCD_HC_NotifyURBChange_Callback
 .text.HAL_HCD_PortEnabled_Callback
                0x08000a52        0xc build/usbh_conf.o
                0x08000a52                HAL_HCD_PortEnabled_Callback
 .text.HAL_HCD_PortDisabled_Callback
                0x08000a5e        0xc build/usbh_conf.o
                0x08000a5e                HAL_HCD_PortDisabled_Callback
 *fill*         0x08000a6a        0x2 
 .text.USBH_LL_Init
                0x08000a6c       0x54 build/usbh_conf.o
                0x08000a6c                USBH_LL_Init
 .text.USBH_LL_GetSpeed
                0x08000ac0       0x20 build/usbh_conf.o
                0x08000ac0                USBH_LL_GetSpeed
 .text.USBH_LL_GetLastXferSize
                0x08000ae0        0xc build/usbh_conf.o
                0x08000ae0                USBH_LL_GetLastXferSize
 .text.USBH_LL_ClosePipe
                0x08000aec        0x4 build/usbh_conf.o
                0x08000aec                USBH_LL_ClosePipe
 .text.USBH_LL_GetURBState
                0x08000af0        0xc build/usbh_conf.o
                0x08000af0                USBH_LL_GetURBState
 .text.USBH_LL_DriverVBUS
                0x08000afc       0x1c build/usbh_conf.o
                0x08000afc                USBH_LL_DriverVBUS
 .text.USBH_LL_SetToggle
                0x08000b18       0x2e build/usbh_conf.o
                0x08000b18                USBH_LL_SetToggle
 .text.USBH_Delay
                0x08000b46        0x8 build/usbh_conf.o
                0x08000b46                USBH_Delay
 .text.USBH_Get_USB_Status
                0x08000b4e       0x16 build/usbh_conf.o
                0x08000b4e                USBH_Get_USB_Status
 .text.USBH_LL_Start
                0x08000b64       0x10 build/usbh_conf.o
                0x08000b64                USBH_LL_Start
 .text.USBH_LL_Stop
                0x08000b74       0x10 build/usbh_conf.o
                0x08000b74                USBH_LL_Stop
 .text.USBH_LL_ResetPort
                0x08000b84       0x10 build/usbh_conf.o
                0x08000b84                USBH_LL_ResetPort
 .text.USBH_LL_OpenPipe
                0x08000b94       0x2c build/usbh_conf.o
                0x08000b94                USBH_LL_OpenPipe
 .text.USBH_LL_SubmitURB
                0x08000bc0       0x30 build/usbh_conf.o
                0x08000bc0                USBH_LL_SubmitURB
 .text.MX_DriverVbusFS
                0x08000bf0       0x18 build/usbh_platform.o
                0x08000bf0                MX_DriverVbusFS
 .text.NMI_Handler
                0x08000c08        0x2 build/stm32f4xx_it.o
                0x08000c08                NMI_Handler
 .text.HardFault_Handler
                0x08000c0a        0x2 build/stm32f4xx_it.o
                0x08000c0a                HardFault_Handler
 .text.MemManage_Handler
                0x08000c0c        0x2 build/stm32f4xx_it.o
                0x08000c0c                MemManage_Handler
 .text.BusFault_Handler
                0x08000c0e        0x2 build/stm32f4xx_it.o
                0x08000c0e                BusFault_Handler
 .text.UsageFault_Handler
                0x08000c10        0x2 build/stm32f4xx_it.o
                0x08000c10                UsageFault_Handler
 .text.SVC_Handler
                0x08000c12        0x2 build/stm32f4xx_it.o
                0x08000c12                SVC_Handler
 .text.DebugMon_Handler
                0x08000c14        0x2 build/stm32f4xx_it.o
                0x08000c14                DebugMon_Handler
 .text.PendSV_Handler
                0x08000c16        0x2 build/stm32f4xx_it.o
                0x08000c16                PendSV_Handler
 .text.SysTick_Handler
                0x08000c18        0x8 build/stm32f4xx_it.o
                0x08000c18                SysTick_Handler
 .text.CAN1_RX0_IRQHandler
                0x08000c20       0x10 build/stm32f4xx_it.o
                0x08000c20                CAN1_RX0_IRQHandler
 .text.OTG_FS_IRQHandler
                0x08000c30       0x10 build/stm32f4xx_it.o
                0x08000c30                OTG_FS_IRQHandler
 .text.HAL_MspInit
                0x08000c40       0x40 build/stm32f4xx_hal_msp.o
                0x08000c40                HAL_MspInit
 .text.HAL_CAN_MspInit
                0x08000c80       0x7c build/stm32f4xx_hal_msp.o
                0x08000c80                HAL_CAN_MspInit
 .text.HAL_I2C_MspInit
                0x08000cfc       0x70 build/stm32f4xx_hal_msp.o
                0x08000cfc                HAL_I2C_MspInit
 .text.HAL_I2S_MspInit
                0x08000d6c       0xc4 build/stm32f4xx_hal_msp.o
                0x08000d6c                HAL_I2S_MspInit
 .text.HAL_SPI_MspInit
                0x08000e30       0x68 build/stm32f4xx_hal_msp.o
                0x08000e30                HAL_SPI_MspInit
 .text.HCD_RXQLVL_IRQHandler
                0x08000e98       0xb8 build/stm32f4xx_hal_hcd.o
 .text.HAL_HCD_Init
                0x08000f50       0x90 build/stm32f4xx_hal_hcd.o
                0x08000f50                HAL_HCD_Init
 .text.HAL_HCD_HC_SubmitRequest
                0x08000fe0      0x1e4 build/stm32f4xx_hal_hcd.o
                0x08000fe0                HAL_HCD_HC_SubmitRequest
 .text.HCD_Port_IRQHandler
                0x080011c4       0xb0 build/stm32f4xx_hal_hcd.o
 .text.HCD_HC_IN_IRQHandler
                0x08001274      0x5b2 build/stm32f4xx_hal_hcd.o
 .text.HCD_HC_OUT_IRQHandler
                0x08001826      0x480 build/stm32f4xx_hal_hcd.o
 .text.HAL_HCD_IRQHandler
                0x08001ca6      0x162 build/stm32f4xx_hal_hcd.o
                0x08001ca6                HAL_HCD_IRQHandler
 .text.HAL_HCD_Start
                0x08001e08       0x2a build/stm32f4xx_hal_hcd.o
                0x08001e08                HAL_HCD_Start
 .text.HAL_HCD_Stop
                0x08001e32       0x24 build/stm32f4xx_hal_hcd.o
                0x08001e32                HAL_HCD_Stop
 .text.HAL_HCD_ResetPort
                0x08001e56        0xa build/stm32f4xx_hal_hcd.o
                0x08001e56                HAL_HCD_ResetPort
 .text.HAL_HCD_HC_GetURBState
                0x08001e60        0xe build/stm32f4xx_hal_hcd.o
                0x08001e60                HAL_HCD_HC_GetURBState
 .text.HAL_HCD_HC_GetXferCount
                0x08001e6e        0xc build/stm32f4xx_hal_hcd.o
                0x08001e6e                HAL_HCD_HC_GetXferCount
 .text.HAL_HCD_GetCurrentFrame
                0x08001e7a        0xa build/stm32f4xx_hal_hcd.o
                0x08001e7a                HAL_HCD_GetCurrentFrame
 .text.HAL_HCD_GetCurrentSpeed
                0x08001e84        0xa build/stm32f4xx_hal_hcd.o
                0x08001e84                HAL_HCD_GetCurrentSpeed
 .text.HAL_HCD_HC_ClearHubInfo
                0x08001e8e       0x18 build/stm32f4xx_hal_hcd.o
                0x08001e8e                HAL_HCD_HC_ClearHubInfo
 .text.HAL_HCD_HC_Init
                0x08001ea6       0xcc build/stm32f4xx_hal_hcd.o
                0x08001ea6                HAL_HCD_HC_Init
 .text.USB_CoreReset
                0x08001f72       0x58 build/stm32f4xx_ll_usb.o
 .text.USB_CoreInit
                0x08001fca       0x92 build/stm32f4xx_ll_usb.o
                0x08001fca                USB_CoreInit
 .text.USB_EnableGlobalInt
                0x0800205c        0xc build/stm32f4xx_ll_usb.o
                0x0800205c                USB_EnableGlobalInt
 .text.USB_DisableGlobalInt
                0x08002068        0xc build/stm32f4xx_ll_usb.o
                0x08002068                USB_DisableGlobalInt
 .text.USB_FlushTxFifo
                0x08002074       0x4a build/stm32f4xx_ll_usb.o
                0x08002074                USB_FlushTxFifo
 .text.USB_FlushRxFifo
                0x080020be       0x46 build/stm32f4xx_ll_usb.o
                0x080020be                USB_FlushRxFifo
 .text.USB_WritePacket
                0x08002104       0x2e build/stm32f4xx_ll_usb.o
                0x08002104                USB_WritePacket
 .text.USB_ReadPacket
                0x08002132       0x46 build/stm32f4xx_ll_usb.o
                0x08002132                USB_ReadPacket
 .text.USB_ReadInterrupts
                0x08002178        0x8 build/stm32f4xx_ll_usb.o
                0x08002178                USB_ReadInterrupts
 .text.USB_ReadChInterrupts
                0x08002180       0x12 build/stm32f4xx_ll_usb.o
                0x08002180                USB_ReadChInterrupts
 .text.USB_GetMode
                0x08002192        0x8 build/stm32f4xx_ll_usb.o
                0x08002192                USB_GetMode
 .text.USB_SetCurrentMode
                0x0800219a       0x62 build/stm32f4xx_ll_usb.o
                0x0800219a                USB_SetCurrentMode
 .text.USB_HostInit
                0x080021fc      0x104 build/stm32f4xx_ll_usb.o
                0x080021fc                USB_HostInit
 .text.USB_InitFSLSPClkSel
                0x08002300       0x42 build/stm32f4xx_ll_usb.o
                0x08002300                USB_InitFSLSPClkSel
 .text.USB_ResetPort
                0x08002342       0x3e build/stm32f4xx_ll_usb.o
                0x08002342                USB_ResetPort
 .text.USB_DriveVbus
                0x08002380       0x46 build/stm32f4xx_ll_usb.o
                0x08002380                USB_DriveVbus
 .text.USB_GetHostSpeed
                0x080023c6       0x16 build/stm32f4xx_ll_usb.o
                0x080023c6                USB_GetHostSpeed
 .text.USB_GetCurrentFrame
                0x080023dc        0xa build/stm32f4xx_ll_usb.o
                0x080023dc                USB_GetCurrentFrame
 *fill*         0x080023e6        0x2 
 .text.USB_HC_Init
                0x080023e8      0x14c build/stm32f4xx_ll_usb.o
                0x080023e8                USB_HC_Init
 .text.USB_HC_ReadInterrupt
                0x08002534        0xa build/stm32f4xx_ll_usb.o
                0x08002534                USB_HC_ReadInterrupt
 .text.USB_HC_Halt
                0x0800253e      0x102 build/stm32f4xx_ll_usb.o
                0x0800253e                USB_HC_Halt
 .text.USB_DoPing
                0x08002640       0x24 build/stm32f4xx_ll_usb.o
                0x08002640                USB_DoPing
 .text.USB_HC_StartXfer
                0x08002664      0x294 build/stm32f4xx_ll_usb.o
                0x08002664                USB_HC_StartXfer
 .text.USB_StopHost
                0x080028f8       0x96 build/stm32f4xx_ll_usb.o
                0x080028f8                USB_StopHost
 *fill*         0x0800298e        0x2 
 .text.HAL_RCC_OscConfig
                0x08002990      0x3fc build/stm32f4xx_hal_rcc.o
                0x08002990                HAL_RCC_OscConfig
 .text.HAL_RCC_GetSysClockFreq
                0x08002d8c       0xdc build/stm32f4xx_hal_rcc.o
                0x08002d8c                HAL_RCC_GetSysClockFreq
 .text.HAL_RCC_ClockConfig
                0x08002e68      0x160 build/stm32f4xx_hal_rcc.o
                0x08002e68                HAL_RCC_ClockConfig
 .text.HAL_RCC_GetHCLKFreq
                0x08002fc8        0xc build/stm32f4xx_hal_rcc.o
                0x08002fc8                HAL_RCC_GetHCLKFreq
 .text.HAL_RCC_GetPCLK1Freq
                0x08002fd4       0x20 build/stm32f4xx_hal_rcc.o
                0x08002fd4                HAL_RCC_GetPCLK1Freq
 .text.HAL_RCCEx_PeriphCLKConfig
                0x08002ff4      0x15c build/stm32f4xx_hal_rcc_ex.o
                0x08002ff4                HAL_RCCEx_PeriphCLKConfig
 .text.HAL_RCCEx_GetPeriphCLKFreq
                0x08003150       0x70 build/stm32f4xx_hal_rcc_ex.o
                0x08003150                HAL_RCCEx_GetPeriphCLKFreq
 .text.HAL_GPIO_Init
                0x080031c0      0x208 build/stm32f4xx_hal_gpio.o
                0x080031c0                HAL_GPIO_Init
 .text.HAL_GPIO_WritePin
                0x080033c8        0xc build/stm32f4xx_hal_gpio.o
                0x080033c8                HAL_GPIO_WritePin
 .text.__NVIC_EnableIRQ
                0x080033d4       0x1c build/stm32f4xx_hal_cortex.o
 .text.__NVIC_SetPriority
                0x080033f0       0x28 build/stm32f4xx_hal_cortex.o
 .text.NVIC_EncodePriority
                0x08003418       0x46 build/stm32f4xx_hal_cortex.o
 *fill*         0x0800345e        0x2 
 .text.HAL_NVIC_SetPriorityGrouping
                0x08003460       0x24 build/stm32f4xx_hal_cortex.o
                0x08003460                HAL_NVIC_SetPriorityGrouping
 .text.HAL_NVIC_SetPriority
                0x08003484       0x20 build/stm32f4xx_hal_cortex.o
                0x08003484                HAL_NVIC_SetPriority
 .text.HAL_NVIC_EnableIRQ
                0x080034a4        0x8 build/stm32f4xx_hal_cortex.o
                0x080034a4                HAL_NVIC_EnableIRQ
 .text.HAL_SYSTICK_Config
                0x080034ac       0x28 build/stm32f4xx_hal_cortex.o
                0x080034ac                HAL_SYSTICK_Config
 .text.HAL_InitTick
                0x080034d4       0x4c build/stm32f4xx_hal.o
                0x080034d4                HAL_InitTick
 .text.HAL_Init
                0x08003520       0x34 build/stm32f4xx_hal.o
                0x08003520                HAL_Init
 .text.HAL_IncTick
                0x08003554       0x18 build/stm32f4xx_hal.o
                0x08003554                HAL_IncTick
 .text.HAL_GetTick
                0x0800356c        0xc build/stm32f4xx_hal.o
                0x0800356c                HAL_GetTick
 .text.HAL_Delay
                0x08003578       0x28 build/stm32f4xx_hal.o
                0x08003578                HAL_Delay
 .text.HAL_CAN_Init
                0x080035a0      0x14c build/stm32f4xx_hal_can.o
                0x080035a0                HAL_CAN_Init
 .text.HAL_CAN_ConfigFilter
                0x080036ec      0x13c build/stm32f4xx_hal_can.o
                0x080036ec                HAL_CAN_ConfigFilter
 .text.HAL_CAN_Start
                0x08003828       0x5c build/stm32f4xx_hal_can.o
                0x08003828                HAL_CAN_Start
 .text.HAL_CAN_ActivateNotification
                0x08003884       0x24 build/stm32f4xx_hal_can.o
                0x08003884                HAL_CAN_ActivateNotification
 .text.HAL_CAN_TxMailbox0CompleteCallback
                0x080038a8        0x2 build/stm32f4xx_hal_can.o
                0x080038a8                HAL_CAN_TxMailbox0CompleteCallback
 .text.HAL_CAN_TxMailbox1CompleteCallback
                0x080038aa        0x2 build/stm32f4xx_hal_can.o
                0x080038aa                HAL_CAN_TxMailbox1CompleteCallback
 .text.HAL_CAN_TxMailbox2CompleteCallback
                0x080038ac        0x2 build/stm32f4xx_hal_can.o
                0x080038ac                HAL_CAN_TxMailbox2CompleteCallback
 .text.HAL_CAN_TxMailbox0AbortCallback
                0x080038ae        0x2 build/stm32f4xx_hal_can.o
                0x080038ae                HAL_CAN_TxMailbox0AbortCallback
 .text.HAL_CAN_TxMailbox1AbortCallback
                0x080038b0        0x2 build/stm32f4xx_hal_can.o
                0x080038b0                HAL_CAN_TxMailbox1AbortCallback
 .text.HAL_CAN_TxMailbox2AbortCallback
                0x080038b2        0x2 build/stm32f4xx_hal_can.o
                0x080038b2                HAL_CAN_TxMailbox2AbortCallback
 .text.HAL_CAN_RxFifo0MsgPendingCallback
                0x080038b4        0x2 build/stm32f4xx_hal_can.o
                0x080038b4                HAL_CAN_RxFifo0MsgPendingCallback
 .text.HAL_CAN_RxFifo0FullCallback
                0x080038b6        0x2 build/stm32f4xx_hal_can.o
                0x080038b6                HAL_CAN_RxFifo0FullCallback
 .text.HAL_CAN_RxFifo1MsgPendingCallback
                0x080038b8        0x2 build/stm32f4xx_hal_can.o
                0x080038b8                HAL_CAN_RxFifo1MsgPendingCallback
 .text.HAL_CAN_RxFifo1FullCallback
                0x080038ba        0x2 build/stm32f4xx_hal_can.o
                0x080038ba                HAL_CAN_RxFifo1FullCallback
 .text.HAL_CAN_SleepCallback
                0x080038bc        0x2 build/stm32f4xx_hal_can.o
                0x080038bc                HAL_CAN_SleepCallback
 .text.HAL_CAN_WakeUpFromRxMsgCallback
                0x080038be        0x2 build/stm32f4xx_hal_can.o
                0x080038be                HAL_CAN_WakeUpFromRxMsgCallback
 .text.HAL_CAN_ErrorCallback
                0x080038c0        0x2 build/stm32f4xx_hal_can.o
                0x080038c0                HAL_CAN_ErrorCallback
 .text.HAL_CAN_IRQHandler
                0x080038c2      0x244 build/stm32f4xx_hal_can.o
                0x080038c2                HAL_CAN_IRQHandler
 *fill*         0x08003b06        0x2 
 .text.HAL_I2C_Init
                0x08003b08      0x1d8 build/stm32f4xx_hal_i2c.o
                0x08003b08                HAL_I2C_Init
 .text.HAL_I2S_Init
                0x08003ce0      0x1a8 build/stm32f4xx_hal_i2s.o
                0x08003ce0                HAL_I2S_Init
 .text.HAL_I2S_TxCpltCallback
                0x08003e88        0x2 build/stm32f4xx_hal_i2s.o
                0x08003e88                HAL_I2S_TxCpltCallback
 .text.I2S_Transmit_IT
                0x08003e8a       0x38 build/stm32f4xx_hal_i2s.o
 .text.HAL_I2S_RxCpltCallback
                0x08003ec2        0x2 build/stm32f4xx_hal_i2s.o
                0x08003ec2                HAL_I2S_RxCpltCallback
 .text.I2S_Receive_IT
                0x08003ec4       0x38 build/stm32f4xx_hal_i2s.o
 .text.HAL_I2S_ErrorCallback
                0x08003efc        0x2 build/stm32f4xx_hal_i2s.o
                0x08003efc                HAL_I2S_ErrorCallback
 .text.I2S_IRQHandler
                0x08003efe       0xcc build/stm32f4xx_hal_i2s.o
 .text.HAL_I2SEx_TxRxCpltCallback
                0x08003fca        0x2 build/stm32f4xx_hal_i2s_ex.o
                0x08003fca                HAL_I2SEx_TxRxCpltCallback
 .text.I2SEx_TxISR_I2S
                0x08003fcc       0x3c build/stm32f4xx_hal_i2s_ex.o
 .text.I2SEx_RxISR_I2SExt
                0x08004008       0x64 build/stm32f4xx_hal_i2s_ex.o
 .text.I2SEx_TxISR_I2SExt
                0x0800406c       0x64 build/stm32f4xx_hal_i2s_ex.o
 .text.I2SEx_RxISR_I2S
                0x080040d0       0x3c build/stm32f4xx_hal_i2s_ex.o
 .text.HAL_I2SEx_FullDuplex_IRQHandler
                0x0800410c      0x1d8 build/stm32f4xx_hal_i2s_ex.o
                0x0800410c                HAL_I2SEx_FullDuplex_IRQHandler
 .text.HAL_SPI_Init
                0x080042e4       0xbe build/stm32f4xx_hal_spi.o
                0x080042e4                HAL_SPI_Init
 *fill*         0x080043a2        0x2 
 .text.SystemInit
                0x080043a4       0x14 build/system_stm32f4xx.o
                0x080043a4                SystemInit
 .text.USBH_HandleSof
                0x080043b8       0x18 build/usbh_core.o
 .text.DeInitStateMachine
                0x080043d0       0x94 build/usbh_core.o
 .text.USBH_HandleEnum
                0x08004464      0x298 build/usbh_core.o
 .text.USBH_Init
                0x080046fc       0x3e build/usbh_core.o
                0x080046fc                USBH_Init
 .text.USBH_RegisterClass
                0x0800473a       0x22 build/usbh_core.o
                0x0800473a                USBH_RegisterClass
 .text.USBH_SelectInterface
                0x0800475c       0x14 build/usbh_core.o
                0x0800475c                USBH_SelectInterface
 .text.USBH_FindInterface
                0x08004770       0x54 build/usbh_core.o
                0x08004770                USBH_FindInterface
 .text.USBH_Start
                0x080047c4       0x14 build/usbh_core.o
                0x080047c4                USBH_Start
 .text.USBH_Process
                0x080047d8      0x2a6 build/usbh_core.o
                0x080047d8                USBH_Process
 .text.USBH_LL_SetTimer
                0x08004a7e        0x6 build/usbh_core.o
                0x08004a7e                USBH_LL_SetTimer
 .text.USBH_LL_IncTimer
                0x08004a84       0x12 build/usbh_core.o
                0x08004a84                USBH_LL_IncTimer
 .text.USBH_LL_PortEnabled
                0x08004a96        0x8 build/usbh_core.o
                0x08004a96                USBH_LL_PortEnabled
 .text.USBH_LL_PortDisabled
                0x08004a9e        0xe build/usbh_core.o
                0x08004a9e                USBH_LL_PortDisabled
 .text.USBH_LL_Connect
                0x08004aac       0x14 build/usbh_core.o
                0x08004aac                USBH_LL_Connect
 .text.USBH_LL_Disconnect
                0x08004ac0       0x2c build/usbh_core.o
                0x08004ac0                USBH_LL_Disconnect
 .text.USBH_ParseDevDesc
                0x08004aec       0xec build/usbh_ctlreq.o
 .text.USBH_ParseInterfaceDesc
                0x08004bd8       0x26 build/usbh_ctlreq.o
 .text.USBH_ParseEPDesc
                0x08004bfe       0xe6 build/usbh_ctlreq.o
 .text.USBH_ParseStringDesc
                0x08004ce4       0x32 build/usbh_ctlreq.o
 .text.USBH_HandleControl
                0x08004d16      0x20e build/usbh_ctlreq.o
 .text.USBH_GetNextDesc
                0x08004f24        0xe build/usbh_ctlreq.o
                0x08004f24                USBH_GetNextDesc
 .text.USBH_ParseCfgDesc
                0x08004f32      0x182 build/usbh_ctlreq.o
 .text.USBH_CtlReq
                0x080050b4       0x40 build/usbh_ctlreq.o
                0x080050b4                USBH_CtlReq
 .text.USBH_GetDescriptor
                0x080050f4       0x42 build/usbh_ctlreq.o
                0x080050f4                USBH_GetDescriptor
 .text.USBH_Get_DevDesc
                0x08005136       0x36 build/usbh_ctlreq.o
                0x08005136                USBH_Get_DevDesc
 .text.USBH_Get_CfgDesc
                0x0800516c       0x36 build/usbh_ctlreq.o
                0x0800516c                USBH_Get_CfgDesc
 .text.USBH_Get_StringDesc
                0x080051a2       0x46 build/usbh_ctlreq.o
                0x080051a2                USBH_Get_StringDesc
 .text.USBH_SetAddress
                0x080051e8       0x22 build/usbh_ctlreq.o
                0x080051e8                USBH_SetAddress
 .text.USBH_SetCfg
                0x0800520a       0x22 build/usbh_ctlreq.o
                0x0800520a                USBH_SetCfg
 .text.USBH_SetFeature
                0x0800522c       0x22 build/usbh_ctlreq.o
                0x0800522c                USBH_SetFeature
 .text.USBH_ClrFeature
                0x0800524e       0x24 build/usbh_ctlreq.o
                0x0800524e                USBH_ClrFeature
 .text.USBH_CtlSendSetup
                0x08005272       0x22 build/usbh_ioreq.o
                0x08005272                USBH_CtlSendSetup
 .text.USBH_CtlSendData
                0x08005294       0x32 build/usbh_ioreq.o
                0x08005294                USBH_CtlSendData
 .text.USBH_CtlReceiveData
                0x080052c6       0x22 build/usbh_ioreq.o
                0x080052c6                USBH_CtlReceiveData
 .text.USBH_BulkSendData
                0x080052e8       0x32 build/usbh_ioreq.o
                0x080052e8                USBH_BulkSendData
 .text.USBH_BulkReceiveData
                0x0800531a       0x22 build/usbh_ioreq.o
                0x0800531a                USBH_BulkReceiveData
 .text.USBH_GetFreePipe
                0x0800533c       0x26 build/usbh_pipes.o
 .text.USBH_OpenPipe
                0x08005362       0x26 build/usbh_pipes.o
                0x08005362                USBH_OpenPipe
 .text.USBH_ClosePipe
                0x08005388        0xa build/usbh_pipes.o
                0x08005388                USBH_ClosePipe
 .text.USBH_AllocPipe
                0x08005392       0x26 build/usbh_pipes.o
                0x08005392                USBH_AllocPipe
 .text.USBH_FreePipe
                0x080053b8       0x16 build/usbh_pipes.o
                0x080053b8                USBH_FreePipe
 .text.USBH_CDC_SOFProcess
                0x080053ce        0x4 build/usbh_cdc.o
 .text.SetLineCoding
                0x080053d2       0x1a build/usbh_cdc.o
 .text.GetLineCoding
                0x080053ec       0x1a build/usbh_cdc.o
 .text.USBH_CDC_ClassRequest
                0x08005406       0x22 build/usbh_cdc.o
 .text.USBH_CDC_InterfaceDeInit
                0x08005428       0x68 build/usbh_cdc.o
 .text.USBH_CDC_InterfaceInit
                0x08005490      0x18e build/usbh_cdc.o
 .text.USBH_CDC_TransmitCallback
                0x0800561e        0x2 build/usbh_cdc.o
                0x0800561e                USBH_CDC_TransmitCallback
 .text.CDC_ProcessTransmission
                0x08005620       0x90 build/usbh_cdc.o
 .text.USBH_CDC_ReceiveCallback
                0x080056b0        0x2 build/usbh_cdc.o
                0x080056b0                USBH_CDC_ReceiveCallback
 .text.CDC_ProcessReception
                0x080056b2       0x66 build/usbh_cdc.o
 .text.USBH_CDC_LineCodingChanged
                0x08005718        0x2 build/usbh_cdc.o
                0x08005718                USBH_CDC_LineCodingChanged
 .text.USBH_CDC_Process
                0x0800571a       0xd2 build/usbh_cdc.o
 .text._sbrk    0x080057ec       0x4c build/sysmem.o
                0x080057ec                _sbrk
 .text.Reset_Handler
                0x08005838       0x50 build/startup_stm32f407xx.o
                0x08005838                Reset_Handler
 .text.Default_Handler
                0x08005888        0x2 build/startup_stm32f407xx.o
                0x08005888                RTC_Alarm_IRQHandler
                0x08005888                HASH_RNG_IRQHandler
                0x08005888                EXTI2_IRQHandler
                0x08005888                TIM8_CC_IRQHandler
                0x08005888                TIM1_CC_IRQHandler
                0x08005888                DMA2_Stream5_IRQHandler
                0x08005888                DMA1_Stream5_IRQHandler
                0x08005888                PVD_IRQHandler
                0x08005888                SDIO_IRQHandler
                0x08005888                TAMP_STAMP_IRQHandler
                0x08005888                CAN2_RX1_IRQHandler
                0x08005888                EXTI3_IRQHandler
                0x08005888                TIM8_TRG_COM_TIM14_IRQHandler
                0x08005888                TIM1_UP_TIM10_IRQHandler
                0x08005888                TIM8_UP_TIM13_IRQHandler
                0x08005888                I2C3_ER_IRQHandler
                0x08005888                EXTI0_IRQHandler
                0x08005888                I2C2_EV_IRQHandler
                0x08005888                DMA1_Stream2_IRQHandler
                0x08005888                FPU_IRQHandler
                0x08005888                OTG_HS_WKUP_IRQHandler
                0x08005888                CAN2_SCE_IRQHandler
                0x08005888                DMA2_Stream2_IRQHandler
                0x08005888                SPI1_IRQHandler
                0x08005888                TIM6_DAC_IRQHandler
                0x08005888                TIM1_BRK_TIM9_IRQHandler
                0x08005888                DCMI_IRQHandler
                0x08005888                CAN2_RX0_IRQHandler
                0x08005888                DMA2_Stream3_IRQHandler
                0x08005888                USART6_IRQHandler
                0x08005888                USART3_IRQHandler
                0x08005888                CAN1_RX1_IRQHandler
                0x08005888                UART5_IRQHandler
                0x08005888                DMA2_Stream0_IRQHandler
                0x08005888                TIM4_IRQHandler
                0x08005888                I2C1_EV_IRQHandler
                0x08005888                DMA1_Stream6_IRQHandler
                0x08005888                DMA1_Stream1_IRQHandler
                0x08005888                UART4_IRQHandler
                0x08005888                TIM3_IRQHandler
                0x08005888                RCC_IRQHandler
                0x08005888                TIM8_BRK_TIM12_IRQHandler
                0x08005888                Default_Handler
                0x08005888                EXTI15_10_IRQHandler
                0x08005888                ADC_IRQHandler
                0x08005888                DMA1_Stream7_IRQHandler
                0x08005888                TIM7_IRQHandler
                0x08005888                CAN2_TX_IRQHandler
                0x08005888                TIM5_IRQHandler
                0x08005888                DMA2_Stream7_IRQHandler
                0x08005888                I2C3_EV_IRQHandler
                0x08005888                EXTI9_5_IRQHandler
                0x08005888                RTC_WKUP_IRQHandler
                0x08005888                ETH_WKUP_IRQHandler
                0x08005888                SPI2_IRQHandler
                0x08005888                OTG_HS_EP1_IN_IRQHandler
                0x08005888                DMA1_Stream0_IRQHandler
                0x08005888                CAN1_TX_IRQHandler
                0x08005888                EXTI4_IRQHandler
                0x08005888                FSMC_IRQHandler
                0x08005888                ETH_IRQHandler
                0x08005888                OTG_HS_EP1_OUT_IRQHandler
                0x08005888                WWDG_IRQHandler
                0x08005888                TIM2_IRQHandler
                0x08005888                OTG_FS_WKUP_IRQHandler
                0x08005888                TIM1_TRG_COM_TIM11_IRQHandler
                0x08005888                OTG_HS_IRQHandler
                0x08005888                EXTI1_IRQHandler
                0x08005888                USART2_IRQHandler
                0x08005888                I2C2_ER_IRQHandler
                0x08005888                DMA2_Stream1_IRQHandler
                0x08005888                CAN1_SCE_IRQHandler
                0x08005888                FLASH_IRQHandler
                0x08005888                DMA2_Stream4_IRQHandler
                0x08005888                USART1_IRQHandler
                0x08005888                SPI3_IRQHandler
                0x08005888                DMA1_Stream4_IRQHandler
                0x08005888                I2C1_ER_IRQHandler
                0x08005888                DMA2_Stream6_IRQHandler
                0x08005888                DMA1_Stream3_IRQHandler
 *fill*         0x0800588a        0x2 
 .text.malloc   0x0800588c       0x10 /usr/lib/gcc/arm-none-eabi/15.2.0/../../../../arm-none-eabi/lib/thumb/v7e-m+fp/hard/libc_nano.a(libc_a-malloc.o)
                0x0800588c                malloc
 .text.free     0x0800589c       0x10 /usr/lib/gcc/arm-none-eabi/15.2.0/../../../../arm-none-eabi/lib/thumb/v7e-m+fp/hard/libc_nano.a(libc_a-malloc.o)
                0x0800589c                free
 .text.sbrk_aligned
                0x080058ac       0x44 /usr/lib/gcc/arm-none-eabi/15.2.0/../../../../arm-none-eabi/lib/thumb/v7e-m+fp/hard/libc_nano.a(libc_a-mallocr.o)
 .text._malloc_r
                0x080058f0       0xf8 /usr/lib/gcc/arm-none-eabi/15.2.0/../../../../arm-none-eabi/lib/thumb/v7e-m+fp/hard/libc_nano.a(libc_a-mallocr.o)
                0x080058f0                _malloc_r
 .text.__malloc_lock
                0x080059e8        0xc /usr/lib/gcc/arm-none-eabi/15.2.0/../../../../arm-none-eabi/lib/thumb/v7e-m+fp/hard/libc_nano.a(libc_a-mlock.o)
                0x080059e8                __malloc_lock
 .text.__malloc_unlock
                0x080059f4        0xc /usr/lib/gcc/arm-none-eabi/15.2.0/../../../../arm-none-eabi/lib/thumb/v7e-m+fp/hard/libc_nano.a(libc_a-mlock.o)
                0x080059f4                __malloc_unlock
 .text.memset   0x08005a00       0x10 /usr/lib/gcc/arm-none-eabi/15.2.0/../../../../arm-none-eabi/lib/thumb/v7e-m+fp/hard/libc_nano.a(libc_a-memset.o)
                0x08005a00                memset
 .text._sbrk_r  0x08005a10       0x20 /usr/lib/gcc/arm-none-eabi/15.2.0/../../../../arm-none-eabi/lib/thumb/v7e-m+fp/hard/libc_nano.a(libc_a-sbrkr.o)
                0x08005a10                _sbrk_r
 .text.__errno  0x08005a30        0xc /usr/lib/gcc/arm-none-eabi/15.2.0/../../../../arm-none-eabi/lib/thumb/v7e-m+fp/hard/libc_nano.a(libc_a-errno.o)
                0x08005a30                __errno
 .text.__libc_init_array
                0x08005a3c       0x48 /usr/lib/gcc/arm-none-eabi/15.2.0/../../../../arm-none-eabi/lib/thumb/v7e-m+fp/hard/libc_nano.a(libc_a-init.o)
                0x08005a3c                __libc_init_array
 .text.__retarget_lock_acquire_recursive
                0x08005a84        0x2 /usr/lib/gcc/arm-none-eabi/15.2.0/../../../../arm-none-eabi/lib/thumb/v7e-m+fp/hard/libc_nano.a(libc_a-lock.o)
                0x08005a84                __retarget_lock_acquire_recursive
 .text.__retarget_lock_release_recursive
                0x08005a86        0x2 /usr/lib/gcc/arm-none-eabi/15.2.0/../../../../arm-none-eabi/lib/thumb/v7e-m+fp/hard/libc_nano.a(libc_a-lock.o)
                0x08005a86                __retarget_lock_release_recursive
 .text._free_r  0x08005a88       0x98 /usr/lib/gcc/arm-none-eabi/15.2.0/../../../../arm-none-eabi/lib/thumb/v7e-m+fp/hard/libc_nano.a(libc_a-freer.o)
                0x08005a88                _free_r
 *(.glue_7)
 .glue_7        0x08005b20        0x0 linker stubs
 *(.glue_7t)
 .glue_7t       0x08005b20        0x0 linker stubs
 *(.eh_frame)
 .eh_frame      0x08005b20        0x0 /usr/lib/gcc/arm-none-eabi/15.2.0/thumb/v7e-m+fp/hard/crtbegin.o
 *(.init)
 .init          0x08005b20        0x4 /usr/lib/gcc/arm-none-eabi/15.2.0/thumb/v7e-m+fp/hard/crti.o
                0x08005b20                _init
 .init          0x08005b24        0x8 /usr/lib/gcc/arm-none-eabi/15.2.0/thumb/v7e-m+fp/hard/crtn.o
 *(.fini)
 .fini          0x08005b2c        0x4 /usr/lib/gcc/arm-none-eabi/15.2.0/thumb/v7e-m+fp/hard/crti.o
                0x08005b2c                _fini
 .fini          0x08005b30        0x8 /usr/lib/gcc/arm-none-eabi/15.2.0/thumb/v7e-m+fp/hard/crtn.o
                0x08005b38                        . = ALIGN (0x4)
                0x08005b38                        _etext = .

.vfp11_veneer   0x08005b38        0x0
 .vfp11_veneer  0x08005b38        0x0 linker stubs

.v4_bx          0x08005b38        0x0
 .v4_bx         0x08005b38        0x0 linker stubs

.iplt           0x08005b38        0x0
 .iplt          0x08005b38        0x0 /usr/lib/gcc/arm-none-eabi/15.2.0/thumb/v7e-m+fp/hard/crtbegin.o

.rodata         0x08005b38       0x1c
                0x08005b38                        . = ALIGN (0x4)
 *(.rodata)
 *(.rodata*)
 .rodata.APBPrescTable
                0x08005b38        0x8 build/system_stm32f4xx.o
                0x08005b38                APBPrescTable
 .rodata.AHBPrescTable
                0x08005b40       0x10 build/system_stm32f4xx.o
                0x08005b40                AHBPrescTable
 .rodata.str1.4
                0x08005b50        0x4 build/usbh_cdc.o
                0x08005b54                        . = ALIGN (0x4)

.ARM.extab      0x08005b54        0x0
                0x08005b54                        . = ALIGN (0x4)
 *(.ARM.extab* .gnu.linkonce.armextab.*)
                0x08005b54                        . = ALIGN (0x4)

.ARM            0x08005b54        0x8
                0x08005b54                        . = ALIGN (0x4)
                0x08005b54                        __exidx_start = .
 *(.ARM.exidx*)
 .ARM.exidx     0x08005b54        0x8 /usr/lib/gcc/arm-none-eabi/15.2.0/thumb/v7e-m+fp/hard/libgcc.a(_udivmoddi4.o)
                0x08005b5c                        __exidx_end = .
                0x08005b5c                        . = ALIGN (0x4)

.preinit_array  0x08005b5c        0x0
                0x08005b5c                        . = ALIGN (0x4)
                0x08005b5c                        PROVIDE (__preinit_array_start = .)
 *(.preinit_array*)
                0x08005b5c                        PROVIDE (__preinit_array_end = .)
                0x08005b5c                        . = ALIGN (0x4)

.init_array     0x08005b5c        0x4
                0x08005b5c                        . = ALIGN (0x4)
                0x08005b5c                        PROVIDE (__init_array_start = .)
 *(SORT_BY_NAME(.init_array.*))
 *(.init_array*)
 .init_array    0x08005b5c        0x4 /usr/lib/gcc/arm-none-eabi/15.2.0/thumb/v7e-m+fp/hard/crtbegin.o
                0x08005b60                        PROVIDE (__init_array_end = .)
                0x08005b60                        . = ALIGN (0x4)

.fini_array     0x08005b60        0x4
                0x08005b60                        . = ALIGN (0x4)
                0x08005b60                        PROVIDE (__fini_array_start = .)
 *(SORT_BY_NAME(.fini_array.*))
 *(.fini_array*)
 .fini_array    0x08005b60        0x4 /usr/lib/gcc/arm-none-eabi/15.2.0/thumb/v7e-m+fp/hard/crtbegin.o
                0x08005b64                        PROVIDE (__fini_array_end = .)
                0x08005b64                        . = ALIGN (0x4)
                0x08005b64                        _sidata = LOADADDR (.data)

.rel.dyn        0x08005b64        0x0
 .rel.iplt      0x08005b64        0x0 /usr/lib/gcc/arm-none-eabi/15.2.0/thumb/v7e-m+fp/hard/crtbegin.o

.data           0x20000000       0x7c load address 0x08005b64
                0x20000000                        . = ALIGN (0x4)
                0x20000000                        _sdata = .
 *(.data)
 *(.data*)
 .data.uwTickFreq
                0x20000000        0x1 build/stm32f4xx_hal.o
                0x20000000                uwTickFreq
 *fill*         0x20000001        0x3 
 .data.uwTickPrio
                0x20000004        0x4 build/stm32f4xx_hal.o
                0x20000004                uwTickPrio
 .data.SystemCoreClock
                0x20000008        0x4 build/system_stm32f4xx.o
                0x20000008                SystemCoreClock
 .data.CDC_Class
                0x2000000c       0x20 build/usbh_cdc.o
                0x2000000c                CDC_Class
 .data._impure_ptr
                0x2000002c        0x4 /usr/lib/gcc/arm-none-eabi/15.2.0/../../../../arm-none-eabi/lib/thumb/v7e-m+fp/hard/libc_nano.a(libc_a-impure.o)
                0x2000002c                _impure_ptr
 .data._impure_data
                0x20000030       0x4c /usr/lib/gcc/arm-none-eabi/15.2.0/../../../../arm-none-eabi/lib/thumb/v7e-m+fp/hard/libc_nano.a(libc_a-impure.o)
                0x20000030                _impure_data
 *(.RamFunc)
 *(.RamFunc*)
                0x2000007c                        . = ALIGN (0x4)
                0x2000007c                        _edata = .
                0x08005be0                        _siccmram = LOADADDR (.ccmram)

.tm_clone_table
                0x2000007c        0x0 load address 0x08005be0
 .tm_clone_table
                0x2000007c        0x0 /usr/lib/gcc/arm-none-eabi/15.2.0/thumb/v7e-m+fp/hard/crtbegin.o
 .tm_clone_table
                0x2000007c        0x0 /usr/lib/gcc/arm-none-eabi/15.2.0/thumb/v7e-m+fp/hard/crtend.o

.igot.plt       0x2000007c        0x0 load address 0x08005be0
 .igot.plt      0x2000007c        0x0 /usr/lib/gcc/arm-none-eabi/15.2.0/thumb/v7e-m+fp/hard/crtbegin.o

.ccmram         0x10000000        0x0 load address 0x08005be0
                0x10000000                        . = ALIGN (0x4)
                0x10000000                        _sccmram = .
 *(.ccmram)
 *(.ccmram*)
                0x10000000                        . = ALIGN (0x4)
                0x10000000                        _eccmram = .
                0x10000000                        . = ALIGN (0x4)

.bss            0x2000007c      0xa5c
                0x2000007c                        _sbss = .
                0x2000007c                        __bss_start__ = _sbss
 *(.bss)
 .bss           0x2000007c       0x1c /usr/lib/gcc/arm-none-eabi/15.2.0/thumb/v7e-m+fp/hard/crtbegin.o
 *(.bss*)
 .bss.TxHeader  0x20000098       0x18 build/main.o
                0x20000098                TxHeader
 .bss.hspi1     0x200000b0       0x58 build/main.o
                0x200000b0                hspi1
 .bss.hi2s3     0x20000108       0x48 build/main.o
                0x20000108                hi2s3
 .bss.hi2c1     0x20000150       0x54 build/main.o
                0x20000150                hi2c1
 .bss.hcan1     0x200001a4       0x28 build/main.o
                0x200001a4                hcan1
 .bss.Appli_state
                0x200001cc        0x1 build/usb_host.o
                0x200001cc                Appli_state
 *fill*         0x200001cd        0x3 
 .bss.hUsbHostFS
                0x200001d0      0x3d8 build/usb_host.o
                0x200001d0                hUsbHostFS
 .bss.hhcd_USB_OTG_FS
                0x200005a8      0x3e0 build/usbh_conf.o
                0x200005a8                hhcd_USB_OTG_FS
 .bss.uwTick    0x20000988        0x4 build/stm32f4xx_hal.o
                0x20000988                uwTick
 .bss.__sbrk_heap_end
                0x2000098c        0x4 build/sysmem.o
 .bss.__malloc_sbrk_start
                0x20000990        0x4 /usr/lib/gcc/arm-none-eabi/15.2.0/../../../../arm-none-eabi/lib/thumb/v7e-m+fp/hard/libc_nano.a(libc_a-mallocr.o)
                0x20000990                __malloc_sbrk_start
 .bss.__malloc_free_list
                0x20000994        0x4 /usr/lib/gcc/arm-none-eabi/15.2.0/../../../../arm-none-eabi/lib/thumb/v7e-m+fp/hard/libc_nano.a(libc_a-mallocr.o)
                0x20000994                __malloc_free_list
 .bss.__sf      0x20000998      0x138 /usr/lib/gcc/arm-none-eabi/15.2.0/../../../../arm-none-eabi/lib/thumb/v7e-m+fp/hard/libc_nano.a(libc_a-findfp.o)
                0x20000998                __sf
 .bss.errno     0x20000ad0        0x4 /usr/lib/gcc/arm-none-eabi/15.2.0/../../../../arm-none-eabi/lib/thumb/v7e-m+fp/hard/libc_nano.a(libc_a-reent.o)
                0x20000ad0                errno
 .bss.__lock___malloc_recursive_mutex
                0x20000ad4        0x1 /usr/lib/gcc/arm-none-eabi/15.2.0/../../../../arm-none-eabi/lib/thumb/v7e-m+fp/hard/libc_nano.a(libc_a-lock.o)
                0x20000ad4                __lock___malloc_recursive_mutex
 *(COMMON)
                0x20000ad8                        . = ALIGN (0x4)
 *fill*         0x20000ad5        0x3 
                0x20000ad8                        _ebss = .
                0x20000ad8                        __bss_end__ = _ebss

._user_heap_stack
                0x20000ad8      0x600
                0x20000ad8                        . = ALIGN (0x8)
                [!provide]                        PROVIDE (end = .)
                0x20000ad8                        PROVIDE (_end = .)
                0x20000cd8                        . = (. + _Min_Heap_Size)
 *fill*         0x20000ad8      0x200 
                0x200010d8                        . = (. + _Min_Stack_Size)
 *fill*         0x20000cd8      0x400 
                0x200010d8                        . = ALIGN (0x8)

/DISCARD/
 libc.a(*)
 libm.a(*)
 libgcc.a(*)
OUTPUT(build/can-f407-makefile.elf elf32-littlearm)
LOAD linker stubs
LOAD /usr/lib/gcc/arm-none-eabi/15.2.0/../../../../arm-none-eabi/lib/thumb/v7e-m+fp/hard/libc.a
LOAD /usr/lib/gcc/arm-none-eabi/15.2.0/../../../../arm-none-eabi/lib/thumb/v7e-m+fp/hard/libm.a
LOAD /usr/lib/gcc/arm-none-eabi/15.2.0/thumb/v7e-m+fp/hard/libgcc.a

.ARM.attributes
                0x00000000       0x30
 .ARM.attributes
                0x00000000       0x22 /usr/lib/gcc/arm-none-eabi/15.2.0/thumb/v7e-m+fp/hard/crti.o
 .ARM.attributes
                0x00000022       0x34 /usr/lib/gcc/arm-none-eabi/15.2.0/thumb/v7e-m+fp/hard/crtbegin.o
 .ARM.attributes
                0x00000056       0x34 build/main.o
 .ARM.attributes
                0x0000008a       0x34 build/init.o
 .ARM.attributes
                0x000000be       0x34 build/usb_host.o
 .ARM.attributes
                0x000000f2       0x34 build/usbh_conf.o
 .ARM.attributes
                0x00000126       0x34 build/usbh_platform.o
 .ARM.attributes
                0x0000015a       0x34 build/stm32f4xx_it.o
 .ARM.attributes
                0x0000018e       0x34 build/stm32f4xx_hal_msp.o
 .ARM.attributes
                0x000001c2       0x34 build/stm32f4xx_hal_hcd.o
 .ARM.attributes
                0x000001f6       0x34 build/stm32f4xx_ll_usb.o
 .ARM.attributes
                0x0000022a       0x34 build/stm32f4xx_hal_rcc.o
 .ARM.attributes
                0x0000025e       0x34 build/stm32f4xx_hal_rcc_ex.o
 .ARM.attributes
                0x00000292       0x34 build/stm32f4xx_hal_gpio.o
 .ARM.attributes
                0x000002c6       0x34 build/stm32f4xx_hal_cortex.o
 .ARM.attributes
                0x000002fa       0x34 build/stm32f4xx_hal.o
 .ARM.attributes
                0x0000032e       0x34 build/stm32f4xx_hal_can.o
 .ARM.attributes
                0x00000362       0x34 build/stm32f4xx_hal_i2c.o
 .ARM.attributes
                0x00000396       0x34 build/stm32f4xx_hal_i2s.o
 .ARM.attributes
                0x000003ca       0x34 build/stm32f4xx_hal_i2s_ex.o
 .ARM.attributes
                0x000003fe       0x34 build/stm32f4xx_hal_spi.o
 .ARM.attributes
                0x00000432       0x34 build/system_stm32f4xx.o
 .ARM.attributes
                0x00000466       0x34 build/usbh_core.o
 .ARM.attributes
                0x0000049a       0x34 build/usbh_ctlreq.o
 .ARM.attributes
                0x000004ce       0x34 build/usbh_ioreq.o
 .ARM.attributes
                0x00000502       0x34 build/usbh_pipes.o
 .ARM.attributes
                0x00000536       0x34 build/usbh_cdc.o
 .ARM.attributes
                0x0000056a       0x34 build/sysmem.o
 .ARM.attributes
                0x0000059e       0x21 build/startup_stm32f407xx.o
 .ARM.attributes
                0x000005bf       0x34 /usr/lib/gcc/arm-none-eabi/15.2.0/../../../../arm-none-eabi/lib/thumb/v7e-m+fp/hard/libc_nano.a(libc_a-malloc.o)
 .ARM.attributes
                0x000005f3       0x34 /usr/lib/gcc/arm-none-eabi/15.2.0/../../../../arm-none-eabi/lib/thumb/v7e-m+fp/hard/libc_nano.a(libc_a-mallocr.o)
 .ARM.attributes
                0x00000627       0x34 /usr/lib/gcc/arm-none-eabi/15.2.0/../../../../arm-none-eabi/lib/thumb/v7e-m+fp/hard/libc_nano.a(libc_a-mlock.o)
 .ARM.attributes
                0x0000065b       0x34 /usr/lib/gcc/arm-none-eabi/15.2.0/../../../../arm-none-eabi/lib/thumb/v7e-m+fp/hard/libc_nano.a(libc_a-findfp.o)
 .ARM.attributes
                0x0000068f       0x34 /usr/lib/gcc/arm-none-eabi/15.2.0/../../../../arm-none-eabi/lib/thumb/v7e-m+fp/hard/libc_nano.a(libc_a-memset.o)
 .ARM.attributes
                0x000006c3       0x34 /usr/lib/gcc/arm-none-eabi/15.2.0/../../../../arm-none-eabi/lib/thumb/v7e-m+fp/hard/libc_nano.a(libc_a-reent.o)
 .ARM.attributes
                0x000006f7       0x34 /usr/lib/gcc/arm-none-eabi/15.2.0/../../../../arm-none-eabi/lib/thumb/v7e-m+fp/hard/libc_nano.a(libc_a-impure.o)
 .ARM.attributes
                0x0000072b       0x34 /usr/lib/gcc/arm-none-eabi/15.2.0/../../../../arm-none-eabi/lib/thumb/v7e-m+fp/hard/libc_nano.a(libc_a-sbrkr.o)
 .ARM.attributes
                0x0000075f       0x34 /usr/lib/gcc/arm-none-eabi/15.2.0/../../../../arm-none-eabi/lib/thumb/v7e-m+fp/hard/libc_nano.a(libc_a-errno.o)
 .ARM.attributes
                0x00000793       0x34 /usr/lib/gcc/arm-none-eabi/15.2.0/../../../../arm-none-eabi/lib/thumb/v7e-m+fp/hard/libc_nano.a(libc_a-init.o)
 .ARM.attributes
                0x000007c7       0x34 /usr/lib/gcc/arm-none-eabi/15.2.0/../../../../arm-none-eabi/lib/thumb/v7e-m+fp/hard/libc_nano.a(libc_a-lock.o)
 .ARM.attributes
                0x000007fb       0x34 /usr/lib/gcc/arm-none-eabi/15.2.0/../../../../arm-none-eabi/lib/thumb/v7e-m+fp/hard/libc_nano.a(libc_a-freer.o)
 .ARM.attributes
                0x0000082f       0x22 /usr/lib/gcc/arm-none-eabi/15.2.0/thumb/v7e-m+fp/hard/libgcc.a(_aeabi_uldivmod.o)
 .ARM.attributes
                0x00000851       0x34 /usr/lib/gcc/arm-none-eabi/15.2.0/thumb/v7e-m+fp/hard/libgcc.a(_udivmoddi4.o)
 .ARM.attributes
                0x00000885       0x22 /usr/lib/gcc/arm-none-eabi/15.2.0/thumb/v7e-m+fp/hard/libgcc.a(_dvmd_tls.o)
 .ARM.attributes
                0x000008a7       0x34 /usr/lib/gcc/arm-none-eabi/15.2.0/thumb/v7e-m+fp/hard/crtend.o
 .ARM.attributes
                0x000008db       0x22 /usr/lib/gcc/arm-none-eabi/15.2.0/thumb/v7e-m+fp/hard/crtn.o

.comment        0x00000000       0x46
 .comment       0x00000000       0x46 /usr/lib/gcc/arm-none-eabi/15.2.0/thumb/v7e-m+fp/hard/crtbegin.o
                                 0x24 (size before relaxing)
 .comment       0x00000046        0x0 build/main.o
                                 0x24 (size before relaxing)
 .comment       0x00000046        0x0 build/init.o
                                 0x24 (size before relaxing)
 .comment       0x00000046        0x0 build/usb_host.o
                                 0x24 (size before relaxing)
 .comment       0x00000046        0x0 build/usbh_conf.o
                                 0x24 (size before relaxing)
 .comment       0x00000046        0x0 build/usbh_platform.o
                                 0x24 (size before relaxing)
 .comment       0x00000046        0x0 build/stm32f4xx_it.o
                                 0x24 (size before relaxing)
 .comment       0x00000046        0x0 build/stm32f4xx_hal_msp.o
                                 0x24 (size before relaxing)
 .comment       0x00000046        0x0 build/stm32f4xx_hal_hcd.o
                                 0x24 (size before relaxing)
 .comment       0x00000046        0x0 build/stm32f4xx_ll_usb.o
                                 0x24 (size before relaxing)
 .comment       0x00000046        0x0 build/stm32f4xx_hal_rcc.o
                                 0x24 (size before relaxing)
 .comment       0x00000046        0x0 build/stm32f4xx_hal_rcc_ex.o
                                 0x24 (size before relaxing)
 .comment       0x00000046        0x0 build/stm32f4xx_hal_gpio.o
                                 0x24 (size before relaxing)
 .comment       0x00000046        0x0 build/stm32f4xx_hal_cortex.o
                                 0x24 (size before relaxing)
 .comment       0x00000046        0x0 build/stm32f4xx_hal.o
                                 0x24 (size before relaxing)
 .comment       0x00000046        0x0 build/stm32f4xx_hal_can.o
                                 0x24 (size before relaxing)
 .comment       0x00000046        0x0 build/stm32f4xx_hal_i2c.o
                                 0x24 (size before relaxing)
 .comment       0x00000046        0x0 build/stm32f4xx_hal_i2s.o
                                 0x24 (size before relaxing)
 .comment       0x00000046        0x0 build/stm32f4xx_hal_i2s_ex.o
                                 0x24 (size before relaxing)
 .comment       0x00000046        0x0 build/stm32f4xx_hal_spi.o
                                 0x24 (size before relaxing)
 .comment       0x00000046        0x0 build/system_stm32f4xx.o
                                 0x24 (size before relaxing)
 .comment       0x00000046        0x0 build/usbh_core.o
                                 0x24 (size before relaxing)
 .comment       0x00000046        0x0 build/usbh_ctlreq.o
                                 0x24 (size before relaxing)
 .comment       0x00000046        0x0 build/usbh_ioreq.o
                                 0x24 (size before relaxing)
 .comment       0x00000046        0x0 build/usbh_pipes.o
                                 0x24 (size before relaxing)
 .comment       0x00000046        0x0 build/usbh_cdc.o
                                 0x24 (size before relaxing)
 .comment       0x00000046        0x0 build/sysmem.o
                                 0x24 (size before relaxing)
 .comment       0x00000046        0x0 /usr/lib/gcc/arm-none-eabi/15.2.0/../../../../arm-none-eabi/lib/thumb/v7e-m+fp/hard/libc_nano.a(libc_a-malloc.o)
                                 0x24 (size before relaxing)
 .comment       0x00000046        0x0 /usr/lib/gcc/arm-none-eabi/15.2.0/../../../../arm-none-eabi/lib/thumb/v7e-m+fp/hard/libc_nano.a(libc_a-mallocr.o)
                                 0x24 (size before relaxing)
 .comment       0x00000046        0x0 /usr/lib/gcc/arm-none-eabi/15.2.0/../../../../arm-none-eabi/lib/thumb/v7e-m+fp/hard/libc_nano.a(libc_a-mlock.o)
                                 0x24 (size before relaxing)
 .comment       0x00000046        0x0 /usr/lib/gcc/arm-none-eabi/15.2.0/../../../../arm-none-eabi/lib/thumb/v7e-m+fp/hard/libc_nano.a(libc_a-findfp.o)
                                 0x24 (size before relaxing)
 .comment       0x00000046        0x0 /usr/lib/gcc/arm-none-eabi/15.2.0/../../../../arm-none-eabi/lib/thumb/v7e-m+fp/hard/libc_nano.a(libc_a-memset.o)
                                 0x24 (size before relaxing)
 .comment       0x00000046        0x0 /usr/lib/gcc/arm-none-eabi/15.2.0/../../../../arm-none-eabi/lib/thumb/v7e-m+fp/hard/libc_nano.a(libc_a-reent.o)
                                 0x24 (size before relaxing)
 .comment       0x00000046        0x0 /usr/lib/gcc/arm-none-eabi/15.2.0/../../../../arm-none-eabi/lib/thumb/v7e-m+fp/hard/libc_nano.a(libc_a-impure.o)
                                 0x24 (size before relaxing)
 .comment       0x00000046        0x0 /usr/lib/gcc/arm-none-eabi/15.2.0/../../../../arm-none-eabi/lib/thumb/v7e-m+fp/hard/libc_nano.a(libc_a-sbrkr.o)
                                 0x24 (size before relaxing)
 .comment       0x00000046        0x0 /usr/lib/gcc/arm-none-eabi/15.2.0/../../../../arm-none-eabi/lib/thumb/v7e-m+fp/hard/libc_nano.a(libc_a-errno.o)
                                 0x24 (size before relaxing)
 .comment       0x00000046        0x0 /usr/lib/gcc/arm-none-eabi/15.2.0/../../../../arm-none-eabi/lib/thumb/v7e-m+fp/hard/libc_nano.a(libc_a-init.o)
                                 0x24 (size before relaxing)
 .comment       0x00000046        0x0 /usr/lib/gcc/arm-none-eabi/15.2.0/../../../../arm-none-eabi/lib/thumb/v7e-m+fp/hard/libc_nano.a(libc_a-lock.o)
                                 0x24 (size before relaxing)
 .comment       0x00000046        0x0 /usr/lib/gcc/arm-none-eabi/15.2.0/../../../../arm-none-eabi/lib/thumb/v7e-m+fp/hard/libc_nano.a(libc_a-freer.o)
                                 0x24 (size before relaxing)
 .comment       0x00000046        0x0 /usr/lib/gcc/arm-none-eabi/15.2.0/thumb/v7e-m+fp/hard/libgcc.a(_udivmoddi4.o)
                                 0x24 (size before relaxing)
 .comment       0x00000046        0x0 /usr/lib/gcc/arm-none-eabi/15.2.0/thumb/v7e-m+fp/hard/crtend.o
                                 0x24 (size before relaxing)

.debug_info     0x00000000    0x25872
 .debug_info    0x00000000     0x1184 build/main.o
 .debug_info    0x00001184     0x1d7c build/init.o
 .debug_info    0x00002f00      0xc12 build/usb_host.o
 .debug_info    0x00003b12     0x238b build/usbh_conf.o
 .debug_info    0x00005e9d      0x225 build/usbh_platform.o
 .debug_info    0x000060c2      0xc35 build/stm32f4xx_it.o
 .debug_info    0x00006cf7     0x1b1c build/stm32f4xx_hal_msp.o
 .debug_info    0x00008813     0x1b6a build/stm32f4xx_hal_hcd.o
 .debug_info    0x0000a37d     0x2212 build/stm32f4xx_ll_usb.o
 .debug_info    0x0000c58f      0xc20 build/stm32f4xx_hal_rcc.o
 .debug_info    0x0000d1af      0x700 build/stm32f4xx_hal_rcc_ex.o
 .debug_info    0x0000d8af      0x84e build/stm32f4xx_hal_gpio.o
 .debug_info    0x0000e0fd     0x11e0 build/stm32f4xx_hal_cortex.o
 .debug_info    0x0000f2dd      0xaf5 build/stm32f4xx_hal.o
 .debug_info    0x0000fdd2     0x13cc build/stm32f4xx_hal_can.o
 .debug_info    0x0001119e     0x3c32 build/stm32f4xx_hal_i2c.o
 .debug_info    0x00014dd0     0x1318 build/stm32f4xx_hal_i2s.o
 .debug_info    0x000160e8      0xecd build/stm32f4xx_hal_i2s_ex.o
 .debug_info    0x00016fb5     0x1f7f build/stm32f4xx_hal_spi.o
 .debug_info    0x00018f34      0x5b3 build/system_stm32f4xx.o
 .debug_info    0x000194e7     0x180b build/usbh_core.o
 .debug_info    0x0001acf2     0x1605 build/usbh_ctlreq.o
 .debug_info    0x0001c2f7     0x1147 build/usbh_ioreq.o
 .debug_info    0x0001d43e      0xcd7 build/usbh_pipes.o
 .debug_info    0x0001e115     0x1b14 build/usbh_cdc.o
 .debug_info    0x0001fc29      0x18c build/sysmem.o
 .debug_info    0x0001fdb5       0x30 build/startup_stm32f407xx.o
 .debug_info    0x0001fde5      0x7a5 /usr/lib/gcc/arm-none-eabi/15.2.0/../../../../arm-none-eabi/lib/thumb/v7e-m+fp/hard/libc_nano.a(libc_a-malloc.o)
 .debug_info    0x0002058a      0x9c1 /usr/lib/gcc/arm-none-eabi/15.2.0/../../../../arm-none-eabi/lib/thumb/v7e-m+fp/hard/libc_nano.a(libc_a-mallocr.o)
 .debug_info    0x00020f4b      0x770 /usr/lib/gcc/arm-none-eabi/15.2.0/../../../../arm-none-eabi/lib/thumb/v7e-m+fp/hard/libc_nano.a(libc_a-mlock.o)
 .debug_info    0x000216bb      0xfbf /usr/lib/gcc/arm-none-eabi/15.2.0/../../../../arm-none-eabi/lib/thumb/v7e-m+fp/hard/libc_nano.a(libc_a-findfp.o)
 .debug_info    0x0002267a       0xe5 /usr/lib/gcc/arm-none-eabi/15.2.0/../../../../arm-none-eabi/lib/thumb/v7e-m+fp/hard/libc_nano.a(libc_a-memset.o)
 .debug_info    0x0002275f      0x8a6 /usr/lib/gcc/arm-none-eabi/15.2.0/../../../../arm-none-eabi/lib/thumb/v7e-m+fp/hard/libc_nano.a(libc_a-reent.o)
 .debug_info    0x00023005      0x71a /usr/lib/gcc/arm-none-eabi/15.2.0/../../../../arm-none-eabi/lib/thumb/v7e-m+fp/hard/libc_nano.a(libc_a-impure.o)
 .debug_info    0x0002371f      0x787 /usr/lib/gcc/arm-none-eabi/15.2.0/../../../../arm-none-eabi/lib/thumb/v7e-m+fp/hard/libc_nano.a(libc_a-sbrkr.o)
 .debug_info    0x00023ea6      0x700 /usr/lib/gcc/arm-none-eabi/15.2.0/../../../../arm-none-eabi/lib/thumb/v7e-m+fp/hard/libc_nano.a(libc_a-errno.o)
 .debug_info    0x000245a6      0x110 /usr/lib/gcc/arm-none-eabi/15.2.0/../../../../arm-none-eabi/lib/thumb/v7e-m+fp/hard/libc_nano.a(libc_a-init.o)
 .debug_info    0x000246b6      0x21d /usr/lib/gcc/arm-none-eabi/15.2.0/../../../../arm-none-eabi/lib/thumb/v7e-m+fp/hard/libc_nano.a(libc_a-lock.o)
 .debug_info    0x000248d3      0x845 /usr/lib/gcc/arm-none-eabi/15.2.0/../../../../arm-none-eabi/lib/thumb/v7e-m+fp/hard/libc_nano.a(libc_a-freer.o)
 .debug_info    0x00025118       0x24 /usr/lib/gcc/arm-none-eabi/15.2.0/thumb/v7e-m+fp/hard/libgcc.a(_aeabi_uldivmod.o)
 .debug_info    0x0002513c      0x6fa /usr/lib/gcc/arm-none-eabi/15.2.0/thumb/v7e-m+fp/hard/libgcc.a(_udivmoddi4.o)
 .debug_info    0x00025836       0x3c /usr/lib/gcc/arm-none-eabi/15.2.0/thumb/v7e-m+fp/hard/libgcc.a(_dvmd_tls.o)

.debug_abbrev   0x00000000     0x58de
 .debug_abbrev  0x00000000      0x175 build/main.o
 .debug_abbrev  0x00000175      0x290 build/init.o
 .debug_abbrev  0x00000405      0x293 build/usb_host.o
 .debug_abbrev  0x00000698      0x3dd build/usbh_conf.o
 .debug_abbrev  0x00000a75      0x12e build/usbh_platform.o
 .debug_abbrev  0x00000ba3      0x183 build/stm32f4xx_it.o
 .debug_abbrev  0x00000d26      0x25b build/stm32f4xx_hal_msp.o
 .debug_abbrev  0x00000f81      0x2d6 build/stm32f4xx_hal_hcd.o
 .debug_abbrev  0x00001257      0x344 build/stm32f4xx_ll_usb.o
 .debug_abbrev  0x0000159b      0x2de build/stm32f4xx_hal_rcc.o
 .debug_abbrev  0x00001879      0x1dc build/stm32f4xx_hal_rcc_ex.o
 .debug_abbrev  0x00001a55      0x23f build/stm32f4xx_hal_gpio.o
 .debug_abbrev  0x00001c94      0x3ca build/stm32f4xx_hal_cortex.o
 .debug_abbrev  0x0000205e      0x244 build/stm32f4xx_hal.o
 .debug_abbrev  0x000022a2      0x29f build/stm32f4xx_hal_can.o
 .debug_abbrev  0x00002541      0x328 build/stm32f4xx_hal_i2c.o
 .debug_abbrev  0x00002869      0x2b0 build/stm32f4xx_hal_i2s.o
 .debug_abbrev  0x00002b19      0x2aa build/stm32f4xx_hal_i2s_ex.o
 .debug_abbrev  0x00002dc3      0x2be build/stm32f4xx_hal_spi.o
 .debug_abbrev  0x00003081      0x11b build/system_stm32f4xx.o
 .debug_abbrev  0x0000319c      0x383 build/usbh_core.o
 .debug_abbrev  0x0000351f      0x353 build/usbh_ctlreq.o
 .debug_abbrev  0x00003872      0x23d build/usbh_ioreq.o
 .debug_abbrev  0x00003aaf      0x2a3 build/usbh_pipes.o
 .debug_abbrev  0x00003d52      0x37f build/usbh_cdc.o
 .debug_abbrev  0x000040d1       0xeb build/sysmem.o
 .debug_abbrev  0x000041bc       0x1d build/startup_stm32f407xx.o
 .debug_abbrev  0x000041d9      0x1d5 /usr/lib/gcc/arm-none-eabi/15.2.0/../../../../arm-none-eabi/lib/thumb/v7e-m+fp/hard/libc_nano.a(libc_a-malloc.o)
 .debug_abbrev  0x000043ae      0x250 /usr/lib/gcc/arm-none-eabi/15.2.0/../../../../arm-none-eabi/lib/thumb/v7e-m+fp/hard/libc_nano.a(libc_a-mallocr.o)
 .debug_abbrev  0x000045fe      0x1c5 /usr/lib/gcc/arm-none-eabi/15.2.0/../../../../arm-none-eabi/lib/thumb/v7e-m+fp/hard/libc_nano.a(libc_a-mlock.o)
 .debug_abbrev  0x000047c3      0x419 /usr/lib/gcc/arm-none-eabi/15.2.0/../../../../arm-none-eabi/lib/thumb/v7e-m+fp/hard/libc_nano.a(libc_a-findfp.o)
 .debug_abbrev  0x00004bdc       0xa4 /usr/lib/gcc/arm-none-eabi/15.2.0/../../../../arm-none-eabi/lib/thumb/v7e-m+fp/hard/libc_nano.a(libc_a-memset.o)
 .debug_abbrev  0x00004c80      0x1fd /usr/lib/gcc/arm-none-eabi/15.2.0/../../../../arm-none-eabi/lib/thumb/v7e-m+fp/hard/libc_nano.a(libc_a-reent.o)
 .debug_abbrev  0x00004e7d      0x14f /usr/lib/gcc/arm-none-eabi/15.2.0/../../../../arm-none-eabi/lib/thumb/v7e-m+fp/hard/libc_nano.a(libc_a-impure.o)
 .debug_abbrev  0x00004fcc      0x1e0 /usr/lib/gcc/arm-none-eabi/15.2.0/../../../../arm-none-eabi/lib/thumb/v7e-m+fp/hard/libc_nano.a(libc_a-sbrkr.o)
 .debug_abbrev  0x000051ac      0x164 /usr/lib/gcc/arm-none-eabi/15.2.0/../../../../arm-none-eabi/lib/thumb/v7e-m+fp/hard/libc_nano.a(libc_a-errno.o)
 .debug_abbrev  0x00005310       0xcf /usr/lib/gcc/arm-none-eabi/15.2.0/../../../../arm-none-eabi/lib/thumb/v7e-m+fp/hard/libc_nano.a(libc_a-init.o)
 .debug_abbrev  0x000053df      0x11b /usr/lib/gcc/arm-none-eabi/15.2.0/../../../../arm-none-eabi/lib/thumb/v7e-m+fp/hard/libc_nano.a(libc_a-lock.o)
 .debug_abbrev  0x000054fa      0x23a /usr/lib/gcc/arm-none-eabi/15.2.0/../../../../arm-none-eabi/lib/thumb/v7e-m+fp/hard/libc_nano.a(libc_a-freer.o)
 .debug_abbrev  0x00005734       0x14 /usr/lib/gcc/arm-none-eabi/15.2.0/thumb/v7e-m+fp/hard/libgcc.a(_aeabi_uldivmod.o)
 .debug_abbrev  0x00005748      0x170 /usr/lib/gcc/arm-none-eabi/15.2.0/thumb/v7e-m+fp/hard/libgcc.a(_udivmoddi4.o)
 .debug_abbrev  0x000058b8       0x26 /usr/lib/gcc/arm-none-eabi/15.2.0/thumb/v7e-m+fp/hard/libgcc.a(_dvmd_tls.o)

.debug_loc      0x00000000    0x14a7b
 .debug_loc     0x00000000       0x20 build/main.o
 .debug_loc     0x00000020      0x143 build/init.o
 .debug_loc     0x00000163       0x40 build/usb_host.o
 .debug_loc     0x000001a3      0xce2 build/usbh_conf.o
 .debug_loc     0x00000e85       0x6d build/usbh_platform.o
 .debug_loc     0x00000ef2       0x60 build/stm32f4xx_it.o
 .debug_loc     0x00000f52      0x43a build/stm32f4xx_hal_msp.o
 .debug_loc     0x0000138c     0x103c build/stm32f4xx_hal_hcd.o
 .debug_loc     0x000023c8     0x2934 build/stm32f4xx_ll_usb.o
 .debug_loc     0x00004cfc      0x6de build/stm32f4xx_hal_rcc.o
 .debug_loc     0x000053da      0x42b build/stm32f4xx_hal_rcc_ex.o
 .debug_loc     0x00005805      0x5d5 build/stm32f4xx_hal_gpio.o
 .debug_loc     0x00005dda      0x896 build/stm32f4xx_hal_cortex.o
 .debug_loc     0x00006670      0x1f9 build/stm32f4xx_hal.o
 .debug_loc     0x00006869     0x1094 build/stm32f4xx_hal_can.o
 .debug_loc     0x000078fd     0x50e9 build/stm32f4xx_hal_i2c.o
 .debug_loc     0x0000c9e6     0x14e3 build/stm32f4xx_hal_i2s.o
 .debug_loc     0x0000dec9      0xd80 build/stm32f4xx_hal_i2s_ex.o
 .debug_loc     0x0000ec49     0x24f6 build/stm32f4xx_hal_spi.o
 .debug_loc     0x0001113f       0xb0 build/system_stm32f4xx.o
 .debug_loc     0x000111ef      0xb50 build/usbh_core.o
 .debug_loc     0x00011d3f     0x1661 build/usbh_ctlreq.o
 .debug_loc     0x000133a0      0x96b build/usbh_ioreq.o
 .debug_loc     0x00013d0b      0x2c6 build/usbh_pipes.o
 .debug_loc     0x00013fd1      0xa1a build/usbh_cdc.o
 .debug_loc     0x000149eb       0x90 build/sysmem.o

.debug_aranges  0x00000000     0x1518
 .debug_aranges
                0x00000000       0x20 build/main.o
 .debug_aranges
                0x00000020       0x58 build/init.o
 .debug_aranges
                0x00000078       0x30 build/usb_host.o
 .debug_aranges
                0x000000a8       0xe0 build/usbh_conf.o
 .debug_aranges
                0x00000188       0x20 build/usbh_platform.o
 .debug_aranges
                0x000001a8       0x70 build/stm32f4xx_it.o
 .debug_aranges
                0x00000218       0x60 build/stm32f4xx_hal_msp.o
 .debug_aranges
                0x00000278      0x108 build/stm32f4xx_hal_hcd.o
 .debug_aranges
                0x00000380      0x1a0 build/stm32f4xx_ll_usb.o
 .debug_aranges
                0x00000520       0x88 build/stm32f4xx_hal_rcc.o
 .debug_aranges
                0x000005a8       0x48 build/stm32f4xx_hal_rcc_ex.o
 .debug_aranges
                0x000005f0       0x58 build/stm32f4xx_hal_gpio.o
 .debug_aranges
                0x00000648       0xf8 build/stm32f4xx_hal_cortex.o
 .debug_aranges
                0x00000740       0xf0 build/stm32f4xx_hal.o
 .debug_aranges
                0x00000830      0x138 build/stm32f4xx_hal_can.o
 .debug_aranges
                0x00000968      0x2a8 build/stm32f4xx_hal_i2c.o
 .debug_aranges
                0x00000c10      0x108 build/stm32f4xx_hal_i2s.o
 .debug_aranges
                0x00000d18       0x88 build/stm32f4xx_hal_i2s_ex.o
 .debug_aranges
                0x00000da0      0x1d0 build/stm32f4xx_hal_spi.o
 .debug_aranges
                0x00000f70       0x28 build/system_stm32f4xx.o
 .debug_aranges
                0x00000f98       0xc0 build/usbh_core.o
 .debug_aranges
                0x00001058       0xa0 build/usbh_ctlreq.o
 .debug_aranges
                0x000010f8       0x60 build/usbh_ioreq.o
 .debug_aranges
                0x00001158       0x40 build/usbh_pipes.o
 .debug_aranges
                0x00001198       0xa8 build/usbh_cdc.o
 .debug_aranges
                0x00001240       0x20 build/sysmem.o
 .debug_aranges
                0x00001260       0x28 build/startup_stm32f407xx.o
 .debug_aranges
                0x00001288       0x28 /usr/lib/gcc/arm-none-eabi/15.2.0/../../../../arm-none-eabi/lib/thumb/v7e-m+fp/hard/libc_nano.a(libc_a-malloc.o)
 .debug_aranges
                0x000012b0       0x28 /usr/lib/gcc/arm-none-eabi/15.2.0/../../../../arm-none-eabi/lib/thumb/v7e-m+fp/hard/libc_nano.a(libc_a-mallocr.o)
 .debug_aranges
                0x000012d8       0x28 /usr/lib/gcc/arm-none-eabi/15.2.0/../../../../arm-none-eabi/lib/thumb/v7e-m+fp/hard/libc_nano.a(libc_a-mlock.o)
 .debug_aranges
                0x00001300       0x78 /usr/lib/gcc/arm-none-eabi/15.2.0/../../../../arm-none-eabi/lib/thumb/v7e-m+fp/hard/libc_nano.a(libc_a-findfp.o)
 .debug_aranges
                0x00001378       0x20 /usr/lib/gcc/arm-none-eabi/15.2.0/../../../../arm-none-eabi/lib/thumb/v7e-m+fp/hard/libc_nano.a(libc_a-memset.o)
 .debug_aranges
                0x00001398       0x20 /usr/lib/gcc/arm-none-eabi/15.2.0/../../../../arm-none-eabi/lib/thumb/v7e-m+fp/hard/libc_nano.a(libc_a-reent.o)
 .debug_aranges
                0x000013b8       0x18 /usr/lib/gcc/arm-none-eabi/15.2.0/../../../../arm-none-eabi/lib/thumb/v7e-m+fp/hard/libc_nano.a(libc_a-impure.o)
 .debug_aranges
                0x000013d0       0x20 /usr/lib/gcc/arm-none-eabi/15.2.0/../../../../arm-none-eabi/lib/thumb/v7e-m+fp/hard/libc_nano.a(libc_a-sbrkr.o)
 .debug_aranges
                0x000013f0       0x20 /usr/lib/gcc/arm-none-eabi/15.2.0/../../../../arm-none-eabi/lib/thumb/v7e-m+fp/hard/libc_nano.a(libc_a-errno.o)
 .debug_aranges
                0x00001410       0x20 /usr/lib/gcc/arm-none-eabi/15.2.0/../../../../arm-none-eabi/lib/thumb/v7e-m+fp/hard/libc_nano.a(libc_a-init.o)
 .debug_aranges
                0x00001430       0x68 /usr/lib/gcc/arm-none-eabi/15.2.0/../../../../arm-none-eabi/lib/thumb/v7e-m+fp/hard/libc_nano.a(libc_a-lock.o)
 .debug_aranges
                0x00001498       0x20 /usr/lib/gcc/arm-none-eabi/15.2.0/../../../../arm-none-eabi/lib/thumb/v7e-m+fp/hard/libc_nano.a(libc_a-freer.o)
 .debug_aranges
                0x000014b8       0x20 /usr/lib/gcc/arm-none-eabi/15.2.0/thumb/v7e-m+fp/hard/libgcc.a(_aeabi_uldivmod.o)
 .debug_aranges
                0x000014d8       0x20 /usr/lib/gcc/arm-none-eabi/15.2.0/thumb/v7e-m+fp/hard/libgcc.a(_udivmoddi4.o)
 .debug_aranges
                0x000014f8       0x20 /usr/lib/gcc/arm-none-eabi/15.2.0/thumb/v7e-m+fp/hard/libgcc.a(_dvmd_tls.o)

.debug_ranges   0x00000000     0x1170
 .debug_ranges  0x00000000       0x10 build/main.o
 .debug_ranges  0x00000010       0x48 build/init.o
 .debug_ranges  0x00000058       0x20 build/usb_host.o
 .debug_ranges  0x00000078       0xd0 build/usbh_conf.o
 .debug_ranges  0x00000148       0x10 build/usbh_platform.o
 .debug_ranges  0x00000158       0x60 build/stm32f4xx_it.o
 .debug_ranges  0x000001b8       0x50 build/stm32f4xx_hal_msp.o
 .debug_ranges  0x00000208       0xf8 build/stm32f4xx_hal_hcd.o
 .debug_ranges  0x00000300      0x190 build/stm32f4xx_ll_usb.o
 .debug_ranges  0x00000490       0x90 build/stm32f4xx_hal_rcc.o
 .debug_ranges  0x00000520       0x38 build/stm32f4xx_hal_rcc_ex.o
 .debug_ranges  0x00000558       0x48 build/stm32f4xx_hal_gpio.o
 .debug_ranges  0x000005a0       0xe8 build/stm32f4xx_hal_cortex.o
 .debug_ranges  0x00000688       0xe0 build/stm32f4xx_hal.o
 .debug_ranges  0x00000768      0x140 build/stm32f4xx_hal_can.o
 .debug_ranges  0x000008a8      0x2b0 build/stm32f4xx_hal_i2c.o
 .debug_ranges  0x00000b58      0x128 build/stm32f4xx_hal_i2s.o
 .debug_ranges  0x00000c80       0x90 build/stm32f4xx_hal_i2s_ex.o
 .debug_ranges  0x00000d10      0x1c0 build/stm32f4xx_hal_spi.o
 .debug_ranges  0x00000ed0       0x18 build/system_stm32f4xx.o
 .debug_ranges  0x00000ee8       0xb0 build/usbh_core.o
 .debug_ranges  0x00000f98       0x90 build/usbh_ctlreq.o
 .debug_ranges  0x00001028       0x50 build/usbh_ioreq.o
 .debug_ranges  0x00001078       0x30 build/usbh_pipes.o
 .debug_ranges  0x000010a8       0x98 build/usbh_cdc.o
 .debug_ranges  0x00001140       0x10 build/sysmem.o
 .debug_ranges  0x00001150       0x20 build/startup_stm32f407xx.o

.debug_line     0x00000000    0x16d35
 .debug_line    0x00000000      0x1bb build/main.o
 .debug_line    0x000001bb      0x722 build/init.o
 .debug_line    0x000008dd      0x1d6 build/usb_host.o
 .debug_line    0x00000ab3      0x696 build/usbh_conf.o
 .debug_line    0x00001149      0x133 build/usbh_platform.o
 .debug_line    0x0000127c      0x272 build/stm32f4xx_it.o
 .debug_line    0x000014ee      0x4d1 build/stm32f4xx_hal_msp.o
 .debug_line    0x000019bf     0x14cb build/stm32f4xx_hal_hcd.o
 .debug_line    0x00002e8a     0x1f36 build/stm32f4xx_ll_usb.o
 .debug_line    0x00004dc0      0xb68 build/stm32f4xx_hal_rcc.o
 .debug_line    0x00005928      0x5f0 build/stm32f4xx_hal_rcc_ex.o
 .debug_line    0x00005f18      0x691 build/stm32f4xx_hal_gpio.o
 .debug_line    0x000065a9      0x7e1 build/stm32f4xx_hal_cortex.o
 .debug_line    0x00006d8a      0x511 build/stm32f4xx_hal.o
 .debug_line    0x0000729b     0x10d2 build/stm32f4xx_hal_can.o
 .debug_line    0x0000836d     0x53c5 build/stm32f4xx_hal_i2c.o
 .debug_line    0x0000d732     0x1358 build/stm32f4xx_hal_i2s.o
 .debug_line    0x0000ea8a      0xfdf build/stm32f4xx_hal_i2s_ex.o
 .debug_line    0x0000fa69     0x23c0 build/stm32f4xx_hal_spi.o
 .debug_line    0x00011e29      0x1f0 build/system_stm32f4xx.o
 .debug_line    0x00012019      0xddf build/usbh_core.o
 .debug_line    0x00012df8      0xd58 build/usbh_ctlreq.o
 .debug_line    0x00013b50      0x289 build/usbh_ioreq.o
 .debug_line    0x00013dd9      0x209 build/usbh_pipes.o
 .debug_line    0x00013fe2      0x9dd build/usbh_cdc.o
 .debug_line    0x000149bf      0x137 build/sysmem.o
 .debug_line    0x00014af6       0x73 build/startup_stm32f407xx.o
 .debug_line    0x00014b69      0x1c8 /usr/lib/gcc/arm-none-eabi/15.2.0/../../../../arm-none-eabi/lib/thumb/v7e-m+fp/hard/libc_nano.a(libc_a-malloc.o)
 .debug_line    0x00014d31      0x4c3 /usr/lib/gcc/arm-none-eabi/15.2.0/../../../../arm-none-eabi/lib/thumb/v7e-m+fp/hard/libc_nano.a(libc_a-mallocr.o)
 .debug_line    0x000151f4      0x1b4 /usr/lib/gcc/arm-none-eabi/15.2.0/../../../../arm-none-eabi/lib/thumb/v7e-m+fp/hard/libc_nano.a(libc_a-mlock.o)
 .debug_line    0x000153a8      0x58a /usr/lib/gcc/arm-none-eabi/15.2.0/../../../../arm-none-eabi/lib/thumb/v7e-m+fp/hard/libc_nano.a(libc_a-findfp.o)
 .debug_line    0x00015932      0x130 /usr/lib/gcc/arm-none-eabi/15.2.0/../../../../arm-none-eabi/lib/thumb/v7e-m+fp/hard/libc_nano.a(libc_a-memset.o)
 .debug_line    0x00015a62      0x2bc /usr/lib/gcc/arm-none-eabi/15.2.0/../../../../arm-none-eabi/lib/thumb/v7e-m+fp/hard/libc_nano.a(libc_a-reent.o)
 .debug_line    0x00015d1e      0x112 /usr/lib/gcc/arm-none-eabi/15.2.0/../../../../arm-none-eabi/lib/thumb/v7e-m+fp/hard/libc_nano.a(libc_a-impure.o)
 .debug_line    0x00015e30      0x1e6 /usr/lib/gcc/arm-none-eabi/15.2.0/../../../../arm-none-eabi/lib/thumb/v7e-m+fp/hard/libc_nano.a(libc_a-sbrkr.o)
 .debug_line    0x00016016      0x134 /usr/lib/gcc/arm-none-eabi/15.2.0/../../../../arm-none-eabi/lib/thumb/v7e-m+fp/hard/libc_nano.a(libc_a-errno.o)
 .debug_line    0x0001614a      0x101 /usr/lib/gcc/arm-none-eabi/15.2.0/../../../../arm-none-eabi/lib/thumb/v7e-m+fp/hard/libc_nano.a(libc_a-init.o)
 .debug_line    0x0001624b      0x187 /usr/lib/gcc/arm-none-eabi/15.2.0/../../../../arm-none-eabi/lib/thumb/v7e-m+fp/hard/libc_nano.a(libc_a-lock.o)
 .debug_line    0x000163d2      0x2e1 /usr/lib/gcc/arm-none-eabi/15.2.0/../../../../arm-none-eabi/lib/thumb/v7e-m+fp/hard/libc_nano.a(libc_a-freer.o)
 .debug_line    0x000166b3       0x4e /usr/lib/gcc/arm-none-eabi/15.2.0/thumb/v7e-m+fp/hard/libgcc.a(_aeabi_uldivmod.o)
 .debug_line    0x00016701      0x5ea /usr/lib/gcc/arm-none-eabi/15.2.0/thumb/v7e-m+fp/hard/libgcc.a(_udivmoddi4.o)
 .debug_line    0x00016ceb       0x4a /usr/lib/gcc/arm-none-eabi/15.2.0/thumb/v7e-m+fp/hard/libgcc.a(_dvmd_tls.o)

.debug_str      0x00000000     0x70ad
 .debug_str     0x00000000     0x70ad build/main.o
                                0xcd5 (size before relaxing)
 .debug_str     0x000070ad        0x0 build/init.o
                               0x1154 (size before relaxing)
 .debug_str     0x000070ad        0x0 build/usb_host.o
                                0xa9c (size before relaxing)
 .debug_str     0x000070ad        0x0 build/usbh_conf.o
                               0x19b8 (size before relaxing)
 .debug_str     0x000070ad        0x0 build/usbh_platform.o
                                0x237 (size before relaxing)
 .debug_str     0x000070ad        0x0 build/stm32f4xx_it.o
                                0x972 (size before relaxing)
 .debug_str     0x000070ad        0x0 build/stm32f4xx_hal_msp.o
                               0x1421 (size before relaxing)
 .debug_str     0x000070ad        0x0 build/stm32f4xx_hal_hcd.o
                                0xc42 (size before relaxing)
 .debug_str     0x000070ad        0x0 build/stm32f4xx_ll_usb.o
                                0xd13 (size before relaxing)
 .debug_str     0x000070ad        0x0 build/stm32f4xx_hal_rcc.o
                                0x6eb (size before relaxing)
 .debug_str     0x000070ad        0x0 build/stm32f4xx_hal_rcc_ex.o
                                0x4ac (size before relaxing)
 .debug_str     0x000070ad        0x0 build/stm32f4xx_hal_gpio.o
                                0x4c5 (size before relaxing)
 .debug_str     0x000070ad        0x0 build/stm32f4xx_hal_cortex.o
                                0xc5a (size before relaxing)
 .debug_str     0x000070ad        0x0 build/stm32f4xx_hal.o
                                0xb49 (size before relaxing)
 .debug_str     0x000070ad        0x0 build/stm32f4xx_hal_can.o
                                0xa1a (size before relaxing)
 .debug_str     0x000070ad        0x0 build/stm32f4xx_hal_i2c.o
                               0x1022 (size before relaxing)
 .debug_str     0x000070ad        0x0 build/stm32f4xx_hal_i2s.o
                                0x935 (size before relaxing)
 .debug_str     0x000070ad        0x0 build/stm32f4xx_hal_i2s_ex.o
                                0x84d (size before relaxing)
 .debug_str     0x000070ad        0x0 build/stm32f4xx_hal_spi.o
                                0xbd9 (size before relaxing)
 .debug_str     0x000070ad        0x0 build/system_stm32f4xx.o
                                0x355 (size before relaxing)
 .debug_str     0x000070ad        0x0 build/usbh_core.o
                                0xcf9 (size before relaxing)
 .debug_str     0x000070ad        0x0 build/usbh_ctlreq.o
                                0xce5 (size before relaxing)
 .debug_str     0x000070ad        0x0 build/usbh_ioreq.o
                                0xad8 (size before relaxing)
 .debug_str     0x000070ad        0x0 build/usbh_pipes.o
                                0xa6e (size before relaxing)
 .debug_str     0x000070ad        0x0 build/usbh_cdc.o
                               0x115d (size before relaxing)
 .debug_str     0x000070ad        0x0 build/sysmem.o
                                0x205 (size before relaxing)
 .debug_str     0x000070ad        0x0 build/startup_stm32f407xx.o
                                 0x6e (size before relaxing)
 .debug_str     0x000070ad        0x0 /usr/lib/gcc/arm-none-eabi/15.2.0/../../../../arm-none-eabi/lib/thumb/v7e-m+fp/hard/libc_nano.a(libc_a-malloc.o)
                                0x524 (size before relaxing)
 .debug_str     0x000070ad        0x0 /usr/lib/gcc/arm-none-eabi/15.2.0/../../../../arm-none-eabi/lib/thumb/v7e-m+fp/hard/libc_nano.a(libc_a-mallocr.o)
                                0x5e0 (size before relaxing)
 .debug_str     0x000070ad        0x0 /usr/lib/gcc/arm-none-eabi/15.2.0/../../../../arm-none-eabi/lib/thumb/v7e-m+fp/hard/libc_nano.a(libc_a-mlock.o)
                                0x581 (size before relaxing)
 .debug_str     0x000070ad        0x0 /usr/lib/gcc/arm-none-eabi/15.2.0/../../../../arm-none-eabi/lib/thumb/v7e-m+fp/hard/libc_nano.a(libc_a-findfp.o)
                                0x782 (size before relaxing)
 .debug_str     0x000070ad        0x0 /usr/lib/gcc/arm-none-eabi/15.2.0/../../../../arm-none-eabi/lib/thumb/v7e-m+fp/hard/libc_nano.a(libc_a-memset.o)
                                0x1df (size before relaxing)
 .debug_str     0x000070ad        0x0 /usr/lib/gcc/arm-none-eabi/15.2.0/../../../../arm-none-eabi/lib/thumb/v7e-m+fp/hard/libc_nano.a(libc_a-reent.o)
                                0x51e (size before relaxing)
 .debug_str     0x000070ad        0x0 /usr/lib/gcc/arm-none-eabi/15.2.0/../../../../arm-none-eabi/lib/thumb/v7e-m+fp/hard/libc_nano.a(libc_a-impure.o)
                                0x4ff (size before relaxing)
 .debug_str     0x000070ad        0x0 /usr/lib/gcc/arm-none-eabi/15.2.0/../../../../arm-none-eabi/lib/thumb/v7e-m+fp/hard/libc_nano.a(libc_a-sbrkr.o)
                                0x508 (size before relaxing)
 .debug_str     0x000070ad        0x0 /usr/lib/gcc/arm-none-eabi/15.2.0/../../../../arm-none-eabi/lib/thumb/v7e-m+fp/hard/libc_nano.a(libc_a-errno.o)
                                0x4f9 (size before relaxing)
 .debug_str     0x000070ad        0x0 /usr/lib/gcc/arm-none-eabi/15.2.0/../../../../arm-none-eabi/lib/thumb/v7e-m+fp/hard/libc_nano.a(libc_a-init.o)
                                0x240 (size before relaxing)
 .debug_str     0x000070ad        0x0 /usr/lib/gcc/arm-none-eabi/15.2.0/../../../../arm-none-eabi/lib/thumb/v7e-m+fp/hard/libc_nano.a(libc_a-lock.o)
                                0x376 (size before relaxing)
 .debug_str     0x000070ad        0x0 /usr/lib/gcc/arm-none-eabi/15.2.0/../../../../arm-none-eabi/lib/thumb/v7e-m+fp/hard/libc_nano.a(libc_a-freer.o)
                                0x57f (size before relaxing)
 .debug_str     0x000070ad        0x0 /usr/lib/gcc/arm-none-eabi/15.2.0/thumb/v7e-m+fp/hard/libgcc.a(_aeabi_uldivmod.o)
                                 0xb7 (size before relaxing)
 .debug_str     0x000070ad        0x0 /usr/lib/gcc/arm-none-eabi/15.2.0/thumb/v7e-m+fp/hard/libgcc.a(_udivmoddi4.o)
                                0x657 (size before relaxing)
 .debug_str     0x000070ad        0x0 /usr/lib/gcc/arm-none-eabi/15.2.0/thumb/v7e-m+fp/hard/libgcc.a(_dvmd_tls.o)
                                 0xd7 (size before relaxing)

.debug_frame    0x00000000     0x3590
 .debug_frame   0x00000000       0x28 build/main.o
 .debug_frame   0x00000028       0xf0 build/init.o
 .debug_frame   0x00000118       0x50 build/usb_host.o
 .debug_frame   0x00000168      0x250 build/usbh_conf.o
 .debug_frame   0x000003b8       0x28 build/usbh_platform.o
 .debug_frame   0x000003e0       0xd8 build/stm32f4xx_it.o
 .debug_frame   0x000004b8      0x114 build/stm32f4xx_hal_msp.o
 .debug_frame   0x000005cc      0x2d8 build/stm32f4xx_hal_hcd.o
 .debug_frame   0x000008a4      0x464 build/stm32f4xx_ll_usb.o
 .debug_frame   0x00000d08      0x16c build/stm32f4xx_hal_rcc.o
 .debug_frame   0x00000e74       0xa4 build/stm32f4xx_hal_rcc_ex.o
 .debug_frame   0x00000f18       0xd0 build/stm32f4xx_hal_gpio.o
 .debug_frame   0x00000fe8      0x214 build/stm32f4xx_hal_cortex.o
 .debug_frame   0x000011fc      0x1ec build/stm32f4xx_hal.o
 .debug_frame   0x000013e8      0x2c8 build/stm32f4xx_hal_can.o
 .debug_frame   0x000016b0      0x91c build/stm32f4xx_hal_i2c.o
 .debug_frame   0x00001fcc      0x300 build/stm32f4xx_hal_i2s.o
 .debug_frame   0x000022cc      0x190 build/stm32f4xx_hal_i2s_ex.o
 .debug_frame   0x0000245c      0x598 build/stm32f4xx_hal_spi.o
 .debug_frame   0x000029f4       0x30 build/system_stm32f4xx.o
 .debug_frame   0x00002a24      0x1f0 build/usbh_core.o
 .debug_frame   0x00002c14      0x1e0 build/usbh_ctlreq.o
 .debug_frame   0x00002df4      0x128 build/usbh_ioreq.o
 .debug_frame   0x00002f1c       0x80 build/usbh_pipes.o
 .debug_frame   0x00002f9c      0x1b0 build/usbh_cdc.o
 .debug_frame   0x0000314c       0x28 build/sysmem.o
 .debug_frame   0x00003174       0x30 /usr/lib/gcc/arm-none-eabi/15.2.0/../../../../arm-none-eabi/lib/thumb/v7e-m+fp/hard/libc_nano.a(libc_a-malloc.o)
 .debug_frame   0x000031a4       0x50 /usr/lib/gcc/arm-none-eabi/15.2.0/../../../../arm-none-eabi/lib/thumb/v7e-m+fp/hard/libc_nano.a(libc_a-mallocr.o)
 .debug_frame   0x000031f4       0x30 /usr/lib/gcc/arm-none-eabi/15.2.0/../../../../arm-none-eabi/lib/thumb/v7e-m+fp/hard/libc_nano.a(libc_a-mlock.o)
 .debug_frame   0x00003224      0x144 /usr/lib/gcc/arm-none-eabi/15.2.0/../../../../arm-none-eabi/lib/thumb/v7e-m+fp/hard/libc_nano.a(libc_a-findfp.o)
 .debug_frame   0x00003368       0x20 /usr/lib/gcc/arm-none-eabi/15.2.0/../../../../arm-none-eabi/lib/thumb/v7e-m+fp/hard/libc_nano.a(libc_a-memset.o)
 .debug_frame   0x00003388       0x38 /usr/lib/gcc/arm-none-eabi/15.2.0/../../../../arm-none-eabi/lib/thumb/v7e-m+fp/hard/libc_nano.a(libc_a-reent.o)
 .debug_frame   0x000033c0       0x2c /usr/lib/gcc/arm-none-eabi/15.2.0/../../../../arm-none-eabi/lib/thumb/v7e-m+fp/hard/libc_nano.a(libc_a-sbrkr.o)
 .debug_frame   0x000033ec       0x20 /usr/lib/gcc/arm-none-eabi/15.2.0/../../../../arm-none-eabi/lib/thumb/v7e-m+fp/hard/libc_nano.a(libc_a-errno.o)
 .debug_frame   0x0000340c       0x2c /usr/lib/gcc/arm-none-eabi/15.2.0/../../../../arm-none-eabi/lib/thumb/v7e-m+fp/hard/libc_nano.a(libc_a-init.o)
 .debug_frame   0x00003438       0xb0 /usr/lib/gcc/arm-none-eabi/15.2.0/../../../../arm-none-eabi/lib/thumb/v7e-m+fp/hard/libc_nano.a(libc_a-lock.o)
 .debug_frame   0x000034e8       0x38 /usr/lib/gcc/arm-none-eabi/15.2.0/../../../../arm-none-eabi/lib/thumb/v7e-m+fp/hard/libc_nano.a(libc_a-freer.o)
 .debug_frame   0x00003520       0x2c /usr/lib/gcc/arm-none-eabi/15.2.0/thumb/v7e-m+fp/hard/libgcc.a(_aeabi_uldivmod.o)
 .debug_frame   0x0000354c       0x44 /usr/lib/gcc/arm-none-eabi/15.2.0/thumb/v7e-m+fp/hard/libgcc.a(_udivmoddi4.o)

.debug_loclists
                0x00000000     0x124c
 .debug_loclists
                0x00000000       0x54 /usr/lib/gcc/arm-none-eabi/15.2.0/../../../../arm-none-eabi/lib/thumb/v7e-m+fp/hard/libc_nano.a(libc_a-malloc.o)
 .debug_loclists
                0x00000054      0x20c /usr/lib/gcc/arm-none-eabi/15.2.0/../../../../arm-none-eabi/lib/thumb/v7e-m+fp/hard/libc_nano.a(libc_a-mallocr.o)
 .debug_loclists
                0x00000260       0x46 /usr/lib/gcc/arm-none-eabi/15.2.0/../../../../arm-none-eabi/lib/thumb/v7e-m+fp/hard/libc_nano.a(libc_a-mlock.o)
 .debug_loclists
                0x000002a6      0x2f0 /usr/lib/gcc/arm-none-eabi/15.2.0/../../../../arm-none-eabi/lib/thumb/v7e-m+fp/hard/libc_nano.a(libc_a-findfp.o)
 .debug_loclists
                0x00000596       0x4d /usr/lib/gcc/arm-none-eabi/15.2.0/../../../../arm-none-eabi/lib/thumb/v7e-m+fp/hard/libc_nano.a(libc_a-memset.o)
 .debug_loclists
                0x000005e3       0x9c /usr/lib/gcc/arm-none-eabi/15.2.0/../../../../arm-none-eabi/lib/thumb/v7e-m+fp/hard/libc_nano.a(libc_a-reent.o)
 .debug_loclists
                0x0000067f       0x58 /usr/lib/gcc/arm-none-eabi/15.2.0/../../../../arm-none-eabi/lib/thumb/v7e-m+fp/hard/libc_nano.a(libc_a-sbrkr.o)
 .debug_loclists
                0x000006d7       0x48 /usr/lib/gcc/arm-none-eabi/15.2.0/../../../../arm-none-eabi/lib/thumb/v7e-m+fp/hard/libc_nano.a(libc_a-init.o)
 .debug_loclists
                0x0000071f       0x29 /usr/lib/gcc/arm-none-eabi/15.2.0/../../../../arm-none-eabi/lib/thumb/v7e-m+fp/hard/libc_nano.a(libc_a-lock.o)
 .debug_loclists
                0x00000748       0xda /usr/lib/gcc/arm-none-eabi/15.2.0/../../../../arm-none-eabi/lib/thumb/v7e-m+fp/hard/libc_nano.a(libc_a-freer.o)
 .debug_loclists
                0x00000822      0xa2a /usr/lib/gcc/arm-none-eabi/15.2.0/thumb/v7e-m+fp/hard/libgcc.a(_udivmoddi4.o)

.debug_rnglists
                0x00000000      0x23b
 .debug_rnglists
                0x00000000       0x19 /usr/lib/gcc/arm-none-eabi/15.2.0/../../../../arm-none-eabi/lib/thumb/v7e-m+fp/hard/libc_nano.a(libc_a-malloc.o)
 .debug_rnglists
                0x00000019       0x2c /usr/lib/gcc/arm-none-eabi/15.2.0/../../../../arm-none-eabi/lib/thumb/v7e-m+fp/hard/libc_nano.a(libc_a-mallocr.o)
 .debug_rnglists
                0x00000045       0x19 /usr/lib/gcc/arm-none-eabi/15.2.0/../../../../arm-none-eabi/lib/thumb/v7e-m+fp/hard/libc_nano.a(libc_a-mlock.o)
 .debug_rnglists
                0x0000005e       0x6e /usr/lib/gcc/arm-none-eabi/15.2.0/../../../../arm-none-eabi/lib/thumb/v7e-m+fp/hard/libc_nano.a(libc_a-findfp.o)
 .debug_rnglists
                0x000000cc       0x13 /usr/lib/gcc/arm-none-eabi/15.2.0/../../../../arm-none-eabi/lib/thumb/v7e-m+fp/hard/libc_nano.a(libc_a-memset.o)
 .debug_rnglists
                0x000000df       0x2c /usr/lib/gcc/arm-none-eabi/15.2.0/../../../../arm-none-eabi/lib/thumb/v7e-m+fp/hard/libc_nano.a(libc_a-reent.o)
 .debug_rnglists
                0x0000010b       0x13 /usr/lib/gcc/arm-none-eabi/15.2.0/../../../../arm-none-eabi/lib/thumb/v7e-m+fp/hard/libc_nano.a(libc_a-sbrkr.o)
 .debug_rnglists
                0x0000011e       0x13 /usr/lib/gcc/arm-none-eabi/15.2.0/../../../../arm-none-eabi/lib/thumb/v7e-m+fp/hard/libc_nano.a(libc_a-errno.o)
 .debug_rnglists
                0x00000131       0x13 /usr/lib/gcc/arm-none-eabi/15.2.0/../../../../arm-none-eabi/lib/thumb/v7e-m+fp/hard/libc_nano.a(libc_a-init.o)
 .debug_rnglists
                0x00000144       0x49 /usr/lib/gcc/arm-none-eabi/15.2.0/../../../../arm-none-eabi/lib/thumb/v7e-m+fp/hard/libc_nano.a(libc_a-lock.o)
 .debug_rnglists
                0x0000018d       0x20 /usr/lib/gcc/arm-none-eabi/15.2.0/../../../../arm-none-eabi/lib/thumb/v7e-m+fp/hard/libc_nano.a(libc_a-freer.o)
 .debug_rnglists
                0x000001ad       0x8e /usr/lib/gcc/arm-none-eabi/15.2.0/thumb/v7e-m+fp/hard/libgcc.a(_udivmoddi4.o)

.debug_line_str
                0x00000000       0xb7
 .debug_line_str
                0x00000000       0xb7 /usr/lib/gcc/arm-none-eabi/15.2.0/thumb/v7e-m+fp/hard/libgcc.a(_aeabi_uldivmod.o)
                                 0xab (size before relaxing)
 .debug_line_str
                0x000000b7        0x0 /usr/lib/gcc/arm-none-eabi/15.2.0/thumb/v7e-m+fp/hard/libgcc.a(_dvmd_tls.o)
                                 0xaf (size before relaxing)

Cross Reference Table

Symbol                                            File
ADC_IRQHandler                                    build/startup_stm32f407xx.o
AHBPrescTable                                     build/system_stm32f4xx.o
                                                  build/stm32f4xx_hal_rcc.o
APBPrescTable                                     build/system_stm32f4xx.o
                                                  build/stm32f4xx_hal_rcc.o
Appli_state                                       build/usb_host.o
BusFault_Handler                                  build/stm32f4xx_it.o
CAN1_RX0_IRQHandler                               build/stm32f4xx_it.o
CAN1_RX1_IRQHandler                               build/startup_stm32f407xx.o
CAN1_SCE_IRQHandler                               build/startup_stm32f407xx.o
CAN1_TX_IRQHandler                                build/startup_stm32f407xx.o
CAN2_RX0_IRQHandler                               build/startup_stm32f407xx.o
CAN2_RX1_IRQHandler                               build/startup_stm32f407xx.o
CAN2_SCE_IRQHandler                               build/startup_stm32f407xx.o
CAN2_TX_IRQHandler                                build/startup_stm32f407xx.o
CDC_Class                                         build/usbh_cdc.o