Archive member included to satisfy reference by file (symbol)

/usr/lib/gcc/arm-none-eabi/13.2.1/../../../arm-none-eabi/lib/thumb/v7e-m+fp/hard/libc_nano.a(libc_a-init.o)
                              /usr/lib/gcc/arm-none-eabi/13.2.1/../../../arm-none-eabi/lib/thumb/v7e-m+fp/hard/crt0.o (__libc_init_array)
/usr/lib/gcc/arm-none-eabi/13.2.1/../../../arm-none-eabi/lib/thumb/v7e-m+fp/hard/libc_nano.a(libc_a-memset.o)
                              /usr/lib/gcc/arm-none-eabi/13.2.1/../../../arm-none-eabi/lib/thumb/v7e-m+fp/hard/crt0.o (memset)
/usr/lib/gcc/arm-none-eabi/13.2.1/../../../arm-none-eabi/lib/thumb/v7e-m+fp/hard/libc_nano.a(libc_a-errno.o)
                              build/sysmem.o (__errno)
/usr/lib/gcc/arm-none-eabi/13.2.1/../../../arm-none-eabi/lib/thumb/v7e-m+fp/hard/libc_nano.a(libc_a-exit.o)
                              /usr/lib/gcc/arm-none-eabi/13.2.1/../../../arm-none-eabi/lib/thumb/v7e-m+fp/hard/crt0.o (exit)
/usr/lib/gcc/arm-none-eabi/13.2.1/../../../arm-none-eabi/lib/thumb/v7e-m+fp/hard/libc_nano.a(libc_a-atexit.o)
                              /usr/lib/gcc/arm-none-eabi/13.2.1/../../../arm-none-eabi/lib/thumb/v7e-m+fp/hard/crt0.o (atexit)
/usr/lib/gcc/arm-none-eabi/13.2.1/../../../arm-none-eabi/lib/thumb/v7e-m+fp/hard/libc_nano.a(libc_a-fini.o)
                              /usr/lib/gcc/arm-none-eabi/13.2.1/../../../arm-none-eabi/lib/thumb/v7e-m+fp/hard/crt0.o (__libc_fini_array)
/usr/lib/gcc/arm-none-eabi/13.2.1/../../../arm-none-eabi/lib/thumb/v7e-m+fp/hard/libc_nano.a(libc_a-impure.o)
                              /usr/lib/gcc/arm-none-eabi/13.2.1/../../../arm-none-eabi/lib/thumb/v7e-m+fp/hard/libc_nano.a(libc_a-errno.o) (_impure_ptr)
/usr/lib/gcc/arm-none-eabi/13.2.1/../../../arm-none-eabi/lib/thumb/v7e-m+fp/hard/libc_nano.a(libc_a-findfp.o)
                              /usr/lib/gcc/arm-none-eabi/13.2.1/../../../arm-none-eabi/lib/thumb/v7e-m+fp/hard/libc_nano.a(libc_a-exit.o) (__stdio_exit_handler)
/usr/lib/gcc/arm-none-eabi/13.2.1/../../../arm-none-eabi/lib/thumb/v7e-m+fp/hard/libc_nano.a(libc_a-fflush.o)
                              /usr/lib/gcc/arm-none-eabi/13.2.1/../../../arm-none-eabi/lib/thumb/v7e-m+fp/hard/libc_nano.a(libc_a-findfp.o) (_fflush_r)
/usr/lib/gcc/arm-none-eabi/13.2.1/../../../arm-none-eabi/lib/thumb/v7e-m+fp/hard/libc_nano.a(libc_a-mallocr.o)
                              /usr/lib/gcc/arm-none-eabi/13.2.1/../../../arm-none-eabi/lib/thumb/v7e-m+fp/hard/libc_nano.a(libc_a-findfp.o) (_malloc_r)
/usr/lib/gcc/arm-none-eabi/13.2.1/../../../arm-none-eabi/lib/thumb/v7e-m+fp/hard/libc_nano.a(libc_a-freer.o)
                              /usr/lib/gcc/arm-none-eabi/13.2.1/../../../arm-none-eabi/lib/thumb/v7e-m+fp/hard/libc_nano.a(libc_a-fflush.o) (_free_r)
/usr/lib/gcc/arm-none-eabi/13.2.1/../../../arm-none-eabi/lib/thumb/v7e-m+fp/hard/libc_nano.a(libc_a-fwalk.o)
                              /usr/lib/gcc/arm-none-eabi/13.2.1/../../../arm-none-eabi/lib/thumb/v7e-m+fp/hard/libc_nano.a(libc_a-findfp.o) (_fwalk_sglue)
/usr/lib/gcc/arm-none-eabi/13.2.1/../../../arm-none-eabi/lib/thumb/v7e-m+fp/hard/libc_nano.a(libc_a-__atexit.o)
                              /usr/lib/gcc/arm-none-eabi/13.2.1/../../../arm-none-eabi/lib/thumb/v7e-m+fp/hard/libc_nano.a(libc_a-atexit.o) (__register_exitproc)
/usr/lib/gcc/arm-none-eabi/13.2.1/../../../arm-none-eabi/lib/thumb/v7e-m+fp/hard/libc_nano.a(libc_a-mlock.o)
                              /usr/lib/gcc/arm-none-eabi/13.2.1/../../../arm-none-eabi/lib/thumb/v7e-m+fp/hard/libc_nano.a(libc_a-mallocr.o) (__malloc_lock)
/usr/lib/gcc/arm-none-eabi/13.2.1/../../../arm-none-eabi/lib/thumb/v7e-m+fp/hard/libc_nano.a(libc_a-sbrkr.o)
                              /usr/lib/gcc/arm-none-eabi/13.2.1/../../../arm-none-eabi/lib/thumb/v7e-m+fp/hard/libc_nano.a(libc_a-mallocr.o) (_sbrk_r)
/usr/lib/gcc/arm-none-eabi/13.2.1/../../../arm-none-eabi/lib/thumb/v7e-m+fp/hard/libc_nano.a(libc_a-stdio.o)
                              /usr/lib/gcc/arm-none-eabi/13.2.1/../../../arm-none-eabi/lib/thumb/v7e-m+fp/hard/libc_nano.a(libc_a-findfp.o) (__sread)
/usr/lib/gcc/arm-none-eabi/13.2.1/../../../arm-none-eabi/lib/thumb/v7e-m+fp/hard/libc_nano.a(libc_a-closer.o)
                              /usr/lib/gcc/arm-none-eabi/13.2.1/../../../arm-none-eabi/lib/thumb/v7e-m+fp/hard/libc_nano.a(libc_a-stdio.o) (_close_r)
/usr/lib/gcc/arm-none-eabi/13.2.1/../../../arm-none-eabi/lib/thumb/v7e-m+fp/hard/libc_nano.a(libc_a-__call_atexit.o)
                              /usr/lib/gcc/arm-none-eabi/13.2.1/../../../arm-none-eabi/lib/thumb/v7e-m+fp/hard/libc_nano.a(libc_a-__atexit.o) (__call_exitprocs)
/usr/lib/gcc/arm-none-eabi/13.2.1/../../../arm-none-eabi/lib/thumb/v7e-m+fp/hard/libc_nano.a(libc_a-readr.o)
                              /usr/lib/gcc/arm-none-eabi/13.2.1/../../../arm-none-eabi/lib/thumb/v7e-m+fp/hard/libc_nano.a(libc_a-stdio.o) (_read_r)
/usr/lib/gcc/arm-none-eabi/13.2.1/../../../arm-none-eabi/lib/thumb/v7e-m+fp/hard/libc_nano.a(libc_a-reent.o)
[...]
Memory Configuration

Name             Origin             Length             Attributes
RAM              0x20000000         0x00050000         xrw
FLASH            0x08000000         0x00180000         xr
*default*        0x00000000         0xffffffff

Linker script and memory map

LOAD /usr/lib/gcc/arm-none-eabi/13.2.1/thumb/v7e-m+fp/hard/crti.o
LOAD /usr/lib/gcc/arm-none-eabi/13.2.1/thumb/v7e-m+fp/hard/crtbegin.o
LOAD /usr/lib/gcc/arm-none-eabi/13.2.1/../../../arm-none-eabi/lib/thumb/v7e-m+fp/hard/crt0.o
LOAD build/main.o
LOAD build/stm32f4xx_it.o
LOAD build/stm32f4xx_hal_msp.o
LOAD build/stm32f4xx_hal_can.o
LOAD build/stm32f4xx_hal_rcc.o
LOAD build/stm32f4xx_hal_rcc_ex.o
LOAD build/stm32f4xx_hal_flash.o
LOAD build/stm32f4xx_hal_flash_ex.o
LOAD build/stm32f4xx_hal_flash_ramfunc.o
LOAD build/stm32f4xx_hal_gpio.o
LOAD build/stm32f4xx_hal_dma_ex.o
LOAD build/stm32f4xx_hal_dma.o
LOAD build/stm32f4xx_hal_pwr.o
LOAD build/stm32f4xx_hal_pwr_ex.o
LOAD build/stm32f4xx_hal_cortex.o
LOAD build/stm32f4xx_hal.o
LOAD build/stm32f4xx_hal_exti.o
LOAD build/stm32f4xx_hal_uart.o
LOAD build/stm32f4xx_hal_pcd.o
LOAD build/stm32f4xx_hal_pcd_ex.o
LOAD build/stm32f4xx_ll_usb.o
LOAD build/system_stm32f4xx.o
LOAD build/sysmem.o
LOAD build/syscalls.o
LOAD build/stm32f4xx_hal_tim.o
LOAD build/stm32f4xx_hal_tim_ex.o
LOAD build/startup_stm32f413xx.o
LOAD /usr/lib/gcc/arm-none-eabi/13.2.1/../../../arm-none-eabi/lib/thumb/v7e-m+fp/hard/libc_nano.a
LOAD /usr/lib/gcc/arm-none-eabi/13.2.1/../../../arm-none-eabi/lib/thumb/v7e-m+fp/hard/libm.a
LOAD /usr/lib/gcc/arm-none-eabi/13.2.1/../../../arm-none-eabi/lib/thumb/v7e-m+fp/hard/libnosys.a
START GROUP
LOAD /usr/lib/gcc/arm-none-eabi/13.2.1/thumb/v7e-m+fp/hard/libgcc.a
LOAD /usr/lib/gcc/arm-none-eabi/13.2.1/../../../arm-none-eabi/lib/thumb/v7e-m+fp/hard/libc_nano.a
END GROUP
START GROUP
LOAD /usr/lib/gcc/arm-none-eabi/13.2.1/thumb/v7e-m+fp/hard/libgcc.a
LOAD /usr/lib/gcc/arm-none-eabi/13.2.1/../../../arm-none-eabi/lib/thumb/v7e-m+fp/hard/libc_nano.a
END GROUP
LOAD /usr/lib/gcc/arm-none-eabi/13.2.1/thumb/v7e-m+fp/hard/crtend.o
LOAD /usr/lib/gcc/arm-none-eabi/13.2.1/thumb/v7e-m+fp/hard/crtn.o
                0x20050000                        _estack = (ORIGIN (RAM) + LENGTH (RAM))
                0x2004fc00                        _sstack = (_estack - _Min_Stack_Size)
                0x00000200                        _Min_Heap_Size = 0x200
                0x00000400                        _Min_Stack_Size = 0x400

.isr_vector     0x08000000      0x1d8
                0x08000000                        . = ALIGN (0x4)
 *(.isr_vector)
 .isr_vector    0x08000000      0x1d8 build/startup_stm32f413xx.o
                0x08000000                g_pfnVectors
                0x080001d8                        . = ALIGN (0x4)

.text           0x080001d8     0x2fb8
                0x080001d8                        . = ALIGN (0x4)
 *(.text)
 .text          0x080001d8       0x88 /usr/lib/gcc/arm-none-eabi/13.2.1/thumb/v7e-m+fp/hard/crtbegin.o
 .text          0x08000260       0x50 /usr/lib/gcc/arm-none-eabi/13.2.1/../../../arm-none-eabi/lib/thumb/v7e-m+fp/hard/libc_nano.a(libc_a-init.o)
                0x08000260                __libc_init_array
 .text          0x080002b0       0xa4 /usr/lib/gcc/arm-none-eabi/13.2.1/../../../arm-none-eabi/lib/thumb/v7e-m+fp/hard/libc_nano.a(libc_a-memset.o)
                0x080002b0                memset
 .text          0x08000354       0x30 /usr/lib/gcc/arm-none-eabi/13.2.1/thumb/v7e-m+fp/hard/libgcc.a(_aeabi_uldivmod.o)
                0x08000354                __aeabi_uldivmod
 .text          0x08000384      0x2bc /usr/lib/gcc/arm-none-eabi/13.2.1/thumb/v7e-m+fp/hard/libgcc.a(_udivmoddi4.o)
                0x08000384                __udivmoddi4
 .text          0x08000640        0x4 /usr/lib/gcc/arm-none-eabi/13.2.1/thumb/v7e-m+fp/hard/libgcc.a(_dvmd_tls.o)
                0x08000640                __aeabi_ldiv0
                0x08000640                __aeabi_idiv0
 *(.text*)
 .text.MX_GPIO_Init
                0x08000644      0x1ac build/main.o
 .text.HAL_CAN_RxFifo0MsgPendingCallback
                0x080007f0       0xdc build/main.o
                0x080007f0                HAL_CAN_RxFifo0MsgPendingCallback
 .text.Error_Handler
                0x080008cc        0x4 build/main.o
                0x080008cc                Error_Handler
 .text.MX_CAN1_Init
                0x080008d0       0x40 build/main.o
 .text.MX_USART3_UART_Init
                0x08000910       0x34 build/main.o
 .text.MX_USB_OTG_FS_PCD_Init
                0x08000944       0x38 build/main.o
 .text.MX_TIM2_Init
                0x0800097c       0xa4 build/main.o
 .text.SystemClock_Config
                0x08000a20       0xa8 build/main.o
                0x08000a20                SystemClock_Config
 .text.main     0x08000ac8      0x138 build/main.o
                0x08000ac8                main
 .text.NMI_Handler
                0x08000c00        0x2 build/stm32f4xx_it.o
                0x08000c00                NMI_Handler
 .text.HardFault_Handler
                0x08000c02        0x2 build/stm32f4xx_it.o
                0x08000c02                HardFault_Handler
 .text.MemManage_Handler
                0x08000c04        0x2 build/stm32f4xx_it.o
                0x08000c04                MemManage_Handler
 .text.BusFault_Handler
                0x08000c06        0x2 build/stm32f4xx_it.o
                0x08000c06                BusFault_Handler
 .text.UsageFault_Handler
                0x08000c08        0x2 build/stm32f4xx_it.o
                0x08000c08                UsageFault_Handler
 .text.SVC_Handler
                0x08000c0a        0x2 build/stm32f4xx_it.o
                0x08000c0a                SVC_Handler
 .text.DebugMon_Handler
                0x08000c0c        0x2 build/stm32f4xx_it.o
                0x08000c0c                DebugMon_Handler
 .text.PendSV_Handler
                0x08000c0e        0x2 build/stm32f4xx_it.o
                0x08000c0e                PendSV_Handler
 .text.SysTick_Handler
                0x08000c10        0x8 build/stm32f4xx_it.o
                0x08000c10                SysTick_Handler
 .text.CAN1_RX0_IRQHandler
                0x08000c18       0x10 build/stm32f4xx_it.o
                0x08000c18                CAN1_RX0_IRQHandler
 .text.HAL_MspInit
                0x08000c28       0x38 build/stm32f4xx_hal_msp.o
                0x08000c28                HAL_MspInit
 .text.HAL_CAN_MspInit
                0x08000c60       0x7c build/stm32f4xx_hal_msp.o
                0x08000c60                HAL_CAN_MspInit
 .text.HAL_TIM_Base_MspInit
                0x08000cdc       0x2c build/stm32f4xx_hal_msp.o
                0x08000cdc                HAL_TIM_Base_MspInit
 .text.HAL_TIM_MspPostInit
                0x08000d08       0x58 build/stm32f4xx_hal_msp.o
                0x08000d08                HAL_TIM_MspPostInit
 .text.HAL_UART_MspInit
                0x08000d60       0x70 build/stm32f4xx_hal_msp.o
                0x08000d60                HAL_UART_MspInit
 .text.HAL_PCD_MspInit
                0x08000dd0       0xa8 build/stm32f4xx_hal_msp.o
                0x08000dd0                HAL_PCD_MspInit
 .text.HAL_CAN_Init
                0x08000e78      0x14c build/stm32f4xx_hal_can.o
                0x08000e78                HAL_CAN_Init
 .text.HAL_CAN_ConfigFilter
                0x08000fc4      0x13c build/stm32f4xx_hal_can.o
                0x08000fc4                HAL_CAN_ConfigFilter
 .text.HAL_CAN_Start
                0x08001100       0x5c build/stm32f4xx_hal_can.o
                0x08001100                HAL_CAN_Start
 .text.HAL_CAN_GetRxMessage
                0x0800115c      0x16a build/stm32f4xx_hal_can.o
                0x0800115c                HAL_CAN_GetRxMessage
 .text.HAL_CAN_ActivateNotification
                0x080012c6       0x24 build/stm32f4xx_hal_can.o
                0x080012c6                HAL_CAN_ActivateNotification
 .text.HAL_CAN_TxMailbox0CompleteCallback
                0x080012ea        0x2 build/stm32f4xx_hal_can.o
                0x080012ea                HAL_CAN_TxMailbox0CompleteCallback
 .text.HAL_CAN_TxMailbox1CompleteCallback
                0x080012ec        0x2 build/stm32f4xx_hal_can.o
                0x080012ec                HAL_CAN_TxMailbox1CompleteCallback
 .text.HAL_CAN_TxMailbox2CompleteCallback
                0x080012ee        0x2 build/stm32f4xx_hal_can.o
                0x080012ee                HAL_CAN_TxMailbox2CompleteCallback
 .text.HAL_CAN_TxMailbox0AbortCallback
                0x080012f0        0x2 build/stm32f4xx_hal_can.o
                0x080012f0                HAL_CAN_TxMailbox0AbortCallback
 .text.HAL_CAN_TxMailbox1AbortCallback
                0x080012f2        0x2 build/stm32f4xx_hal_can.o
                0x080012f2                HAL_CAN_TxMailbox1AbortCallback
 .text.HAL_CAN_TxMailbox2AbortCallback
                0x080012f4        0x2 build/stm32f4xx_hal_can.o
                0x080012f4                HAL_CAN_TxMailbox2AbortCallback
 .text.HAL_CAN_RxFifo0FullCallback
                0x080012f6        0x2 build/stm32f4xx_hal_can.o
                0x080012f6                HAL_CAN_RxFifo0FullCallback
 .text.HAL_CAN_RxFifo1MsgPendingCallback
                0x080012f8        0x2 build/stm32f4xx_hal_can.o
                0x080012f8                HAL_CAN_RxFifo1MsgPendingCallback
 .text.HAL_CAN_RxFifo1FullCallback
                0x080012fa        0x2 build/stm32f4xx_hal_can.o
                0x080012fa                HAL_CAN_RxFifo1FullCallback
 .text.HAL_CAN_SleepCallback
                0x080012fc        0x2 build/stm32f4xx_hal_can.o
                0x080012fc                HAL_CAN_SleepCallback
 .text.HAL_CAN_WakeUpFromRxMsgCallback
                0x080012fe        0x2 build/stm32f4xx_hal_can.o
                0x080012fe                HAL_CAN_WakeUpFromRxMsgCallback
 .text.HAL_CAN_ErrorCallback
                0x08001300        0x2 build/stm32f4xx_hal_can.o
                0x08001300                HAL_CAN_ErrorCallback
 .text.HAL_CAN_IRQHandler
                0x08001302      0x250 build/stm32f4xx_hal_can.o
                0x08001302                HAL_CAN_IRQHandler
 *fill*         0x08001552        0x2 
 .text.HAL_RCC_GetSysClockFreq
                0x08001554       0xdc build/stm32f4xx_hal_rcc.o
                0x08001554                HAL_RCC_GetSysClockFreq
 .text.HAL_RCC_ClockConfig
                0x08001630      0x160 build/stm32f4xx_hal_rcc.o
                0x08001630                HAL_RCC_ClockConfig
 .text.HAL_RCC_GetHCLKFreq
                0x08001790        0xc build/stm32f4xx_hal_rcc.o
                0x08001790                HAL_RCC_GetHCLKFreq
 .text.HAL_RCC_GetPCLK1Freq
                0x0800179c       0x20 build/stm32f4xx_hal_rcc.o
                0x0800179c                HAL_RCC_GetPCLK1Freq
 .text.HAL_RCC_GetPCLK2Freq
                0x080017bc       0x20 build/stm32f4xx_hal_rcc.o
                0x080017bc                HAL_RCC_GetPCLK2Freq
 .text.HAL_RCCEx_PeriphCLKConfig
                0x080017dc      0x3dc build/stm32f4xx_hal_rcc_ex.o
                0x080017dc                HAL_RCCEx_PeriphCLKConfig
 .text.HAL_RCC_OscConfig
                0x08001bb8      0x410 build/stm32f4xx_hal_rcc_ex.o
                0x08001bb8                HAL_RCC_OscConfig
 .text.HAL_GPIO_Init
                0x08001fc8      0x1e0 build/stm32f4xx_hal_gpio.o
                0x08001fc8                HAL_GPIO_Init
 .text.HAL_GPIO_WritePin
                0x080021a8        0xc build/stm32f4xx_hal_gpio.o
                0x080021a8                HAL_GPIO_WritePin
 .text.HAL_GPIO_TogglePin
                0x080021b4       0x12 build/stm32f4xx_hal_gpio.o
                0x080021b4                HAL_GPIO_TogglePin
 *fill*         0x080021c6        0x2 
 .text.__NVIC_EnableIRQ
                0x080021c8       0x1c build/stm32f4xx_hal_cortex.o
 .text.__NVIC_SetPriority
                0x080021e4       0x28 build/stm32f4xx_hal_cortex.o
 .text.NVIC_EncodePriority
                0x0800220c       0x3e build/stm32f4xx_hal_cortex.o
 *fill*         0x0800224a        0x2 
 .text.HAL_NVIC_SetPriorityGrouping
                0x0800224c       0x24 build/stm32f4xx_hal_cortex.o
                0x0800224c                HAL_NVIC_SetPriorityGrouping
 .text.HAL_NVIC_SetPriority
                0x08002270       0x20 build/stm32f4xx_hal_cortex.o
                0x08002270                HAL_NVIC_SetPriority
 .text.HAL_NVIC_EnableIRQ
                0x08002290        0x8 build/stm32f4xx_hal_cortex.o
                0x08002290                HAL_NVIC_EnableIRQ
 .text.HAL_SYSTICK_Config
                0x08002298       0x28 build/stm32f4xx_hal_cortex.o
                0x08002298                HAL_SYSTICK_Config
 .text.HAL_InitTick
                0x080022c0       0x4c build/stm32f4xx_hal.o
                0x080022c0                HAL_InitTick
 .text.HAL_Init
                0x0800230c       0x34 build/stm32f4xx_hal.o
                0x0800230c                HAL_Init
 .text.HAL_IncTick
                0x08002340       0x18 build/stm32f4xx_hal.o
                0x08002340                HAL_IncTick
 .text.HAL_GetTick
                0x08002358        0xc build/stm32f4xx_hal.o
                0x08002358                HAL_GetTick
 .text.HAL_Delay
                0x08002364       0x28 build/stm32f4xx_hal.o
                0x08002364                HAL_Delay
 .text.UART_SetConfig
                0x0800238c      0x120 build/stm32f4xx_hal_uart.o
 .text.HAL_UART_Init
                0x080024ac       0x60 build/stm32f4xx_hal_uart.o
                0x080024ac                HAL_UART_Init
 .text.HAL_PCD_Init
                0x0800250c      0x112 build/stm32f4xx_hal_pcd.o
                0x0800250c                HAL_PCD_Init
 .text.HAL_PCDEx_ActivateLPM
                0x0800261e       0x26 build/stm32f4xx_hal_pcd_ex.o
                0x0800261e                HAL_PCDEx_ActivateLPM
 .text.USB_CoreReset
                0x08002644       0x58 build/stm32f4xx_ll_usb.o
 .text.USB_CoreInit
                0x0800269c       0x92 build/stm32f4xx_ll_usb.o
                0x0800269c                USB_CoreInit
 .text.USB_DisableGlobalInt
                0x0800272e        0xc build/stm32f4xx_ll_usb.o
                0x0800272e                USB_DisableGlobalInt
 .text.USB_FlushTxFifo
                0x0800273a       0x4a build/stm32f4xx_ll_usb.o
                0x0800273a                USB_FlushTxFifo
 .text.USB_FlushRxFifo
                0x08002784       0x46 build/stm32f4xx_ll_usb.o
                0x08002784                USB_FlushRxFifo
 .text.USB_SetDevSpeed
                0x080027ca        0xe build/stm32f4xx_ll_usb.o
                0x080027ca                USB_SetDevSpeed
 .text.USB_DevInit
                0x080027d8      0x18c build/stm32f4xx_ll_usb.o
                0x080027d8                USB_DevInit
 .text.USB_DevDisconnect
                0x08002964       0x1c build/stm32f4xx_ll_usb.o
                0x08002964                USB_DevDisconnect
 .text.USB_GetMode
                0x08002980        0x8 build/stm32f4xx_ll_usb.o
                0x08002980                USB_GetMode
 .text.USB_SetCurrentMode
                0x08002988       0x62 build/stm32f4xx_ll_usb.o
                0x08002988                USB_SetCurrentMode
 *fill*         0x080029ea        0x2 
 .text.SystemInit
                0x080029ec       0x14 build/system_stm32f4xx.o
                0x080029ec                SystemInit
 .text.TIM_OC1_SetConfig
                0x08002a00       0x70 build/stm32f4xx_hal_tim.o
 .text.TIM_OC3_SetConfig
                0x08002a70       0x70 build/stm32f4xx_hal_tim.o
 .text.TIM_OC4_SetConfig
                0x08002ae0       0x50 build/stm32f4xx_hal_tim.o
 .text.TIM_TI1_ConfigInputStage
                0x08002b30       0x26 build/stm32f4xx_hal_tim.o
 .text.TIM_TI2_ConfigInputStage
                0x08002b56       0x28 build/stm32f4xx_hal_tim.o
 .text.TIM_ITRx_SetConfig
                0x08002b7e       0x10 build/stm32f4xx_hal_tim.o
 .text.HAL_TIM_PWM_MspInit
                0x08002b8e        0x2 build/stm32f4xx_hal_tim.o
                0x08002b8e                HAL_TIM_PWM_MspInit
 .text.TIM_Base_SetConfig
                0x08002b90       0xd0 build/stm32f4xx_hal_tim.o
                0x08002b90                TIM_Base_SetConfig
 .text.HAL_TIM_Base_Init
                0x08002c60       0x58 build/stm32f4xx_hal_tim.o
                0x08002c60                HAL_TIM_Base_Init
 .text.HAL_TIM_PWM_Init
                0x08002cb8       0x58 build/stm32f4xx_hal_tim.o
                0x08002cb8                HAL_TIM_PWM_Init
 .text.TIM_OC2_SetConfig
                0x08002d10       0x70 build/stm32f4xx_hal_tim.o
                0x08002d10                TIM_OC2_SetConfig
 .text.HAL_TIM_PWM_ConfigChannel
                0x08002d80       0xdc build/stm32f4xx_hal_tim.o
                0x08002d80                HAL_TIM_PWM_ConfigChannel
 .text.TIM_ETR_SetConfig
                0x08002e5c       0x1a build/stm32f4xx_hal_tim.o
                0x08002e5c                TIM_ETR_SetConfig
 .text.HAL_TIM_ConfigClockSource
                0x08002e76       0xfe build/stm32f4xx_hal_tim.o
                0x08002e76                HAL_TIM_ConfigClockSource
 .text.TIM_CCxChannelCmd
                0x08002f74       0x1e build/stm32f4xx_hal_tim.o
                0x08002f74                TIM_CCxChannelCmd
 *fill*         0x08002f92        0x2 
 .text.HAL_TIM_PWM_Start
                0x08002f94      0x104 build/stm32f4xx_hal_tim.o
                0x08002f94                HAL_TIM_PWM_Start
 .text.HAL_TIMEx_MasterConfigSynchronization
                0x08003098       0x8c build/stm32f4xx_hal_tim_ex.o
                0x08003098                HAL_TIMEx_MasterConfigSynchronization
 .text.Reset_Handler
                0x08003124       0x50 build/startup_stm32f413xx.o
                0x08003124                Reset_Handler
 .text.Default_Handler
                0x08003174        0x2 build/startup_stm32f413xx.o
                0x08003174                RTC_Alarm_IRQHandler
                0x08003174                EXTI2_IRQHandler
                0x08003174                TIM8_CC_IRQHandler
                0x08003174                UART8_IRQHandler
                0x08003174                FMPI2C1_EV_IRQHandler
                0x08003174                SPI4_IRQHandler
                0x08003174                TIM1_CC_IRQHandler
                0x08003174                DMA2_Stream5_IRQHandler
                0x08003174                DMA1_Stream5_IRQHandler
                0x08003174                CAN3_RX1_IRQHandler
                0x08003174                PVD_IRQHandler
                0x08003174                SDIO_IRQHandler
                0x08003174                TAMP_STAMP_IRQHandler
                0x08003174                CAN2_RX1_IRQHandler
                0x08003174                EXTI3_IRQHandler
                0x08003174                TIM8_TRG_COM_TIM14_IRQHandler
                0x08003174                DFSDM1_FLT1_IRQHandler
                0x08003174                TIM1_UP_TIM10_IRQHandler
                0x08003174                TIM8_UP_TIM13_IRQHandler
                0x08003174                I2C3_ER_IRQHandler
                0x08003174                EXTI0_IRQHandler
                0x08003174                I2C2_EV_IRQHandler
                0x08003174                DMA1_Stream2_IRQHandler
                0x08003174                FPU_IRQHandler
                0x08003174                CAN3_SCE_IRQHandler
                0x08003174                CAN2_SCE_IRQHandler
                0x08003174                DMA2_Stream2_IRQHandler
                0x08003174                SPI1_IRQHandler
                0x08003174                TIM6_DAC_IRQHandler
                0x08003174                TIM1_BRK_TIM9_IRQHandler
                0x08003174                CAN2_RX0_IRQHandler
                0x08003174                DMA2_Stream3_IRQHandler
                0x08003174                USART6_IRQHandler
                0x08003174                CAN3_RX0_IRQHandler
                0x08003174                USART3_IRQHandler
                0x08003174                DFSDM2_FLT3_IRQHandler
                0x08003174                CAN1_RX1_IRQHandler
                0x08003174                UART5_IRQHandler
                0x08003174                DMA2_Stream0_IRQHandler
                0x08003174                TIM4_IRQHandler
                0x08003174                QUADSPI_IRQHandler
                0x08003174                I2C1_EV_IRQHandler
                0x08003174                DMA1_Stream6_IRQHandler
                0x08003174                DMA1_Stream1_IRQHandler
                0x08003174                UART4_IRQHandler
                0x08003174                TIM3_IRQHandler
                0x08003174                RCC_IRQHandler
                0x08003174                UART9_IRQHandler
                0x08003174                TIM8_BRK_TIM12_IRQHandler
                0x08003174                Default_Handler
                0x08003174                EXTI15_10_IRQHandler
                0x08003174                ADC_IRQHandler
                0x08003174                DMA1_Stream7_IRQHandler
                0x08003174                DFSDM2_FLT0_IRQHandler
                0x08003174                SPI5_IRQHandler
                0x08003174                TIM7_IRQHandler
                0x08003174                CAN2_TX_IRQHandler
                0x08003174                TIM5_IRQHandler
                0x08003174                DMA2_Stream7_IRQHandler
                0x08003174                I2C3_EV_IRQHandler
                0x08003174                DFSDM2_FLT2_IRQHandler
                0x08003174                EXTI9_5_IRQHandler
                0x08003174                RTC_WKUP_IRQHandler
                0x08003174                SPI2_IRQHandler
                0x08003174                DMA1_Stream0_IRQHandler
                0x08003174                CAN1_TX_IRQHandler
                0x08003174                FMPI2C1_ER_IRQHandler
                0x08003174                EXTI4_IRQHandler
                0x08003174                DFSDM2_FLT1_IRQHandler
                0x08003174                RNG_IRQHandler
                0x08003174                FSMC_IRQHandler
                0x08003174                WWDG_IRQHandler
                0x08003174                CAN3_TX_IRQHandler
                0x08003174                TIM2_IRQHandler
                0x08003174                OTG_FS_WKUP_IRQHandler
                0x08003174                TIM1_TRG_COM_TIM11_IRQHandler
                0x08003174                EXTI1_IRQHandler
                0x08003174                UART7_IRQHandler
                0x08003174                USART2_IRQHandler
                0x08003174                DFSDM1_FLT0_IRQHandler
                0x08003174                I2C2_ER_IRQHandler
                0x08003174                DMA2_Stream1_IRQHandler
                0x08003174                CAN1_SCE_IRQHandler
                0x08003174                FLASH_IRQHandler
                0x08003174                DMA2_Stream4_IRQHandler
                0x08003174                USART1_IRQHandler
                0x08003174                OTG_FS_IRQHandler
                0x08003174                SPI3_IRQHandler
                0x08003174                DMA1_Stream4_IRQHandler
                0x08003174                I2C1_ER_IRQHandler
                0x08003174                LPTIM1_IRQHandler
                0x08003174                DMA2_Stream6_IRQHandler
                0x08003174                UART10_IRQHandler
                0x08003174                SAI1_IRQHandler
                0x08003174                DMA1_Stream3_IRQHandler
 *(.glue_7)
 .glue_7        0x08003176        0x0 linker stubs
 *(.glue_7t)
 .glue_7t       0x08003176        0x0 linker stubs
 *(.eh_frame)
 *fill*         0x08003176        0x2 
 .eh_frame      0x08003178        0x0 /usr/lib/gcc/arm-none-eabi/13.2.1/thumb/v7e-m+fp/hard/crtbegin.o
 *(.init)
 .init          0x08003178        0x4 /usr/lib/gcc/arm-none-eabi/13.2.1/thumb/v7e-m+fp/hard/crti.o
                0x08003178                _init
 .init          0x0800317c        0x8 /usr/lib/gcc/arm-none-eabi/13.2.1/thumb/v7e-m+fp/hard/crtn.o
 *(.fini)
 .fini          0x08003184        0x4 /usr/lib/gcc/arm-none-eabi/13.2.1/thumb/v7e-m+fp/hard/crti.o
                0x08003184                _fini
 .fini          0x08003188        0x8 /usr/lib/gcc/arm-none-eabi/13.2.1/thumb/v7e-m+fp/hard/crtn.o
                0x08003190                        . = ALIGN (0x4)
                0x08003190                        _etext = .

.vfp11_veneer   0x08003190        0x0
 .vfp11_veneer  0x08003190        0x0 linker stubs

.v4_bx          0x08003190        0x0
 .v4_bx         0x08003190        0x0 linker stubs

.iplt           0x08003190        0x0
 .iplt          0x08003190        0x0 /usr/lib/gcc/arm-none-eabi/13.2.1/thumb/v7e-m+fp/hard/crtbegin.o

.rodata         0x08003190       0x18
                0x08003190                        . = ALIGN (0x4)
 *(.rodata)
 *(.rodata*)
 .rodata.APBPrescTable
                0x08003190        0x8 build/system_stm32f4xx.o
                0x08003190                APBPrescTable
 .rodata.AHBPrescTable
                0x08003198       0x10 build/system_stm32f4xx.o
                0x08003198                AHBPrescTable
                0x080031a8                        . = ALIGN (0x4)

.ARM.extab      0x080031a8        0x0
                0x080031a8                        . = ALIGN (0x4)
 *(.ARM.extab* .gnu.linkonce.armextab.*)
                0x080031a8                        . = ALIGN (0x4)

.ARM            0x080031a8        0x8
                0x080031a8                        . = ALIGN (0x4)
                0x080031a8                        __exidx_start = .
 *(.ARM.exidx*)
 .ARM.exidx     0x080031a8        0x8 /usr/lib/gcc/arm-none-eabi/13.2.1/thumb/v7e-m+fp/hard/libgcc.a(_udivmoddi4.o)
                0x080031b0                        __exidx_end = .
                0x080031b0                        . = ALIGN (0x4)

.preinit_array  0x080031b0        0x0
                0x080031b0                        . = ALIGN (0x4)
                0x080031b0                        PROVIDE (__preinit_array_start = .)
 *(.preinit_array*)
                0x080031b0                        PROVIDE (__preinit_array_end = .)
                0x080031b0                        . = ALIGN (0x4)

.init_array     0x080031b0        0x4
                0x080031b0                        . = ALIGN (0x4)
                0x080031b0                        PROVIDE (__init_array_start = .)
 *(SORT_BY_NAME(.init_array.*))
 *(.init_array*)
 .init_array    0x080031b0        0x4 /usr/lib/gcc/arm-none-eabi/13.2.1/thumb/v7e-m+fp/hard/crtbegin.o
                0x080031b4                        PROVIDE (__init_array_end = .)
                0x080031b4                        . = ALIGN (0x4)

.fini_array     0x080031b4        0x4
                0x080031b4                        . = ALIGN (0x4)
                0x080031b4                        PROVIDE (__fini_array_start = .)
 *(SORT_BY_NAME(.fini_array.*))
 *(.fini_array*)
 .fini_array    0x080031b4        0x4 /usr/lib/gcc/arm-none-eabi/13.2.1/thumb/v7e-m+fp/hard/crtbegin.o
                0x080031b8                        PROVIDE (__fini_array_end = .)
                0x080031b8                        . = ALIGN (0x4)
                0x080031b8                        _sidata = LOADADDR (.data)

.rel.dyn        0x080031b8        0x0
 .rel.iplt      0x080031b8        0x0 /usr/lib/gcc/arm-none-eabi/13.2.1/thumb/v7e-m+fp/hard/crtbegin.o

.data           0x20000000        0xc load address 0x080031b8
                0x20000000                        . = ALIGN (0x4)
                0x20000000                        _sdata = .
 *(.data)
 *(.data*)
 .data.uwTickFreq
                0x20000000        0x1 build/stm32f4xx_hal.o
                0x20000000                uwTickFreq
 *fill*         0x20000001        0x3 
 .data.uwTickPrio
                0x20000004        0x4 build/stm32f4xx_hal.o
                0x20000004                uwTickPrio
 .data.SystemCoreClock
                0x20000008        0x4 build/system_stm32f4xx.o
                0x20000008                SystemCoreClock
 *(.RamFunc)
 *(.RamFunc*)
                0x2000000c                        . = ALIGN (0x4)
                0x2000000c                        _edata = .

.tm_clone_table
                0x2000000c        0x0 load address 0x080031c4
 .tm_clone_table
                0x2000000c        0x0 /usr/lib/gcc/arm-none-eabi/13.2.1/thumb/v7e-m+fp/hard/crtbegin.o
 .tm_clone_table
                0x2000000c        0x0 /usr/lib/gcc/arm-none-eabi/13.2.1/thumb/v7e-m+fp/hard/crtend.o

.igot.plt       0x2000000c        0x0 load address 0x080031c4
 .igot.plt      0x2000000c        0x0 /usr/lib/gcc/arm-none-eabi/13.2.1/thumb/v7e-m+fp/hard/crtbegin.o
                0x2000000c                        . = ALIGN (0x4)

.bss            0x2000000c      0x5fc load address 0x080031c4
                0x2000000c                        _sbss = .
                0x2000000c                        __bss_start__ = _sbss
 *(.bss)
 .bss           0x2000000c       0x1c /usr/lib/gcc/arm-none-eabi/13.2.1/thumb/v7e-m+fp/hard/crtbegin.o
 *(.bss*)
 .bss.ActiveTask
                0x20000028        0x1 build/main.o
                0x20000028                ActiveTask
 *fill*         0x20000029        0x3 
 .bss.RxData    0x2000002c        0x8 build/main.o
                0x2000002c                RxData
 .bss.RxHeader  0x20000034       0x1c build/main.o
                0x20000034                RxHeader
 .bss.TxHeader  0x20000050       0x18 build/main.o
                0x20000050                TxHeader
 .bss.hpcd_USB_OTG_FS
                0x20000068      0x4e4 build/main.o
                0x20000068                hpcd_USB_OTG_FS
 .bss.huart3    0x2000054c       0x48 build/main.o
                0x2000054c                huart3
 .bss.htim2     0x20000594       0x48 build/main.o
                0x20000594                htim2
 .bss.hcan1     0x200005dc       0x28 build/main.o
                0x200005dc                hcan1
 .bss.uwTick    0x20000604        0x4 build/stm32f4xx_hal.o
                0x20000604                uwTick
 *(COMMON)
                0x20000608                        . = ALIGN (0x4)
                0x20000608                        _ebss = .
                0x20000608                        __bss_end__ = _ebss

._user_heap_stack
                0x20000608      0x600 load address 0x080031c4
                0x20000608                        . = ALIGN (0x8)
                [!provide]                        PROVIDE (end = .)
                0x20000608                        PROVIDE (_end = .)
                0x20000808                        . = (. + _Min_Heap_Size)
 *fill*         0x20000608      0x200 
                0x20000c08                        . = (. + _Min_Stack_Size)
 *fill*         0x20000808      0x400 
                0x20000c08                        . = ALIGN (0x8)

/DISCARD/
 libc.a(*)
 libm.a(*)
 libgcc.a(*)
OUTPUT(build/can-f413-makefile.elf elf32-littlearm)
LOAD linker stubs
LOAD /usr/lib/gcc/arm-none-eabi/13.2.1/../../../arm-none-eabi/lib/thumb/v7e-m+fp/hard/libc.a
LOAD /usr/lib/gcc/arm-none-eabi/13.2.1/../../../arm-none-eabi/lib/thumb/v7e-m+fp/hard/libm.a
LOAD /usr/lib/gcc/arm-none-eabi/13.2.1/thumb/v7e-m+fp/hard/libgcc.a

.ARM.attributes
                0x00000000       0x30
 .ARM.attributes
                0x00000000       0x22 /usr/lib/gcc/arm-none-eabi/13.2.1/thumb/v7e-m+fp/hard/crti.o
 .ARM.attributes
                0x00000022       0x34 /usr/lib/gcc/arm-none-eabi/13.2.1/thumb/v7e-m+fp/hard/crtbegin.o
 .ARM.attributes
                0x00000056       0x34 build/main.o
 .ARM.attributes
                0x0000008a       0x34 build/stm32f4xx_it.o
 .ARM.attributes
                0x000000be       0x34 build/stm32f4xx_hal_msp.o
 .ARM.attributes
                0x000000f2       0x34 build/stm32f4xx_hal_can.o
 .ARM.attributes
                0x00000126       0x34 build/stm32f4xx_hal_rcc.o
 .ARM.attributes
                0x0000015a       0x34 build/stm32f4xx_hal_rcc_ex.o
 .ARM.attributes
                0x0000018e       0x34 build/stm32f4xx_hal_gpio.o
 .ARM.attributes
                0x000001c2       0x34 build/stm32f4xx_hal_cortex.o
 .ARM.attributes
                0x000001f6       0x34 build/stm32f4xx_hal.o
 .ARM.attributes
                0x0000022a       0x34 build/stm32f4xx_hal_uart.o
 .ARM.attributes
                0x0000025e       0x34 build/stm32f4xx_hal_pcd.o
 .ARM.attributes
                0x00000292       0x34 build/stm32f4xx_hal_pcd_ex.o
 .ARM.attributes
                0x000002c6       0x34 build/stm32f4xx_ll_usb.o
 .ARM.attributes
                0x000002fa       0x34 build/system_stm32f4xx.o
 .ARM.attributes
                0x0000032e       0x34 build/stm32f4xx_hal_tim.o
 .ARM.attributes
                0x00000362       0x34 build/stm32f4xx_hal_tim_ex.o
 .ARM.attributes
                0x00000396       0x21 build/startup_stm32f413xx.o
 .ARM.attributes
                0x000003b7       0x34 /usr/lib/gcc/arm-none-eabi/13.2.1/../../../arm-none-eabi/lib/thumb/v7e-m+fp/hard/libc_nano.a(libc_a-init.o)
 .ARM.attributes
                0x000003eb       0x34 /usr/lib/gcc/arm-none-eabi/13.2.1/../../../arm-none-eabi/lib/thumb/v7e-m+fp/hard/libc_nano.a(libc_a-memset.o)
 .ARM.attributes
                0x0000041f       0x22 /usr/lib/gcc/arm-none-eabi/13.2.1/thumb/v7e-m+fp/hard/libgcc.a(_aeabi_uldivmod.o)
 .ARM.attributes
                0x00000441       0x34 /usr/lib/gcc/arm-none-eabi/13.2.1/thumb/v7e-m+fp/hard/libgcc.a(_udivmoddi4.o)
 .ARM.attributes
                0x00000475       0x22 /usr/lib/gcc/arm-none-eabi/13.2.1/thumb/v7e-m+fp/hard/libgcc.a(_dvmd_tls.o)
 .ARM.attributes
                0x00000497       0x34 /usr/lib/gcc/arm-none-eabi/13.2.1/thumb/v7e-m+fp/hard/crtend.o
 .ARM.attributes
                0x000004cb       0x22 /usr/lib/gcc/arm-none-eabi/13.2.1/thumb/v7e-m+fp/hard/crtn.o

.comment        0x00000000       0x26
 .comment       0x00000000       0x26 /usr/lib/gcc/arm-none-eabi/13.2.1/thumb/v7e-m+fp/hard/crtbegin.o
                                 0x27 (size before relaxing)
 .comment       0x00000026       0x27 build/main.o
 .comment       0x00000026       0x27 build/stm32f4xx_it.o
 .comment       0x00000026       0x27 build/stm32f4xx_hal_msp.o
 .comment       0x00000026       0x27 build/stm32f4xx_hal_can.o
 .comment       0x00000026       0x27 build/stm32f4xx_hal_rcc.o
 .comment       0x00000026       0x27 build/stm32f4xx_hal_rcc_ex.o
 .comment       0x00000026       0x27 build/stm32f4xx_hal_gpio.o
 .comment       0x00000026       0x27 build/stm32f4xx_hal_cortex.o
 .comment       0x00000026       0x27 build/stm32f4xx_hal.o
 .comment       0x00000026       0x27 build/stm32f4xx_hal_uart.o
 .comment       0x00000026       0x27 build/stm32f4xx_hal_pcd.o
 .comment       0x00000026       0x27 build/stm32f4xx_hal_pcd_ex.o
 .comment       0x00000026       0x27 build/stm32f4xx_ll_usb.o
 .comment       0x00000026       0x27 build/system_stm32f4xx.o
 .comment       0x00000026       0x27 build/stm32f4xx_hal_tim.o
 .comment       0x00000026       0x27 build/stm32f4xx_hal_tim_ex.o
 .comment       0x00000026       0x27 /usr/lib/gcc/arm-none-eabi/13.2.1/../../../arm-none-eabi/lib/thumb/v7e-m+fp/hard/libc_nano.a(libc_a-init.o)
 .comment       0x00000026       0x27 /usr/lib/gcc/arm-none-eabi/13.2.1/../../../arm-none-eabi/lib/thumb/v7e-m+fp/hard/libc_nano.a(libc_a-memset.o)
 .comment       0x00000026       0x27 /usr/lib/gcc/arm-none-eabi/13.2.1/thumb/v7e-m+fp/hard/libgcc.a(_udivmoddi4.o)
 .comment       0x00000026       0x27 /usr/lib/gcc/arm-none-eabi/13.2.1/thumb/v7e-m+fp/hard/crtend.o

.debug_info     0x00000000    0x1a13f
 .debug_info    0x00000000     0x274a build/main.o
 .debug_info    0x0000274a      0x5f3 build/stm32f4xx_it.o
 .debug_info    0x00002d3d     0x2027 build/stm32f4xx_hal_msp.o
 .debug_info    0x00004d64     0x13c4 build/stm32f4xx_hal_can.o
 .debug_info    0x00006128      0xc43 build/stm32f4xx_hal_rcc.o
 .debug_info    0x00006d6b      0xb4c build/stm32f4xx_hal_rcc_ex.o
 .debug_info    0x000078b7      0x8a8 build/stm32f4xx_hal_gpio.o
 .debug_info    0x0000815f     0x120a build/stm32f4xx_hal_cortex.o
 .debug_info    0x00009369      0xb80 build/stm32f4xx_hal.o
 .debug_info    0x00009ee9     0x4385 build/stm32f4xx_hal_uart.o
 .debug_info    0x0000e26e     0x1fe2 build/stm32f4xx_hal_pcd.o
 .debug_info    0x00010250      0xadd build/stm32f4xx_hal_pcd_ex.o
 .debug_info    0x00010d2d     0x2245 build/stm32f4xx_ll_usb.o
 .debug_info    0x00012f72      0x5df build/system_stm32f4xx.o
 .debug_info    0x00013551     0x4188 build/stm32f4xx_hal_tim.o
 .debug_info    0x000176d9     0x20a1 build/stm32f4xx_hal_tim_ex.o
 .debug_info    0x0001977a       0x30 build/startup_stm32f413xx.o
 .debug_info    0x000197aa      0x10b /usr/lib/gcc/arm-none-eabi/13.2.1/../../../arm-none-eabi/lib/thumb/v7e-m+fp/hard/libc_nano.a(libc_a-init.o)
 .debug_info    0x000198b5      0x135 /usr/lib/gcc/arm-none-eabi/13.2.1/../../../arm-none-eabi/lib/thumb/v7e-m+fp/hard/libc_nano.a(libc_a-memset.o)
 .debug_info    0x000199ea       0x24 /usr/lib/gcc/arm-none-eabi/13.2.1/thumb/v7e-m+fp/hard/libgcc.a(_aeabi_uldivmod.o)
 .debug_info    0x00019a0e      0x6f5 /usr/lib/gcc/arm-none-eabi/13.2.1/thumb/v7e-m+fp/hard/libgcc.a(_udivmoddi4.o)
 .debug_info    0x0001a103       0x3c /usr/lib/gcc/arm-none-eabi/13.2.1/thumb/v7e-m+fp/hard/libgcc.a(_dvmd_tls.o)

.debug_abbrev   0x00000000     0x2cfa
 .debug_abbrev  0x00000000      0x304 build/main.o
 .debug_abbrev  0x00000304      0x16d build/stm32f4xx_it.o
 .debug_abbrev  0x00000471      0x2ab build/stm32f4xx_hal_msp.o
 .debug_abbrev  0x0000071c      0x291 build/stm32f4xx_hal_can.o
 .debug_abbrev  0x000009ad      0x2de build/stm32f4xx_hal_rcc.o
 .debug_abbrev  0x00000c8b      0x21d build/stm32f4xx_hal_rcc_ex.o
 .debug_abbrev  0x00000ea8      0x22b build/stm32f4xx_hal_gpio.o
 .debug_abbrev  0x000010d3      0x3ca build/stm32f4xx_hal_cortex.o
 .debug_abbrev  0x0000149d      0x244 build/stm32f4xx_hal.o
 .debug_abbrev  0x000016e1      0x366 build/stm32f4xx_hal_uart.o
 .debug_abbrev  0x00001a47      0x2fe build/stm32f4xx_hal_pcd.o
 .debug_abbrev  0x00001d45      0x287 build/stm32f4xx_hal_pcd_ex.o
 .debug_abbrev  0x00001fcc      0x344 build/stm32f4xx_ll_usb.o
 .debug_abbrev  0x00002310      0x11b build/system_stm32f4xx.o
 .debug_abbrev  0x0000242b      0x2bd build/stm32f4xx_hal_tim.o
 .debug_abbrev  0x000026e8      0x2d1 build/stm32f4xx_hal_tim_ex.o
 .debug_abbrev  0x000029b9       0x1d build/startup_stm32f413xx.o
 .debug_abbrev  0x000029d6       0xc9 /usr/lib/gcc/arm-none-eabi/13.2.1/../../../arm-none-eabi/lib/thumb/v7e-m+fp/hard/libc_nano.a(libc_a-init.o)
 .debug_abbrev  0x00002a9f       0xb7 /usr/lib/gcc/arm-none-eabi/13.2.1/../../../arm-none-eabi/lib/thumb/v7e-m+fp/hard/libc_nano.a(libc_a-memset.o)
 .debug_abbrev  0x00002b56       0x14 /usr/lib/gcc/arm-none-eabi/13.2.1/thumb/v7e-m+fp/hard/libgcc.a(_aeabi_uldivmod.o)
 .debug_abbrev  0x00002b6a      0x16a /usr/lib/gcc/arm-none-eabi/13.2.1/thumb/v7e-m+fp/hard/libgcc.a(_udivmoddi4.o)
 .debug_abbrev  0x00002cd4       0x26 /usr/lib/gcc/arm-none-eabi/13.2.1/thumb/v7e-m+fp/hard/libgcc.a(_dvmd_tls.o)

.debug_loc      0x00000000    0x1542e
 .debug_loc     0x00000000      0x19c build/main.o
 .debug_loc     0x0000019c       0x40 build/stm32f4xx_it.o
 .debug_loc     0x000001dc      0x406 build/stm32f4xx_hal_msp.o
 .debug_loc     0x000005e2     0x1133 build/stm32f4xx_hal_can.o
 .debug_loc     0x00001715      0x720 build/stm32f4xx_hal_rcc.o
 .debug_loc     0x00001e35      0xb66 build/stm32f4xx_hal_rcc_ex.o
 .debug_loc     0x0000299b      0x60b build/stm32f4xx_hal_gpio.o
 .debug_loc     0x00002fa6      0x8ff build/stm32f4xx_hal_cortex.o
 .debug_loc     0x000038a5      0x1f9 build/stm32f4xx_hal.o
 .debug_loc     0x00003a9e     0x5040 build/stm32f4xx_hal_uart.o
 .debug_loc     0x00008ade     0x1832 build/stm32f4xx_hal_pcd.o
 .debug_loc     0x0000a310      0x2c7 build/stm32f4xx_hal_pcd_ex.o
 .debug_loc     0x0000a5d7     0x29ca build/stm32f4xx_ll_usb.o
 .debug_loc     0x0000cfa1       0xbd build/system_stm32f4xx.o
 .debug_loc     0x0000d05e     0x6089 build/stm32f4xx_hal_tim.o
 .debug_loc     0x000130e7     0x2347 build/stm32f4xx_hal_tim_ex.o

.debug_aranges  0x00000000     0x1108
 .debug_aranges
                0x00000000       0x60 build/main.o
 .debug_aranges
                0x00000060       0x68 build/stm32f4xx_it.o
 .debug_aranges
                0x000000c8       0x68 build/stm32f4xx_hal_msp.o
 .debug_aranges
                0x00000130      0x138 build/stm32f4xx_hal_can.o
 .debug_aranges
                0x00000268       0x88 build/stm32f4xx_hal_rcc.o
 .debug_aranges
                0x000002f0       0x60 build/stm32f4xx_hal_rcc_ex.o
 .debug_aranges
                0x00000350       0x58 build/stm32f4xx_hal_gpio.o
 .debug_aranges
                0x000003a8       0xf8 build/stm32f4xx_hal_cortex.o
 .debug_aranges
                0x000004a0       0xf0 build/stm32f4xx_hal.o
 .debug_aranges
                0x00000590      0x208 build/stm32f4xx_hal_uart.o
 .debug_aranges
                0x00000798      0x148 build/stm32f4xx_hal_pcd.o
 .debug_aranges
                0x000008e0       0x60 build/stm32f4xx_hal_pcd_ex.o
 .debug_aranges
                0x00000940      0x1a0 build/stm32f4xx_ll_usb.o
 .debug_aranges
                0x00000ae0       0x28 build/system_stm32f4xx.o
 .debug_aranges
                0x00000b08      0x3d0 build/stm32f4xx_hal_tim.o
 .debug_aranges
                0x00000ed8      0x168 build/stm32f4xx_hal_tim_ex.o
 .debug_aranges
                0x00001040       0x28 build/startup_stm32f413xx.o
 .debug_aranges
                0x00001068       0x20 /usr/lib/gcc/arm-none-eabi/13.2.1/../../../arm-none-eabi/lib/thumb/v7e-m+fp/hard/libc_nano.a(libc_a-init.o)
 .debug_aranges
                0x00001088       0x20 /usr/lib/gcc/arm-none-eabi/13.2.1/../../../arm-none-eabi/lib/thumb/v7e-m+fp/hard/libc_nano.a(libc_a-memset.o)
 .debug_aranges
                0x000010a8       0x20 /usr/lib/gcc/arm-none-eabi/13.2.1/thumb/v7e-m+fp/hard/libgcc.a(_aeabi_uldivmod.o)
 .debug_aranges
                0x000010c8       0x20 /usr/lib/gcc/arm-none-eabi/13.2.1/thumb/v7e-m+fp/hard/libgcc.a(_udivmoddi4.o)
 .debug_aranges
                0x000010e8       0x20 /usr/lib/gcc/arm-none-eabi/13.2.1/thumb/v7e-m+fp/hard/libgcc.a(_dvmd_tls.o)

.debug_ranges   0x00000000      0xfa8
 .debug_ranges  0x00000000       0x50 build/main.o
 .debug_ranges  0x00000050       0x58 build/stm32f4xx_it.o
 .debug_ranges  0x000000a8       0x58 build/stm32f4xx_hal_msp.o
 .debug_ranges  0x00000100      0x140 build/stm32f4xx_hal_can.o
 .debug_ranges  0x00000240       0x90 build/stm32f4xx_hal_rcc.o
 .debug_ranges  0x000002d0       0x68 build/stm32f4xx_hal_rcc_ex.o
 .debug_ranges  0x00000338       0x48 build/stm32f4xx_hal_gpio.o
 .debug_ranges  0x00000380       0xe8 build/stm32f4xx_hal_cortex.o
 .debug_ranges  0x00000468       0xe0 build/stm32f4xx_hal.o
 .debug_ranges  0x00000548      0x1f8 build/stm32f4xx_hal_uart.o
 .debug_ranges  0x00000740      0x138 build/stm32f4xx_hal_pcd.o
 .debug_ranges  0x00000878       0x50 build/stm32f4xx_hal_pcd_ex.o
 .debug_ranges  0x000008c8      0x190 build/stm32f4xx_ll_usb.o
 .debug_ranges  0x00000a58       0x18 build/system_stm32f4xx.o
 .debug_ranges  0x00000a70      0x3c0 build/stm32f4xx_hal_tim.o
 .debug_ranges  0x00000e30      0x158 build/stm32f4xx_hal_tim_ex.o
 .debug_ranges  0x00000f88       0x20 build/startup_stm32f413xx.o

.debug_line     0x00000000    0x12577
 .debug_line    0x00000000      0x87f build/main.o
 .debug_line    0x0000087f      0x1e8 build/stm32f4xx_it.o
 .debug_line    0x00000a67      0x4d1 build/stm32f4xx_hal_msp.o
 .debug_line    0x00000f38     0x10dd build/stm32f4xx_hal_can.o
 .debug_line    0x00002015      0xb40 build/stm32f4xx_hal_rcc.o
 .debug_line    0x00002b55      0xfc9 build/stm32f4xx_hal_rcc_ex.o
 .debug_line    0x00003b1e      0x65c build/stm32f4xx_hal_gpio.o
 .debug_line    0x0000417a      0x7a5 build/stm32f4xx_hal_cortex.o
 .debug_line    0x0000491f      0x4e2 build/stm32f4xx_hal.o
 .debug_line    0x00004e01     0x3497 build/stm32f4xx_hal_uart.o
 .debug_line    0x00008298     0x1424 build/stm32f4xx_hal_pcd.o
 .debug_line    0x000096bc      0x42b build/stm32f4xx_hal_pcd_ex.o
 .debug_line    0x00009ae7     0x1e3e build/stm32f4xx_ll_usb.o
 .debug_line    0x0000b925      0x1c4 build/system_stm32f4xx.o
 .debug_line    0x0000bae9     0x46da build/stm32f4xx_hal_tim.o
 .debug_line    0x000101c3     0x1a61 build/stm32f4xx_hal_tim_ex.o
 .debug_line    0x00011c24       0x73 build/startup_stm32f413xx.o
 .debug_line    0x00011c97      0x11e /usr/lib/gcc/arm-none-eabi/13.2.1/../../../arm-none-eabi/lib/thumb/v7e-m+fp/hard/libc_nano.a(libc_a-init.o)
 .debug_line    0x00011db5      0x1b6 /usr/lib/gcc/arm-none-eabi/13.2.1/../../../arm-none-eabi/lib/thumb/v7e-m+fp/hard/libc_nano.a(libc_a-memset.o)
 .debug_line    0x00011f6b       0x4e /usr/lib/gcc/arm-none-eabi/13.2.1/thumb/v7e-m+fp/hard/libgcc.a(_aeabi_uldivmod.o)
 .debug_line    0x00011fb9      0x574 /usr/lib/gcc/arm-none-eabi/13.2.1/thumb/v7e-m+fp/hard/libgcc.a(_udivmoddi4.o)
 .debug_line    0x0001252d       0x4a /usr/lib/gcc/arm-none-eabi/13.2.1/thumb/v7e-m+fp/hard/libgcc.a(_dvmd_tls.o)

.debug_str      0x00000000     0x5e5f
 .debug_str     0x00000000     0x5e5f build/main.o
                               0x1649 (size before relaxing)
 .debug_str     0x00005e5f      0x4bb build/stm32f4xx_it.o
 .debug_str     0x00005e5f     0x1912 build/stm32f4xx_hal_msp.o
 .debug_str     0x00005e5f      0x9f5 build/stm32f4xx_hal_can.o
 .debug_str     0x00005e5f      0x6d9 build/stm32f4xx_hal_rcc.o
 .debug_str     0x00005e5f      0x717 build/stm32f4xx_hal_rcc_ex.o
 .debug_str     0x00005e5f      0x4c8 build/stm32f4xx_hal_gpio.o
 .debug_str     0x00005e5f      0xcdd build/stm32f4xx_hal_cortex.o
 .debug_str     0x00005e5f      0xc04 build/stm32f4xx_hal.o
 .debug_str     0x00005e5f      0xd45 build/stm32f4xx_hal_uart.o
 .debug_str     0x00005e5f      0xe12 build/stm32f4xx_hal_pcd.o
 .debug_str     0x00005e5f      0x7c9 build/stm32f4xx_hal_pcd_ex.o
 .debug_str     0x00005e5f      0xd1c build/stm32f4xx_ll_usb.o
 .debug_str     0x00005e5f      0x354 build/system_stm32f4xx.o
 .debug_str     0x00005e5f     0x16be build/stm32f4xx_hal_tim.o
 .debug_str     0x00005e5f      0xfff build/stm32f4xx_hal_tim_ex.o
 .debug_str     0x00005e5f       0x55 build/startup_stm32f413xx.o
 .debug_str     0x00005e5f      0x1fa /usr/lib/gcc/arm-none-eabi/13.2.1/../../../arm-none-eabi/lib/thumb/v7e-m+fp/hard/libc_nano.a(libc_a-init.o)
 .debug_str     0x00005e5f      0x1ad /usr/lib/gcc/arm-none-eabi/13.2.1/../../../arm-none-eabi/lib/thumb/v7e-m+fp/hard/libc_nano.a(libc_a-memset.o)
 .debug_str     0x00005e5f       0xa3 /usr/lib/gcc/arm-none-eabi/13.2.1/thumb/v7e-m+fp/hard/libgcc.a(_aeabi_uldivmod.o)
 .debug_str     0x00005e5f      0x685 /usr/lib/gcc/arm-none-eabi/13.2.1/thumb/v7e-m+fp/hard/libgcc.a(_udivmoddi4.o)
 .debug_str     0x00005e5f       0xc3 /usr/lib/gcc/arm-none-eabi/13.2.1/thumb/v7e-m+fp/hard/libgcc.a(_dvmd_tls.o)

.debug_frame    0x00000000     0x2bcc
 .debug_frame   0x00000000      0x104 build/main.o
 .debug_frame   0x00000104       0xc0 build/stm32f4xx_it.o
 .debug_frame   0x000001c4      0x120 build/stm32f4xx_hal_msp.o
 .debug_frame   0x000002e4      0x2dc build/stm32f4xx_hal_can.o
 .debug_frame   0x000005c0      0x16c build/stm32f4xx_hal_rcc.o
 .debug_frame   0x0000072c      0x100 build/stm32f4xx_hal_rcc_ex.o
 .debug_frame   0x0000082c       0xd8 build/stm32f4xx_hal_gpio.o
 .debug_frame   0x00000904      0x214 build/stm32f4xx_hal_cortex.o
 .debug_frame   0x00000b18      0x1ec build/stm32f4xx_hal.o
 .debug_frame   0x00000d04      0x5e0 build/stm32f4xx_hal_uart.o
 .debug_frame   0x000012e4      0x388 build/stm32f4xx_hal_pcd.o
 .debug_frame   0x0000166c       0xb8 build/stm32f4xx_hal_pcd_ex.o
 .debug_frame   0x00001724      0x490 build/stm32f4xx_ll_usb.o
 .debug_frame   0x00001bb4       0x30 build/system_stm32f4xx.o
 .debug_frame   0x00001be4      0xb10 build/stm32f4xx_hal_tim.o
 .debug_frame   0x000026f4      0x420 build/stm32f4xx_hal_tim_ex.o
 .debug_frame   0x00002b14       0x2c /usr/lib/gcc/arm-none-eabi/13.2.1/../../../arm-none-eabi/lib/thumb/v7e-m+fp/hard/libc_nano.a(libc_a-init.o)
 .debug_frame   0x00002b40       0x2c /usr/lib/gcc/arm-none-eabi/13.2.1/../../../arm-none-eabi/lib/thumb/v7e-m+fp/hard/libc_nano.a(libc_a-memset.o)
 .debug_frame   0x00002b6c       0x2c /usr/lib/gcc/arm-none-eabi/13.2.1/thumb/v7e-m+fp/hard/libgcc.a(_aeabi_uldivmod.o)
 .debug_frame   0x00002b98       0x34 /usr/lib/gcc/arm-none-eabi/13.2.1/thumb/v7e-m+fp/hard/libgcc.a(_udivmoddi4.o)

.debug_loclists
                0x00000000      0xc0b
 .debug_loclists
                0x00000000       0x65 /usr/lib/gcc/arm-none-eabi/13.2.1/../../../arm-none-eabi/lib/thumb/v7e-m+fp/hard/libc_nano.a(libc_a-init.o)
 .debug_loclists
                0x00000065      0x1c2 /usr/lib/gcc/arm-none-eabi/13.2.1/../../../arm-none-eabi/lib/thumb/v7e-m+fp/hard/libc_nano.a(libc_a-memset.o)
 .debug_loclists
                0x00000227      0x9e4 /usr/lib/gcc/arm-none-eabi/13.2.1/thumb/v7e-m+fp/hard/libgcc.a(_udivmoddi4.o)

.debug_line_str
                0x00000000       0xa3
 .debug_line_str
                0x00000000       0xa3 /usr/lib/gcc/arm-none-eabi/13.2.1/thumb/v7e-m+fp/hard/libgcc.a(_aeabi_uldivmod.o)
                                 0x97 (size before relaxing)
 .debug_line_str
                0x000000a3       0x9b /usr/lib/gcc/arm-none-eabi/13.2.1/thumb/v7e-m+fp/hard/libgcc.a(_dvmd_tls.o)

.debug_rnglists
                0x00000000       0x84
 .debug_rnglists
                0x00000000       0x84 /usr/lib/gcc/arm-none-eabi/13.2.1/thumb/v7e-m+fp/hard/libgcc.a(_udivmoddi4.o)

Cross Reference Table

Symbol                                            File
ADC_IRQHandler                                    build/startup_stm32f413xx.o
AHBPrescTable                                     build/system_stm32f4xx.o
                                                  build/stm32f4xx_hal_rcc.o
APBPrescTable                                     build/system_stm32f4xx.o
                                                  build/stm32f4xx_hal_rcc.o
ActiveTask                                        build/main.o
BusFault_Handler                                  build/stm32f4xx_it.o
CAN1_RX0_IRQHandler                               build/stm32f4xx_it.o
CAN1_RX1_IRQHandler                               build/startup_stm32f413xx.o
CAN1_SCE_IRQHandler                               build/startup_stm32f413xx.o
CAN1_TX_IRQHandler                                build/startup_stm32f413xx.o
CAN2_RX0_IRQHandler                               build/startup_stm32f413xx.o
CAN2_RX1_IRQHandler                               build/startup_stm32f413xx.o
CAN2_SCE_IRQHandler                               build/startup_stm32f413xx.o
CAN2_TX_IRQHandler                                build/startup_stm32f413xx.o
CAN3_RX0_IRQHandler                               build/startup_stm32f413xx.o
CAN3_RX1_IRQHandler                               build/startup_stm32f413xx.o
CAN3_SCE_IRQHandler                               build/startup_stm32f413xx.o
CAN3_TX_IRQHandler                                build/startup_stm32f413xx.o
DFSDM1_FLT0_IRQHandler                            build/startup_stm32f413xx.o
DFSDM1_FLT1_IRQHandler                            build/startup_stm32f413xx.o
DFSDM2_FLT0_IRQHandler                            build/startup_stm32f413xx.o
DFSDM2_FLT1_IRQHandler                            build/startup_stm32f413xx.o
DFSDM2_FLT2_IRQHandler                            build/startup_stm32f413xx.o
DFSDM2_FLT3_IRQHandler                            build/startup_stm32f413xx.o
DMA1_Stream0_IRQHandler                           build/startup_stm32f413xx.o
DMA1_Stream1_IRQHandler                           build/startup_stm32f413xx.o
DMA1_Stream2_IRQHandler                           build/startup_stm32f413xx.o
DMA1_Stream3_IRQHandler                           build/startup_stm32f413xx.o
DMA1_Stream4_IRQHandler                           build/startup_stm32f413xx.o
DMA1_Stream5_IRQHandler                           build/startup_stm32f413xx.o
DMA1_Stream6_IRQHandler                           build/startup_stm32f413xx.o
DMA1_Stream7_IRQHandler                           build/startup_stm32f413xx.o
DMA2_Stream0_IRQHandler                           build/startup_stm32f413xx.o
DMA2_Stream1_IRQHandler                           build/startup_stm32f413xx.o
DMA2_Stream2_IRQHandler                           build/startup_stm32f413xx.o
DMA2_Stream3_IRQHandler                           build/startup_stm32f413xx.o
DMA2_Stream4_IRQHandler                           build/startup_stm32f413xx.o
DMA2_Stream5_IRQHandler                           build/startup_stm32f413xx.o
DMA2_Stream6_IRQHandler                           build/startup_stm32f413xx.o
DMA2_Stream7_IRQHandler                           build/startup_stm32f413xx.o
DebugMon_Handler                                  build/stm32f4xx_it.o
Default_Handler                                   build/startup_stm32f413xx.o
EXTI0_IRQHandler                                  build/startup_stm32f413xx.o
EXTI15_10_IRQHandler                              build/startup_stm32f413xx.o
EXTI1_IRQHandler                                  build/startup_stm32f413xx.o
EXTI2_IRQHandler                                  build/startup_stm32f413xx.o
EXTI3_IRQHandler                                  build/startup_stm32f413xx.o
EXTI4_IRQHandler                                  build/startup_stm32f413xx.o
EXTI9_5_IRQHandler                                build/startup_stm32f413xx.o
Error_Handler                                     build/main.o
                                                  build/stm32f4xx_hal_msp.o
FLASH_Erase_Sector                                build/stm32f4xx_hal_flash_ex.o
                                                  build/stm32f4xx_hal_flash.o
FLASH_FlushCaches                                 build/stm32f4xx_hal_flash_ex.o
                                                  build/stm32f4xx_hal_flash.o
FLASH_IRQHandler                                  build/startup_stm32f413xx.o
FLASH_WaitForLastOperation                        build/stm32f4xx_hal_flash.o
                                                  build/stm32f4xx_hal_flash_ex.o
FMPI2C1_ER_IRQHandler                             build/startup_stm32f413xx.o
FMPI2C1_EV_IRQHandler                             build/startup_stm32f413xx.o
FPU_IRQHandler                                    build/startup_stm32f413xx.o
FSMC_IRQHandler                                   build/startup_stm32f413xx.o
HAL_CAN_AbortTxRequest                            build/stm32f4xx_hal_can.o
HAL_CAN_ActivateNotification                      build/stm32f4xx_hal_can.o
                                                  build/main.o
HAL_CAN_AddTxMessage                              build/stm32f4xx_hal_can.o
HAL_CAN_ConfigFilter                              build/stm32f4xx_hal_can.o
                                                  build/main.o
HAL_CAN_DeInit                                    build/stm32f4xx_hal_can.o
HAL_CAN_DeactivateNotification                    build/stm32f4xx_hal_can.o
HAL_CAN_ErrorCallback                             build/stm32f4xx_hal_can.o
HAL_CAN_GetError                                  build/stm32f4xx_hal_can.o
HAL_CAN_GetRxFifoFillLevel                        build/stm32f4xx_hal_can.o
HAL_CAN_GetRxMessage                              build/stm32f4xx_hal_can.o
                                                  build/main.o
HAL_CAN_GetState                                  build/stm32f4xx_hal_can.o
HAL_CAN_GetTxMailboxesFreeLevel                   build/stm32f4xx_hal_can.o
HAL_CAN_GetTxTimestamp                            build/stm32f4xx_hal_can.o
HAL_CAN_IRQHandler                                build/stm32f4xx_hal_can.o
                                                  build/stm32f4xx_it.o
HAL_CAN_Init                                      build/stm32f4xx_hal_can.o
                                                  build/main.o
HAL_CAN_IsSleepActive                             build/stm32f4xx_hal_can.o
HAL_CAN_IsTxMessagePending                        build/stm32f4xx_hal_can.o
HAL_CAN_MspDeInit                                 build/stm32f4xx_hal_msp.o
HAL_CAN_MspInit                                   build/stm32f4xx_hal_msp.o
HAL_CAN_RequestSleep                              build/stm32f4xx_hal_can.o
HAL_CAN_ResetError                                build/stm32f4xx_hal_can.o
HAL_CAN_RxFifo0FullCallback                       build/stm32f4xx_hal_can.o
HAL_CAN_RxFifo0MsgPendingCallback                 build/main.o
HAL_CAN_RxFifo1FullCallback                       build/stm32f4xx_hal_can.o
HAL_CAN_RxFifo1MsgPendingCallback                 build/stm32f4xx_hal_can.o
HAL_CAN_SleepCallback                             build/stm32f4xx_hal_can.o
HAL_CAN_Start                                     build/stm32f4xx_hal_can.o
                                                  build/main.o
HAL_CAN_Stop                                      build/stm32f4xx_hal_can.o
HAL_CAN_TxMailbox0AbortCallback                   build/stm32f4xx_hal_can.o
HAL_CAN_TxMailbox0CompleteCallback                build/stm32f4xx_hal_can.o
HAL_CAN_TxMailbox1AbortCallback                   build/stm32f4xx_hal_can.o
HAL_CAN_TxMailbox1CompleteCallback                build/stm32f4xx_hal_can.o
HAL_CAN_TxMailbox2AbortCallback                   build/stm32f4xx_hal_can.o
HAL_CAN_TxMailbox2CompleteCallback                build/stm32f4xx_hal_can.o
HAL_CAN_WakeUp                                    build/stm32f4xx_hal_can.o
HAL_CAN_WakeUpFromRxMsgCallback                   build/stm32f4xx_hal_can.o
HAL_CORTEX_ClearEvent                             build/stm32f4xx_hal_cortex.o
HAL_DBGMCU_DisableDBGSleepMode                    build/stm32f4xx_hal.o
HAL_DBGMCU_DisableDBGStandbyMode                  build/stm32f4xx_hal.o
HAL_DBGMCU_DisableDBGStopMode                     build/stm32f4xx_hal.o
HAL_DBGMCU_EnableDBGSleepMode                     build/stm32f4xx_hal.o
HAL_DBGMCU_EnableDBGStandbyMode                   build/stm32f4xx_hal.o
HAL_DBGMCU_EnableDBGStopMode                      build/stm32f4xx_hal.o
HAL_DMAEx_ChangeMemory                            build/stm32f4xx_hal_dma_ex.o
HAL_DMAEx_MultiBufferStart                        build/stm32f4xx_hal_dma_ex.o
HAL_DMAEx_MultiBufferStart_IT                     build/stm32f4xx_hal_dma_ex.o
HAL_DMA_Abort                                     build/stm32f4xx_hal_dma.o
                                                  build/stm32f4xx_hal_uart.o
HAL_DMA_Abort_IT                                  build/stm32f4xx_hal_dma.o
                                                  build/stm32f4xx_hal_tim_ex.o
                                                  build/stm32f4xx_hal_tim.o
                                                  build/stm32f4xx_hal_uart.o
HAL_DMA_DeInit                                    build/stm32f4xx_hal_dma.o
HAL_DMA_GetError                                  build/stm32f4xx_hal_dma.o
                                                  build/stm32f4xx_hal_uart.o
HAL_DMA_GetState                                  build/stm32f4xx_hal_dma.o
HAL_DMA_IRQHandler                                build/stm32f4xx_hal_dma.o
HAL_DMA_Init                                      build/stm32f4xx_hal_dma.o
HAL_DMA_PollForTransfer                           build/stm32f4xx_hal_dma.o
HAL_DMA_RegisterCallback                          build/stm32f4xx_hal_dma.o
HAL_DMA_Start                                     build/stm32f4xx_hal_dma.o
HAL_DMA_Start_IT                                  build/stm32f4xx_hal_dma.o
                                                  build/stm32f4xx_hal_tim_ex.o
                                                  build/stm32f4xx_hal_tim.o
                                                  build/stm32f4xx_hal_uart.o
HAL_DMA_UnRegisterCallback                        build/stm32f4xx_hal_dma.o
HAL_DeInit                                        build/stm32f4xx_hal.o
HAL_Delay                                         build/stm32f4xx_hal.o
                                                  build/stm32f4xx_ll_usb.o
                                                  build/stm32f4xx_hal_pcd_ex.o
                                                  build/main.o
HAL_DisableCompensationCell                       build/stm32f4xx_hal.o
HAL_EXTI_ClearConfigLine                          build/stm32f4xx_hal_exti.o
HAL_EXTI_ClearPending                             build/stm32f4xx_hal_exti.o
HAL_EXTI_GenerateSWI                              build/stm32f4xx_hal_exti.o
HAL_EXTI_GetConfigLine                            build/stm32f4xx_hal_exti.o
HAL_EXTI_GetHandle                                build/stm32f4xx_hal_exti.o
HAL_EXTI_GetPending                               build/stm32f4xx_hal_exti.o
HAL_EXTI_IRQHandler                               build/stm32f4xx_hal_exti.o
HAL_EXTI_RegisterCallback                         build/stm32f4xx_hal_exti.o
HAL_EXTI_SetConfigLine                            build/stm32f4xx_hal_exti.o
HAL_EnableCompensationCell                        build/stm32f4xx_hal.o
HAL_FLASHEx_AdvOBGetConfig                        build/stm32f4xx_hal_flash_ex.o
HAL_FLASHEx_AdvOBProgram                          build/stm32f4xx_hal_flash_ex.o
HAL_FLASHEx_Erase                                 build/stm32f4xx_hal_flash_ex.o
HAL_FLASHEx_Erase_IT                              build/stm32f4xx_hal_flash_ex.o
HAL_FLASHEx_OBGetConfig                           build/stm32f4xx_hal_flash_ex.o
HAL_FLASHEx_OBProgram                             build/stm32f4xx_hal_flash_ex.o
HAL_FLASHEx_OB_DeSelectPCROP                      build/stm32f4xx_hal_flash_ex.o
HAL_FLASHEx_OB_SelectPCROP                        build/stm32f4xx_hal_flash_ex.o
HAL_FLASH_EndOfOperationCallback                  build/stm32f4xx_hal_flash.o
HAL_FLASH_GetError                                build/stm32f4xx_hal_flash.o
HAL_FLASH_IRQHandler                              build/stm32f4xx_hal_flash.o
HAL_FLASH_Lock                                    build/stm32f4xx_hal_flash.o
HAL_FLASH_OB_Launch                               build/stm32f4xx_hal_flash.o
HAL_FLASH_OB_Lock                                 build/stm32f4xx_hal_flash.o
HAL_FLASH_OB_Unlock                               build/stm32f4xx_hal_flash.o
HAL_FLASH_OperationErrorCallback                  build/stm32f4xx_hal_flash.o
HAL_FLASH_Program                                 build/stm32f4xx_hal_flash.o
HAL_FLASH_Program_IT                              build/stm32f4xx_hal_flash.o
HAL_FLASH_Unlock                                  build/stm32f4xx_hal_flash.o
HAL_GPIO_DeInit                                   build/stm32f4xx_hal_gpio.o
                                                  build/stm32f4xx_hal_msp.o
HAL_GPIO_EXTI_Callback                            build/stm32f4xx_hal_gpio.o
HAL_GPIO_EXTI_IRQHandler                          build/stm32f4xx_hal_gpio.o
HAL_GPIO_Init                                     build/stm32f4xx_hal_gpio.o
                                                  build/stm32f4xx_hal_rcc.o
                                                  build/stm32f4xx_hal_msp.o
                                                  build/main.o
HAL_GPIO_LockPin                                  build/stm32f4xx_hal_gpio.o
HAL_GPIO_ReadPin                                  build/stm32f4xx_hal_gpio.o
HAL_GPIO_TogglePin                                build/stm32f4xx_hal_gpio.o
                                                  build/main.o
HAL_GPIO_WritePin                                 build/stm32f4xx_hal_gpio.o
                                                  build/main.o
HAL_GetDEVID                                      build/stm32f4xx_hal.o
HAL_GetHalVersion                                 build/stm32f4xx_hal.o
HAL_GetREVID                                      build/stm32f4xx_hal.o
HAL_GetTick                                       build/stm32f4xx_hal.o
                                                  build/stm32f4xx_hal_pcd_ex.o
                                                  build/stm32f4xx_hal_uart.o
                                                  build/stm32f4xx_hal_pwr_ex.o
                                                  build/stm32f4xx_hal_dma.o
                                                  build/stm32f4xx_hal_flash.o
                                                  build/stm32f4xx_hal_rcc_ex.o
                                                  build/stm32f4xx_hal_rcc.o
                                                  build/stm32f4xx_hal_can.o
HAL_GetTickFreq                                   build/stm32f4xx_hal.o
HAL_GetTickPrio                                   build/stm32f4xx_hal.o
HAL_GetUIDw0                                      build/stm32f4xx_hal.o
HAL_GetUIDw1                                      build/stm32f4xx_hal.o
HAL_GetUIDw2                                      build/stm32f4xx_hal.o
HAL_HalfDuplex_EnableReceiver                     build/stm32f4xx_hal_uart.o
HAL_HalfDuplex_EnableTransmitter                  build/stm32f4xx_hal_uart.o
HAL_HalfDuplex_Init                               build/stm32f4xx_hal_uart.o
HAL_IncTick                                       build/stm32f4xx_hal.o
                                                  build/stm32f4xx_it.o
HAL_Init                                          build/stm32f4xx_hal.o
                                                  build/main.o
HAL_InitTick                                      build/stm32f4xx_hal.o
                                                  build/stm32f4xx_hal_rcc_ex.o
                                                  build/stm32f4xx_hal_rcc.o
HAL_LIN_Init                                      build/stm32f4xx_hal_uart.o
HAL_LIN_SendBreak                                 build/stm32f4xx_hal_uart.o
HAL_MPU_ConfigRegion                              build/stm32f4xx_hal_cortex.o
HAL_MPU_Disable                                   build/stm32f4xx_hal_cortex.o
HAL_MPU_DisableRegion                             build/stm32f4xx_hal_cortex.o
HAL_MPU_Enable                                    build/stm32f4xx_hal_cortex.o
HAL_MPU_EnableRegion                              build/stm32f4xx_hal_cortex.o
HAL_MspDeInit                                     build/stm32f4xx_hal.o
HAL_MspInit                                       build/stm32f4xx_hal_msp.o
HAL_MultiProcessor_EnterMuteMode                  build/stm32f4xx_hal_uart.o
HAL_MultiProcessor_ExitMuteMode                   build/stm32f4xx_hal_uart.o
HAL_MultiProcessor_Init                           build/stm32f4xx_hal_uart.o
HAL_NVIC_ClearPendingIRQ                          build/stm32f4xx_hal_cortex.o
HAL_NVIC_DisableIRQ                               build/stm32f4xx_hal_cortex.o
                                                  build/stm32f4xx_hal_msp.o
HAL_NVIC_EnableIRQ                                build/stm32f4xx_hal_cortex.o
                                                  build/stm32f4xx_hal_msp.o
HAL_NVIC_GetActive                                build/stm32f4xx_hal_cortex.o
HAL_NVIC_GetPendingIRQ                            build/stm32f4xx_hal_cortex.o
HAL_NVIC_GetPriority                              build/stm32f4xx_hal_cortex.o
HAL_NVIC_GetPriorityGrouping                      build/stm32f4xx_hal_cortex.o
HAL_NVIC_SetPendingIRQ                            build/stm32f4xx_hal_cortex.o
HAL_NVIC_SetPriority                              build/stm32f4xx_hal_cortex.o
                                                  build/stm32f4xx_hal.o
                                                  build/stm32f4xx_hal_msp.o
HAL_NVIC_SetPriorityGrouping                      build/stm32f4xx_hal_cortex.o
                                                  build/stm32f4xx_hal.o
HAL_NVIC_SystemReset                              build/stm32f4xx_hal_cortex.o
HAL_PCDEx_ActivateBCD                             build/stm32f4xx_hal_pcd_ex.o
HAL_PCDEx_ActivateLPM                             build/stm32f4xx_hal_pcd_ex.o
                                                  build/stm32f4xx_hal_pcd.o
HAL_PCDEx_BCD_Callback                            build/stm32f4xx_hal_pcd_ex.o
HAL_PCDEx_BCD_VBUSDetect                          build/stm32f4xx_hal_pcd_ex.o
HAL_PCDEx_DeActivateBCD                           build/stm32f4xx_hal_pcd_ex.o
HAL_PCDEx_DeActivateLPM                           build/stm32f4xx_hal_pcd_ex.o
HAL_PCDEx_LPM_Callback                            build/stm32f4xx_hal_pcd_ex.o
                                                  build/stm32f4xx_hal_pcd.o
HAL_PCDEx_SetRxFiFo                               build/stm32f4xx_hal_pcd_ex.o
HAL_PCDEx_SetTxFiFo                               build/stm32f4xx_hal_pcd_ex.o
HAL_PCD_ActivateRemoteWakeup                      build/stm32f4xx_hal_pcd.o
HAL_PCD_ConnectCallback                           build/stm32f4xx_hal_pcd.o
HAL_PCD_DataInStageCallback                       build/stm32f4xx_hal_pcd.o
HAL_PCD_DataOutStageCallback                      build/stm32f4xx_hal_pcd.o
HAL_PCD_DeActivateRemoteWakeup                    build/stm32f4xx_hal_pcd.o
HAL_PCD_DeInit                                    build/stm32f4xx_hal_pcd.o
HAL_PCD_DevConnect                                build/stm32f4xx_hal_pcd.o
HAL_PCD_DevDisconnect                             build/stm32f4xx_hal_pcd.o
HAL_PCD_DisconnectCallback                        build/stm32f4xx_hal_pcd.o
HAL_PCD_EP_Abort                                  build/stm32f4xx_hal_pcd.o
HAL_PCD_EP_Close                                  build/stm32f4xx_hal_pcd.o
HAL_PCD_EP_ClrStall                               build/stm32f4xx_hal_pcd.o
HAL_PCD_EP_Flush                                  build/stm32f4xx_hal_pcd.o
HAL_PCD_EP_GetRxCount                             build/stm32f4xx_hal_pcd.o
HAL_PCD_EP_Open                                   build/stm32f4xx_hal_pcd.o
HAL_PCD_EP_Receive                                build/stm32f4xx_hal_pcd.o
HAL_PCD_EP_SetStall                               build/stm32f4xx_hal_pcd.o
HAL_PCD_EP_Transmit                               build/stm32f4xx_hal_pcd.o
HAL_PCD_GetState                                  build/stm32f4xx_hal_pcd.o
HAL_PCD_IRQHandler                                build/stm32f4xx_hal_pcd.o
HAL_PCD_ISOINIncompleteCallback                   build/stm32f4xx_hal_pcd.o
HAL_PCD_ISOOUTIncompleteCallback                  build/stm32f4xx_hal_pcd.o
HAL_PCD_Init                                      build/stm32f4xx_hal_pcd.o
                                                  build/main.o
HAL_PCD_MspDeInit                                 build/stm32f4xx_hal_msp.o
HAL_PCD_MspInit                                   build/stm32f4xx_hal_msp.o
HAL_PCD_ResetCallback                             build/stm32f4xx_hal_pcd.o
HAL_PCD_ResumeCallback                            build/stm32f4xx_hal_pcd.o
HAL_PCD_SOFCallback                               build/stm32f4xx_hal_pcd.o
HAL_PCD_SetAddress                                build/stm32f4xx_hal_pcd.o
HAL_PCD_SetTestMode                               build/stm32f4xx_hal_pcd.o
HAL_PCD_SetupStageCallback                        build/stm32f4xx_hal_pcd.o
HAL_PCD_Start                                     build/stm32f4xx_hal_pcd.o
HAL_PCD_Stop                                      build/stm32f4xx_hal_pcd.o
HAL_PCD_SuspendCallback                           build/stm32f4xx_hal_pcd.o
HAL_PCD_WKUP_IRQHandler                           build/stm32f4xx_hal_pcd.o
HAL_PWREx_ControlVoltageScaling                   build/stm32f4xx_hal_pwr_ex.o
HAL_PWREx_DisableBkUpReg                          build/stm32f4xx_hal_pwr_ex.o
HAL_PWREx_DisableFlashPowerDown                   build/stm32f4xx_hal_pwr_ex.o
HAL_PWREx_DisableLowRegulatorLowVoltage           build/stm32f4xx_hal_pwr_ex.o
HAL_PWREx_DisableMainRegulatorLowVoltage          build/stm32f4xx_hal_pwr_ex.o
HAL_PWREx_EnableBkUpReg                           build/stm32f4xx_hal_pwr_ex.o
HAL_PWREx_EnableFlashPowerDown                    build/stm32f4xx_hal_pwr_ex.o
HAL_PWREx_EnableLowRegulatorLowVoltage            build/stm32f4xx_hal_pwr_ex.o
HAL_PWREx_EnableMainRegulatorLowVoltage           build/stm32f4xx_hal_pwr_ex.o
HAL_PWREx_GetVoltageRange                         build/stm32f4xx_hal_pwr_ex.o
HAL_PWR_ConfigPVD                                 build/stm32f4xx_hal_pwr.o
HAL_PWR_DeInit                                    build/stm32f4xx_hal_pwr.o
HAL_PWR_DisableBkUpAccess                         build/stm32f4xx_hal_pwr.o
HAL_PWR_DisablePVD                                build/stm32f4xx_hal_pwr.o
HAL_PWR_DisableSEVOnPend                          build/stm32f4xx_hal_pwr.o
HAL_PWR_DisableSleepOnExit                        build/stm32f4xx_hal_pwr.o
HAL_PWR_DisableWakeUpPin                          build/stm32f4xx_hal_pwr.o
HAL_PWR_EnableBkUpAccess                          build/stm32f4xx_hal_pwr.o
HAL_PWR_EnablePVD                                 build/stm32f4xx_hal_pwr.o
HAL_PWR_EnableSEVOnPend                           build/stm32f4xx_hal_pwr.o
HAL_PWR_EnableSleepOnExit                         build/stm32f4xx_hal_pwr.o
HAL_PWR_EnableWakeUpPin                           build/stm32f4xx_hal_pwr.o
HAL_PWR_EnterSLEEPMode                            build/stm32f4xx_hal_pwr.o
HAL_PWR_EnterSTANDBYMode                          build/stm32f4xx_hal_pwr.o
HAL_PWR_EnterSTOPMode                             build/stm32f4xx_hal_pwr.o
HAL_PWR_PVDCallback                               build/stm32f4xx_hal_pwr.o
HAL_PWR_PVD_IRQHandler                            build/stm32f4xx_hal_pwr.o
HAL_RCCEx_DisablePLLI2S                           build/stm32f4xx_hal_rcc_ex.o
HAL_RCCEx_EnablePLLI2S                            build/stm32f4xx_hal_rcc_ex.o
HAL_RCCEx_GetPeriphCLKConfig                      build/stm32f4xx_hal_rcc_ex.o
HAL_RCCEx_GetPeriphCLKFreq                        build/stm32f4xx_hal_rcc_ex.o
HAL_RCCEx_PeriphCLKConfig                         build/stm32f4xx_hal_rcc_ex.o
                                                  build/stm32f4xx_hal_msp.o
HAL_RCCEx_SelectLSEMode                           build/stm32f4xx_hal_rcc_ex.o
HAL_RCC_CSSCallback                               build/stm32f4xx_hal_rcc.o
HAL_RCC_ClockConfig                               build/stm32f4xx_hal_rcc.o
                                                  build/main.o
HAL_RCC_DeInit                                    build/stm32f4xx_hal_rcc_ex.o
                                                  build/stm32f4xx_hal_rcc.o
HAL_RCC_DisableCSS                                build/stm32f4xx_hal_rcc.o
HAL_RCC_EnableCSS                                 build/stm32f4xx_hal_rcc.o
HAL_RCC_GetClockConfig                            build/stm32f4xx_hal_rcc.o
HAL_RCC_GetHCLKFreq                               build/stm32f4xx_hal_rcc.o
                                                  build/stm32f4xx_hal_pcd.o
HAL_RCC_GetOscConfig                              build/stm32f4xx_hal_rcc_ex.o
                                                  build/stm32f4xx_hal_rcc.o
HAL_RCC_GetPCLK1Freq                              build/stm32f4xx_hal_rcc.o
                                                  build/stm32f4xx_hal_uart.o
HAL_RCC_GetPCLK2Freq                              build/stm32f4xx_hal_rcc.o
                                                  build/stm32f4xx_hal_uart.o
HAL_RCC_GetSysClockFreq                           build/stm32f4xx_hal_rcc.o
HAL_RCC_MCOConfig                                 build/stm32f4xx_hal_rcc.o
HAL_RCC_NMI_IRQHandler                            build/stm32f4xx_hal_rcc.o
HAL_RCC_OscConfig                                 build/stm32f4xx_hal_rcc_ex.o
                                                  build/stm32f4xx_hal_rcc.o
                                                  build/main.o
HAL_ResumeTick                                    build/stm32f4xx_hal.o
HAL_SYSTICK_CLKSourceConfig                       build/stm32f4xx_hal_cortex.o
HAL_SYSTICK_Callback                              build/stm32f4xx_hal_cortex.o
HAL_SYSTICK_Config                                build/stm32f4xx_hal_cortex.o
                                                  build/stm32f4xx_hal.o
HAL_SYSTICK_IRQHandler                            build/stm32f4xx_hal_cortex.o
HAL_SetTickFreq                                   build/stm32f4xx_hal.o
HAL_SuspendTick                                   build/stm32f4xx_hal.o
HAL_TIMEx_BreakCallback                           build/stm32f4xx_hal_tim_ex.o
                                                  build/stm32f4xx_hal_tim.o
HAL_TIMEx_CommutCallback                          build/stm32f4xx_hal_tim_ex.o
                                                  build/stm32f4xx_hal_tim.o
HAL_TIMEx_CommutHalfCpltCallback                  build/stm32f4xx_hal_tim_ex.o
HAL_TIMEx_ConfigBreakDeadTime                     build/stm32f4xx_hal_tim_ex.o
HAL_TIMEx_ConfigCommutEvent                       build/stm32f4xx_hal_tim_ex.o
HAL_TIMEx_ConfigCommutEvent_DMA                   build/stm32f4xx_hal_tim_ex.o
HAL_TIMEx_ConfigCommutEvent_IT                    build/stm32f4xx_hal_tim_ex.o
HAL_TIMEx_GetChannelNState                        build/stm32f4xx_hal_tim_ex.o
HAL_TIMEx_HallSensor_DeInit                       build/stm32f4xx_hal_tim_ex.o
HAL_TIMEx_HallSensor_GetState                     build/stm32f4xx_hal_tim_ex.o
HAL_TIMEx_HallSensor_Init                         build/stm32f4xx_hal_tim_ex.o
HAL_TIMEx_HallSensor_MspDeInit                    build/stm32f4xx_hal_tim_ex.o
HAL_TIMEx_HallSensor_MspInit                      build/stm32f4xx_hal_tim_ex.o
HAL_TIMEx_HallSensor_Start                        build/stm32f4xx_hal_tim_ex.o
HAL_TIMEx_HallSensor_Start_DMA                    build/stm32f4xx_hal_tim_ex.o
HAL_TIMEx_HallSensor_Start_IT                     build/stm32f4xx_hal_tim_ex.o
HAL_TIMEx_HallSensor_Stop                         build/stm32f4xx_hal_tim_ex.o
HAL_TIMEx_HallSensor_Stop_DMA                     build/stm32f4xx_hal_tim_ex.o
HAL_TIMEx_HallSensor_Stop_IT                      build/stm32f4xx_hal_tim_ex.o
HAL_TIMEx_MasterConfigSynchronization             build/stm32f4xx_hal_tim_ex.o
                                                  build/main.o
HAL_TIMEx_OCN_Start                               build/stm32f4xx_hal_tim_ex.o
HAL_TIMEx_OCN_Start_DMA                           build/stm32f4xx_hal_tim_ex.o
HAL_TIMEx_OCN_Start_IT                            build/stm32f4xx_hal_tim_ex.o
HAL_TIMEx_OCN_Stop                                build/stm32f4xx_hal_tim_ex.o
HAL_TIMEx_OCN_Stop_DMA                            build/stm32f4xx_hal_tim_ex.o
HAL_TIMEx_OCN_Stop_IT                             build/stm32f4xx_hal_tim_ex.o
HAL_TIMEx_OnePulseN_Start                         build/stm32f4xx_hal_tim_ex.o
HAL_TIMEx_OnePulseN_Start_IT                      build/stm32f4xx_hal_tim_ex.o
HAL_TIMEx_OnePulseN_Stop                          build/stm32f4xx_hal_tim_ex.o
HAL_TIMEx_OnePulseN_Stop_IT                       build/stm32f4xx_hal_tim_ex.o
HAL_TIMEx_PWMN_Start                              build/stm32f4xx_hal_tim_ex.o
HAL_TIMEx_PWMN_Start_DMA                          build/stm32f4xx_hal_tim_ex.o
HAL_TIMEx_PWMN_Start_IT                           build/stm32f4xx_hal_tim_ex.o
HAL_TIMEx_PWMN_Stop                               build/stm32f4xx_hal_tim_ex.o
HAL_TIMEx_PWMN_Stop_DMA                           build/stm32f4xx_hal_tim_ex.o
HAL_TIMEx_PWMN_Stop_IT                            build/stm32f4xx_hal_tim_ex.o
HAL_TIMEx_RemapConfig                             build/stm32f4xx_hal_tim_ex.o
HAL_TIM_Base_DeInit                               build/stm32f4xx_hal_tim.o
HAL_TIM_Base_GetState                             build/stm32f4xx_hal_tim.o
HAL_TIM_Base_Init                                 build/stm32f4xx_hal_tim.o
                                                  build/main.o
HAL_TIM_Base_MspDeInit                            build/stm32f4xx_hal_msp.o
HAL_TIM_Base_MspInit                              build/stm32f4xx_hal_msp.o
HAL_TIM_Base_Start                                build/stm32f4xx_hal_tim.o
HAL_TIM_Base_Start_DMA                            build/stm32f4xx_hal_tim.o
HAL_TIM_Base_Start_IT                             build/stm32f4xx_hal_tim.o
HAL_TIM_Base_Stop                                 build/stm32f4xx_hal_tim.o
HAL_TIM_Base_Stop_DMA                             build/stm32f4xx_hal_tim.o
HAL_TIM_Base_Stop_IT                              build/stm32f4xx_hal_tim.o
HAL_TIM_ConfigClockSource                         build/stm32f4xx_hal_tim.o
                                                  build/main.o
HAL_TIM_ConfigOCrefClear                          build/stm32f4xx_hal_tim.o
HAL_TIM_ConfigTI1Input                            build/stm32f4xx_hal_tim.o
HAL_TIM_DMABurstState                             build/stm32f4xx_hal_tim.o
HAL_TIM_DMABurst_MultiReadStart                   build/stm32f4xx_hal_tim.o
HAL_TIM_DMABurst_MultiWriteStart                  build/stm32f4xx_hal_tim.o
HAL_TIM_DMABurst_ReadStart                        build/stm32f4xx_hal_tim.o
HAL_TIM_DMABurst_ReadStop                         build/stm32f4xx_hal_tim.o
HAL_TIM_DMABurst_WriteStart                       build/stm32f4xx_hal_tim.o
HAL_TIM_DMABurst_WriteStop                        build/stm32f4xx_hal_tim.o
HAL_TIM_Encoder_DeInit                            build/stm32f4xx_hal_tim.o
HAL_TIM_Encoder_GetState                          build/stm32f4xx_hal_tim.o
HAL_TIM_Encoder_Init                              build/stm32f4xx_hal_tim.o
HAL_TIM_Encoder_MspDeInit                         build/stm32f4xx_hal_tim.o
HAL_TIM_Encoder_MspInit                           build/stm32f4xx_hal_tim.o
HAL_TIM_Encoder_Start                             build/stm32f4xx_hal_tim.o
HAL_TIM_Encoder_Start_DMA                         build/stm32f4xx_hal_tim.o
HAL_TIM_Encoder_Start_IT                          build/stm32f4xx_hal_tim.o
HAL_TIM_Encoder_Stop                              build/stm32f4xx_hal_tim.o
HAL_TIM_Encoder_Stop_DMA                          build/stm32f4xx_hal_tim.o
HAL_TIM_Encoder_Stop_IT                           build/stm32f4xx_hal_tim.o
HAL_TIM_ErrorCallback                             build/stm32f4xx_hal_tim.o
                                                  build/stm32f4xx_hal_tim_ex.o
HAL_TIM_GenerateEvent                             build/stm32f4xx_hal_tim.o
HAL_TIM_GetActiveChannel                          build/stm32f4xx_hal_tim.o
HAL_TIM_GetChannelState                           build/stm32f4xx_hal_tim.o
HAL_TIM_IC_CaptureCallback                        build/stm32f4xx_hal_tim.o
HAL_TIM_IC_CaptureHalfCpltCallback                build/stm32f4xx_hal_tim.o
HAL_TIM_IC_ConfigChannel                          build/stm32f4xx_hal_tim.o
HAL_TIM_IC_DeInit                                 build/stm32f4xx_hal_tim.o
HAL_TIM_IC_GetState                               build/stm32f4xx_hal_tim.o
HAL_TIM_IC_Init                                   build/stm32f4xx_hal_tim.o
HAL_TIM_IC_MspDeInit                              build/stm32f4xx_hal_tim.o
HAL_TIM_IC_MspInit                                build/stm32f4xx_hal_tim.o
HAL_TIM_IC_Start                                  build/stm32f4xx_hal_tim.o
HAL_TIM_IC_Start_DMA                              build/stm32f4xx_hal_tim.o
HAL_TIM_IC_Start_IT                               build/stm32f4xx_hal_tim.o
HAL_TIM_IC_Stop                                   build/stm32f4xx_hal_tim.o
HAL_TIM_IC_Stop_DMA                               build/stm32f4xx_hal_tim.o
HAL_TIM_IC_Stop_IT                                build/stm32f4xx_hal_tim.o
HAL_TIM_IRQHandler                                build/stm32f4xx_hal_tim.o
HAL_TIM_MspPostInit                               build/stm32f4xx_hal_msp.o
                                                  build/main.o
HAL_TIM_OC_ConfigChannel                          build/stm32f4xx_hal_tim.o
HAL_TIM_OC_DeInit                                 build/stm32f4xx_hal_tim.o
HAL_TIM_OC_DelayElapsedCallback                   build/stm32f4xx_hal_tim.o
HAL_TIM_OC_GetState                               build/stm32f4xx_hal_tim.o
HAL_TIM_OC_Init                                   build/stm32f4xx_hal_tim.o
HAL_TIM_OC_MspDeInit                              build/stm32f4xx_hal_tim.o
HAL_TIM_OC_MspInit                                build/stm32f4xx_hal_tim.o
HAL_TIM_OC_Start                                  build/stm32f4xx_hal_tim.o
HAL_TIM_OC_Start_DMA                              build/stm32f4xx_hal_tim.o
HAL_TIM_OC_Start_IT                               build/stm32f4xx_hal_tim.o
HAL_TIM_OC_Stop                                   build/stm32f4xx_hal_tim.o
HAL_TIM_OC_Stop_DMA                               build/stm32f4xx_hal_tim.o
HAL_TIM_OC_Stop_IT                                build/stm32f4xx_hal_tim.o
HAL_TIM_OnePulse_ConfigChannel                    build/stm32f4xx_hal_tim.o
HAL_TIM_OnePulse_DeInit                           build/stm32f4xx_hal_tim.o
HAL_TIM_OnePulse_GetState                         build/stm32f4xx_hal_tim.o
HAL_TIM_OnePulse_Init                             build/stm32f4xx_hal_tim.o
HAL_TIM_OnePulse_MspDeInit                        build/stm32f4xx_hal_tim.o
HAL_TIM_OnePulse_MspInit                          build/stm32f4xx_hal_tim.o
HAL_TIM_OnePulse_Start                            build/stm32f4xx_hal_tim.o
HAL_TIM_OnePulse_Start_IT                         build/stm32f4xx_hal_tim.o
HAL_TIM_OnePulse_Stop                             build/stm32f4xx_hal_tim.o
HAL_TIM_OnePulse_Stop_IT                          build/stm32f4xx_hal_tim.o
HAL_TIM_PWM_ConfigChannel                         build/stm32f4xx_hal_tim.o
                                                  build/main.o
HAL_TIM_PWM_DeInit                                build/stm32f4xx_hal_tim.o
HAL_TIM_PWM_GetState                              build/stm32f4xx_hal_tim.o
HAL_TIM_PWM_Init                                  build/stm32f4xx_hal_tim.o
                                                  build/main.o
HAL_TIM_PWM_MspDeInit                             build/stm32f4xx_hal_tim.o
HAL_TIM_PWM_MspInit                               build/stm32f4xx_hal_tim.o
HAL_TIM_PWM_PulseFinishedCallback                 build/stm32f4xx_hal_tim.o
                                                  build/stm32f4xx_hal_tim_ex.o
HAL_TIM_PWM_PulseFinishedHalfCpltCallback         build/stm32f4xx_hal_tim.o
HAL_TIM_PWM_Start                                 build/stm32f4xx_hal_tim.o
                                                  build/main.o
HAL_TIM_PWM_Start_DMA                             build/stm32f4xx_hal_tim.o
HAL_TIM_PWM_Start_IT                              build/stm32f4xx_hal_tim.o
HAL_TIM_PWM_Stop                                  build/stm32f4xx_hal_tim.o
HAL_TIM_PWM_Stop_DMA                              build/stm32f4xx_hal_tim.o
HAL_TIM_PWM_Stop_IT                               build/stm32f4xx_hal_tim.o
HAL_TIM_PeriodElapsedCallback                     build/stm32f4xx_hal_tim.o
HAL_TIM_PeriodElapsedHalfCpltCallback             build/stm32f4xx_hal_tim.o
HAL_TIM_ReadCapturedValue                         build/stm32f4xx_hal_tim.o
HAL_TIM_SlaveConfigSynchro                        build/stm32f4xx_hal_tim.o
HAL_TIM_SlaveConfigSynchro_IT                     build/stm32f4xx_hal_tim.o
HAL_TIM_TriggerCallback                           build/stm32f4xx_hal_tim.o
HAL_TIM_TriggerHalfCpltCallback                   build/stm32f4xx_hal_tim.o
HAL_UARTEx_GetRxEventType                         build/stm32f4xx_hal_uart.o
HAL_UARTEx_ReceiveToIdle                          build/stm32f4xx_hal_uart.o
HAL_UARTEx_ReceiveToIdle_DMA                      build/stm32f4xx_hal_uart.o
HAL_UARTEx_ReceiveToIdle_IT                       build/stm32f4xx_hal_uart.o
HAL_UARTEx_RxEventCallback                        build/stm32f4xx_hal_uart.o
HAL_UART_Abort                                    build/stm32f4xx_hal_uart.o
HAL_UART_AbortCpltCallback                        build/stm32f4xx_hal_uart.o
HAL_UART_AbortReceive                             build/stm32f4xx_hal_uart.o
HAL_UART_AbortReceiveCpltCallback                 build/stm32f4xx_hal_uart.o
HAL_UART_AbortReceive_IT                          build/stm32f4xx_hal_uart.o
HAL_UART_AbortTransmit                            build/stm32f4xx_hal_uart.o
HAL_UART_AbortTransmitCpltCallback                build/stm32f4xx_hal_uart.o
HAL_UART_AbortTransmit_IT                         build/stm32f4xx_hal_uart.o
HAL_UART_Abort_IT                                 build/stm32f4xx_hal_uart.o
HAL_UART_DMAPause                                 build/stm32f4xx_hal_uart.o
HAL_UART_DMAResume                                build/stm32f4xx_hal_uart.o
HAL_UART_DMAStop                                  build/stm32f4xx_hal_uart.o
HAL_UART_DeInit                                   build/stm32f4xx_hal_uart.o
HAL_UART_ErrorCallback                            build/stm32f4xx_hal_uart.o
HAL_UART_GetError                                 build/stm32f4xx_hal_uart.o
HAL_UART_GetState                                 build/stm32f4xx_hal_uart.o
HAL_UART_IRQHandler                               build/stm32f4xx_hal_uart.o
HAL_UART_Init                                     build/stm32f4xx_hal_uart.o
                                                  build/main.o
HAL_UART_MspDeInit                                build/stm32f4xx_hal_msp.o
HAL_UART_MspInit                                  build/stm32f4xx_hal_msp.o
HAL_UART_Receive                                  build/stm32f4xx_hal_uart.o
HAL_UART_Receive_DMA                              build/stm32f4xx_hal_uart.o
HAL_UART_Receive_IT                               build/stm32f4xx_hal_uart.o
HAL_UART_RxCpltCallback                           build/stm32f4xx_hal_uart.o
HAL_UART_RxHalfCpltCallback                       build/stm32f4xx_hal_uart.o
HAL_UART_Transmit                                 build/stm32f4xx_hal_uart.o
HAL_UART_Transmit_DMA                             build/stm32f4xx_hal_uart.o
HAL_UART_Transmit_IT                              build/stm32f4xx_hal_uart.o
HAL_UART_TxCpltCallback                           build/stm32f4xx_hal_uart.o
HAL_UART_TxHalfCpltCallback                       build/stm32f4xx_hal_uart.o
HardFault_Handler                                 build/stm32f4xx_it.o
I2C1_ER_IRQHandler                                build/startup_stm32f413xx.o
I2C1_EV_IRQHandler                                build/startup_stm32f413xx.o
I2C2_ER_IRQHandler                                build/startup_stm32f413xx.o
I2C2_EV_IRQHandler                                build/startup_stm32f413xx.o
I2C3_ER_IRQHandler                                build/startup_stm32f413xx.o
I2C3_EV_IRQHandler                                build/startup_stm32f413xx.o
LPTIM1_IRQHandler                                 build/startup_stm32f413xx.o
MemManage_Handler                                 build/stm32f4xx_it.o
NMI_Handler                                       build/stm32f4xx_it.o
OTG_FS_IRQHandler                                 build/startup_stm32f413xx.o
OTG_FS_WKUP_IRQHandler                            build/startup_stm32f413xx.o
PVD_IRQHandler                                    build/startup_stm32f413xx.o
PendSV_Handler                                    build/stm32f4xx_it.o
QUADSPI_IRQHandler                                build/startup_stm32f413xx.o
RCC_IRQHandler                                    build/startup_stm32f413xx.o
RNG_IRQHandler                                    build/startup_stm32f413xx.o
RTC_Alarm_IRQHandler                              build/startup_stm32f413xx.o
RTC_WKUP_IRQHandler                               build/startup_stm32f413xx.o
Reset_Handler                                     build/startup_stm32f413xx.o
RxData                                            build/main.o
RxHeader                                          build/main.o
SAI1_IRQHandler                                   build/startup_stm32f413xx.o
SDIO_IRQHandler                                   build/startup_stm32f413xx.o
SPI1_IRQHandler                                   build/startup_stm32f413xx.o
SPI2_IRQHandler                                   build/startup_stm32f413xx.o
SPI3_IRQHandler                                   build/startup_stm32f413xx.o
SPI4_IRQHandler                                   build/startup_stm32f413xx.o
SPI5_IRQHandler                                   build/startup_stm32f413xx.o
SVC_Handler                                       build/stm32f4xx_it.o
SysTick_Handler                                   build/stm32f4xx_it.o
SystemClock_Config                                build/main.o
SystemCoreClock                                   build/system_stm32f4xx.o
                                                  build/stm32f4xx_hal.o
                                                  build/stm32f4xx_hal_dma.o
                                                  build/stm32f4xx_hal_rcc_ex.o
                                                  build/stm32f4xx_hal_rcc.o
SystemCoreClockUpdate                             build/system_stm32f4xx.o
SystemInit                                        build/system_stm32f4xx.o
                                                  build/startup_stm32f413xx.o
TAMP_STAMP_IRQHandler                             build/startup_stm32f413xx.o
TIM1_BRK_TIM9_IRQHandler                          build/startup_stm32f413xx.o
TIM1_CC_IRQHandler                                build/startup_stm32f413xx.o
TIM1_TRG_COM_TIM11_IRQHandler                     build/startup_stm32f413xx.o
TIM1_UP_TIM10_IRQHandler                          build/startup_stm32f413xx.o
TIM2_IRQHandler                                   build/startup_stm32f413xx.o
TIM3_IRQHandler                                   build/startup_stm32f413xx.o
TIM4_IRQHandler                                   build/startup_stm32f413xx.o
TIM5_IRQHandler                                   build/startup_stm32f413xx.o
TIM6_DAC_IRQHandler                               build/startup_stm32f413xx.o
TIM7_IRQHandler                                   build/startup_stm32f413xx.o
TIM8_BRK_TIM12_IRQHandler                         build/startup_stm32f413xx.o
TIM8_CC_IRQHandler                                build/startup_stm32f413xx.o
TIM8_TRG_COM_TIM14_IRQHandler                     build/startup_stm32f413xx.o
TIM8_UP_TIM13_IRQHandler                          build/startup_stm32f413xx.o
TIMEx_DMACommutationCplt                          build/stm32f4xx_hal_tim_ex.o
                                                  build/stm32f4xx_hal_tim.o
TIMEx_DMACommutationHalfCplt                      build/stm32f4xx_hal_tim_ex.o