Archive member included to satisfy reference by file (symbol)

/usr/lib/gcc/arm-none-eabi/13.2.1/../../../arm-none-eabi/lib/thumb/v7e-m+fp/hard/libc_nano.a(libc_a-init.o)
                              /usr/lib/gcc/arm-none-eabi/13.2.1/../../../arm-none-eabi/lib/thumb/v7e-m+fp/hard/crt0.o (__libc_init_array)
/usr/lib/gcc/arm-none-eabi/13.2.1/../../../arm-none-eabi/lib/thumb/v7e-m+fp/hard/libc_nano.a(libc_a-memset.o)
                              /usr/lib/gcc/arm-none-eabi/13.2.1/../../../arm-none-eabi/lib/thumb/v7e-m+fp/hard/crt0.o (memset)
/usr/lib/gcc/arm-none-eabi/13.2.1/../../../arm-none-eabi/lib/thumb/v7e-m+fp/hard/libc_nano.a(libc_a-errno.o)
                              build/sysmem.o (__errno)
/usr/lib/gcc/arm-none-eabi/13.2.1/../../../arm-none-eabi/lib/thumb/v7e-m+fp/hard/libc_nano.a(libc_a-malloc.o)
                              build/usbh_cdc.o (malloc)
/usr/lib/gcc/arm-none-eabi/13.2.1/../../../arm-none-eabi/lib/thumb/v7e-m+fp/hard/libc_nano.a(libc_a-exit.o)
                              /usr/lib/gcc/arm-none-eabi/13.2.1/../../../arm-none-eabi/lib/thumb/v7e-m+fp/hard/crt0.o (exit)
/usr/lib/gcc/arm-none-eabi/13.2.1/../../../arm-none-eabi/lib/thumb/v7e-m+fp/hard/libc_nano.a(libc_a-atexit.o)
                              /usr/lib/gcc/arm-none-eabi/13.2.1/../../../arm-none-eabi/lib/thumb/v7e-m+fp/hard/crt0.o (atexit)
/usr/lib/gcc/arm-none-eabi/13.2.1/../../../arm-none-eabi/lib/thumb/v7e-m+fp/hard/libc_nano.a(libc_a-fini.o)
                              /usr/lib/gcc/arm-none-eabi/13.2.1/../../../arm-none-eabi/lib/thumb/v7e-m+fp/hard/crt0.o (__libc_fini_array)
/usr/lib/gcc/arm-none-eabi/13.2.1/../../../arm-none-eabi/lib/thumb/v7e-m+fp/hard/libc_nano.a(libc_a-impure.o)
                              /usr/lib/gcc/arm-none-eabi/13.2.1/../../../arm-none-eabi/lib/thumb/v7e-m+fp/hard/libc_nano.a(libc_a-errno.o) (_impure_ptr)
/usr/lib/gcc/arm-none-eabi/13.2.1/../../../arm-none-eabi/lib/thumb/v7e-m+fp/hard/libc_nano.a(libc_a-findfp.o)
                              /usr/lib/gcc/arm-none-eabi/13.2.1/../../../arm-none-eabi/lib/thumb/v7e-m+fp/hard/libc_nano.a(libc_a-exit.o) (__stdio_exit_handler)
/usr/lib/gcc/arm-none-eabi/13.2.1/../../../arm-none-eabi/lib/thumb/v7e-m+fp/hard/libc_nano.a(libc_a-fflush.o)
                              /usr/lib/gcc/arm-none-eabi/13.2.1/../../../arm-none-eabi/lib/thumb/v7e-m+fp/hard/libc_nano.a(libc_a-findfp.o) (_fflush_r)
/usr/lib/gcc/arm-none-eabi/13.2.1/../../../arm-none-eabi/lib/thumb/v7e-m+fp/hard/libc_nano.a(libc_a-mallocr.o)
                              /usr/lib/gcc/arm-none-eabi/13.2.1/../../../arm-none-eabi/lib/thumb/v7e-m+fp/hard/libc_nano.a(libc_a-malloc.o) (_malloc_r)
/usr/lib/gcc/arm-none-eabi/13.2.1/../../../arm-none-eabi/lib/thumb/v7e-m+fp/hard/libc_nano.a(libc_a-freer.o)
                              /usr/lib/gcc/arm-none-eabi/13.2.1/../../../arm-none-eabi/lib/thumb/v7e-m+fp/hard/libc_nano.a(libc_a-malloc.o) (_free_r)
/usr/lib/gcc/arm-none-eabi/13.2.1/../../../arm-none-eabi/lib/thumb/v7e-m+fp/hard/libc_nano.a(libc_a-fwalk.o)
                              /usr/lib/gcc/arm-none-eabi/13.2.1/../../../arm-none-eabi/lib/thumb/v7e-m+fp/hard/libc_nano.a(libc_a-findfp.o) (_fwalk_sglue)
/usr/lib/gcc/arm-none-eabi/13.2.1/../../../arm-none-eabi/lib/thumb/v7e-m+fp/hard/libc_nano.a(libc_a-__atexit.o)
                              /usr/lib/gcc/arm-none-eabi/13.2.1/../../../arm-none-eabi/lib/thumb/v7e-m+fp/hard/libc_nano.a(libc_a-atexit.o) (__register_exitproc)
/usr/lib/gcc/arm-none-eabi/13.2.1/../../../arm-none-eabi/lib/thumb/v7e-m+fp/hard/libc_nano.a(libc_a-mlock.o)
                              /usr/lib/gcc/arm-none-eabi/13.2.1/../../../arm-none-eabi/lib/thumb/v7e-m+fp/hard/libc_nano.a(libc_a-mallocr.o) (__malloc_lock)
/usr/lib/gcc/arm-none-eabi/13.2.1/../../../arm-none-eabi/lib/thumb/v7e-m+fp/hard/libc_nano.a(libc_a-sbrkr.o)
                              /usr/lib/gcc/arm-none-eabi/13.2.1/../../../arm-none-eabi/lib/thumb/v7e-m+fp/hard/libc_nano.a(libc_a-mallocr.o) (_sbrk_r)
/usr/lib/gcc/arm-none-eabi/13.2.1/../../../arm-none-eabi/lib/thumb/v7e-m+fp/hard/libc_nano.a(libc_a-stdio.o)
                              /usr/lib/gcc/arm-none-eabi/13.2.1/../../../arm-none-eabi/lib/thumb/v7e-m+fp/hard/libc_nano.a(libc_a-findfp.o) (__sread)
/usr/lib/gcc/arm-none-eabi/13.2.1/../../../arm-none-eabi/lib/thumb/v7e-m+fp/hard/libc_nano.a(libc_a-closer.o)
                              /usr/lib/gcc/arm-none-eabi/13.2.1/../../../arm-none-eabi/lib/thumb/v7e-m+fp/hard/libc_nano.a(libc_a-stdio.o) (_close_r)
/usr/lib/gcc/arm-none-eabi/13.2.1/../../../arm-none-eabi/lib/thumb/v7e-m+fp/hard/libc_nano.a(libc_a-__call_atexit.o)
                              /usr/lib/gcc/arm-none-eabi/13.2.1/../../../arm-none-eabi/lib/thumb/v7e-m+fp/hard/libc_nano.a(libc_a-__atexit.o) (__call_exitprocs)
/usr/lib/gcc/arm-none-eabi/13.2.1/../../../arm-none-eabi/lib/thumb/v7e-m+fp/hard/libc_nano.a(libc_a-readr.o)
[...]
Memory Configuration

Name             Origin             Length             Attributes
RAM              0x20000000         0x00020000         xrw
CCMRAM           0x10000000         0x00010000         xrw
FLASH            0x08000000         0x00100000         xr
*default*        0x00000000         0xffffffff

Linker script and memory map

LOAD /usr/lib/gcc/arm-none-eabi/13.2.1/thumb/v7e-m+fp/hard/crti.o
LOAD /usr/lib/gcc/arm-none-eabi/13.2.1/thumb/v7e-m+fp/hard/crtbegin.o
LOAD /usr/lib/gcc/arm-none-eabi/13.2.1/../../../arm-none-eabi/lib/thumb/v7e-m+fp/hard/crt0.o
LOAD build/main.o
LOAD build/init.o
LOAD build/usb_host.o
LOAD build/usbh_conf.o
LOAD build/usbh_platform.o
LOAD build/stm32f4xx_it.o
LOAD build/stm32f4xx_hal_msp.o
LOAD build/stm32f4xx_hal_hcd.o
LOAD build/stm32f4xx_ll_usb.o
LOAD build/stm32f4xx_hal_rcc.o
LOAD build/stm32f4xx_hal_rcc_ex.o
LOAD build/stm32f4xx_hal_flash.o
LOAD build/stm32f4xx_hal_flash_ex.o
LOAD build/stm32f4xx_hal_flash_ramfunc.o
LOAD build/stm32f4xx_hal_gpio.o
LOAD build/stm32f4xx_hal_dma_ex.o
LOAD build/stm32f4xx_hal_dma.o
LOAD build/stm32f4xx_hal_pwr.o
LOAD build/stm32f4xx_hal_pwr_ex.o
LOAD build/stm32f4xx_hal_cortex.o
LOAD build/stm32f4xx_hal.o
LOAD build/stm32f4xx_hal_exti.o
LOAD build/stm32f4xx_hal_can.o
LOAD build/stm32f4xx_hal_i2c.o
LOAD build/stm32f4xx_hal_i2c_ex.o
LOAD build/stm32f4xx_hal_i2s.o
LOAD build/stm32f4xx_hal_i2s_ex.o
LOAD build/stm32f4xx_hal_spi.o
LOAD build/system_stm32f4xx.o
LOAD build/usbh_core.o
LOAD build/usbh_ctlreq.o
LOAD build/usbh_ioreq.o
LOAD build/usbh_pipes.o
LOAD build/usbh_cdc.o
LOAD build/sysmem.o
LOAD build/syscalls.o
LOAD build/startup_stm32f407xx.o
LOAD /usr/lib/gcc/arm-none-eabi/13.2.1/../../../arm-none-eabi/lib/thumb/v7e-m+fp/hard/libc_nano.a
LOAD /usr/lib/gcc/arm-none-eabi/13.2.1/../../../arm-none-eabi/lib/thumb/v7e-m+fp/hard/libm.a
LOAD /usr/lib/gcc/arm-none-eabi/13.2.1/../../../arm-none-eabi/lib/thumb/v7e-m+fp/hard/libnosys.a
START GROUP
LOAD /usr/lib/gcc/arm-none-eabi/13.2.1/thumb/v7e-m+fp/hard/libgcc.a
LOAD /usr/lib/gcc/arm-none-eabi/13.2.1/../../../arm-none-eabi/lib/thumb/v7e-m+fp/hard/libc_nano.a
END GROUP
START GROUP
LOAD /usr/lib/gcc/arm-none-eabi/13.2.1/thumb/v7e-m+fp/hard/libgcc.a
LOAD /usr/lib/gcc/arm-none-eabi/13.2.1/../../../arm-none-eabi/lib/thumb/v7e-m+fp/hard/libc_nano.a
END GROUP
LOAD /usr/lib/gcc/arm-none-eabi/13.2.1/thumb/v7e-m+fp/hard/crtend.o
LOAD /usr/lib/gcc/arm-none-eabi/13.2.1/thumb/v7e-m+fp/hard/crtn.o
                0x20020000                        _estack = (ORIGIN (RAM) + LENGTH (RAM))
                0x2001fc00                        _sstack = (_estack - _Min_Stack_Size)
                0x00000200                        _Min_Heap_Size = 0x200
                0x00000400                        _Min_Stack_Size = 0x400

.isr_vector     0x08000000      0x188
                0x08000000                        . = ALIGN (0x4)
 *(.isr_vector)
 .isr_vector    0x08000000      0x188 build/startup_stm32f407xx.o
                0x08000000                g_pfnVectors
                0x08000188                        . = ALIGN (0x4)

.text           0x08000188     0x5a18
                0x08000188                        . = ALIGN (0x4)
 *(.text)
 .text          0x08000188       0x88 /usr/lib/gcc/arm-none-eabi/13.2.1/thumb/v7e-m+fp/hard/crtbegin.o
 .text          0x08000210       0x50 /usr/lib/gcc/arm-none-eabi/13.2.1/../../../arm-none-eabi/lib/thumb/v7e-m+fp/hard/libc_nano.a(libc_a-init.o)
                0x08000210                __libc_init_array
 .text          0x08000260       0xa4 /usr/lib/gcc/arm-none-eabi/13.2.1/../../../arm-none-eabi/lib/thumb/v7e-m+fp/hard/libc_nano.a(libc_a-memset.o)
                0x08000260                memset
 .text          0x08000304        0xc /usr/lib/gcc/arm-none-eabi/13.2.1/../../../arm-none-eabi/lib/thumb/v7e-m+fp/hard/libc_nano.a(libc_a-errno.o)
                0x08000304                __errno
 .text          0x08000310       0x20 /usr/lib/gcc/arm-none-eabi/13.2.1/../../../arm-none-eabi/lib/thumb/v7e-m+fp/hard/libc_nano.a(libc_a-malloc.o)
                0x08000310                malloc
                0x08000320                free
 .text          0x08000330      0x148 /usr/lib/gcc/arm-none-eabi/13.2.1/../../../arm-none-eabi/lib/thumb/v7e-m+fp/hard/libc_nano.a(libc_a-mallocr.o)
                0x08000378                _malloc_r
 .text          0x08000478       0xbc /usr/lib/gcc/arm-none-eabi/13.2.1/../../../arm-none-eabi/lib/thumb/v7e-m+fp/hard/libc_nano.a(libc_a-freer.o)
                0x08000478                _free_r
 .text          0x08000534        0x8 /usr/lib/gcc/arm-none-eabi/13.2.1/../../../arm-none-eabi/lib/thumb/v7e-m+fp/hard/libc_nano.a(libc_a-mlock.o)
                0x08000534                __malloc_lock
                0x08000538                __malloc_unlock
 .text          0x0800053c       0x24 /usr/lib/gcc/arm-none-eabi/13.2.1/../../../arm-none-eabi/lib/thumb/v7e-m+fp/hard/libc_nano.a(libc_a-sbrkr.o)
                0x0800053c                _sbrk_r
 .text          0x08000560       0x30 /usr/lib/gcc/arm-none-eabi/13.2.1/thumb/v7e-m+fp/hard/libgcc.a(_aeabi_uldivmod.o)
                0x08000560                __aeabi_uldivmod
 .text          0x08000590      0x2bc /usr/lib/gcc/arm-none-eabi/13.2.1/thumb/v7e-m+fp/hard/libgcc.a(_udivmoddi4.o)
                0x08000590                __udivmoddi4
 .text          0x0800084c        0x4 /usr/lib/gcc/arm-none-eabi/13.2.1/thumb/v7e-m+fp/hard/libgcc.a(_dvmd_tls.o)
                0x0800084c                __aeabi_ldiv0
                0x0800084c                __aeabi_idiv0
 *(.text*)
 .text.main     0x08000850       0x60 build/main.o
                0x08000850                main
 .text.MX_GPIO_Init
                0x080008b0      0x188 build/init.o
 .text.Error_Handler
                0x08000a38        0x4 build/init.o
                0x08000a38                Error_Handler
 .text.MX_CAN1_Init
                0x08000a3c       0x40 build/init.o
 .text.MX_I2C1_Init
                0x08000a7c       0x38 build/init.o
 .text.MX_I2S3_Init
                0x08000ab4       0x38 build/init.o
 .text.MX_SPI1_Init
                0x08000aec       0x40 build/init.o
 .text.SystemClock_Config
                0x08000b2c       0xac build/init.o
                0x08000b2c                SystemClock_Config
 .text.init     0x08000bd8       0x80 build/init.o
                0x08000bd8                init
 .text.USBH_UserProcess
                0x08000c58       0x2c build/usb_host.o
 .text.MX_USB_HOST_Init
                0x08000c84       0x40 build/usb_host.o
                0x08000c84                MX_USB_HOST_Init
 .text.MX_USB_HOST_Process
                0x08000cc4       0x10 build/usb_host.o
                0x08000cc4                MX_USB_HOST_Process
 .text.HAL_HCD_MspInit
                0x08000cd4       0x94 build/usbh_conf.o
                0x08000cd4                HAL_HCD_MspInit
 .text.HAL_HCD_SOF_Callback
                0x08000d68        0xc build/usbh_conf.o
                0x08000d68                HAL_HCD_SOF_Callback
 .text.HAL_HCD_Connect_Callback
                0x08000d74        0xc build/usbh_conf.o
                0x08000d74                HAL_HCD_Connect_Callback
 .text.HAL_HCD_Disconnect_Callback
                0x08000d80        0xc build/usbh_conf.o
                0x08000d80                HAL_HCD_Disconnect_Callback
 .text.HAL_HCD_HC_NotifyURBChange_Callback
                0x08000d8c        0x2 build/usbh_conf.o
                0x08000d8c                HAL_HCD_HC_NotifyURBChange_Callback
 .text.HAL_HCD_PortEnabled_Callback
                0x08000d8e        0xc build/usbh_conf.o
                0x08000d8e                HAL_HCD_PortEnabled_Callback
 .text.HAL_HCD_PortDisabled_Callback
                0x08000d9a        0xc build/usbh_conf.o
                0x08000d9a                HAL_HCD_PortDisabled_Callback
 *fill*         0x08000da6        0x2 
 .text.USBH_LL_Init
                0x08000da8       0x54 build/usbh_conf.o
                0x08000da8                USBH_LL_Init
 .text.USBH_LL_GetSpeed
                0x08000dfc       0x20 build/usbh_conf.o
                0x08000dfc                USBH_LL_GetSpeed
 .text.USBH_LL_GetLastXferSize
                0x08000e1c        0xc build/usbh_conf.o
                0x08000e1c                USBH_LL_GetLastXferSize
 .text.USBH_LL_ClosePipe
                0x08000e28        0x4 build/usbh_conf.o
                0x08000e28                USBH_LL_ClosePipe
 .text.USBH_LL_GetURBState
                0x08000e2c        0xc build/usbh_conf.o
                0x08000e2c                USBH_LL_GetURBState
 .text.USBH_LL_DriverVBUS
                0x08000e38       0x1c build/usbh_conf.o
                0x08000e38                USBH_LL_DriverVBUS
 .text.USBH_LL_SetToggle
                0x08000e54       0x2e build/usbh_conf.o
                0x08000e54                USBH_LL_SetToggle
 .text.USBH_Delay
                0x08000e82        0x8 build/usbh_conf.o
                0x08000e82                USBH_Delay
 .text.USBH_Get_USB_Status
                0x08000e8a       0x14 build/usbh_conf.o
                0x08000e8a                USBH_Get_USB_Status
 .text.USBH_LL_Start
                0x08000e9e       0x10 build/usbh_conf.o
                0x08000e9e                USBH_LL_Start
 .text.USBH_LL_Stop
                0x08000eae       0x10 build/usbh_conf.o
                0x08000eae                USBH_LL_Stop
 .text.USBH_LL_ResetPort
                0x08000ebe       0x10 build/usbh_conf.o
                0x08000ebe                USBH_LL_ResetPort
 .text.USBH_LL_OpenPipe
                0x08000ece       0x26 build/usbh_conf.o
                0x08000ece                USBH_LL_OpenPipe
 .text.USBH_LL_SubmitURB
                0x08000ef4       0x2a build/usbh_conf.o
                0x08000ef4                USBH_LL_SubmitURB
 *fill*         0x08000f1e        0x2 
 .text.MX_DriverVbusFS
                0x08000f20       0x18 build/usbh_platform.o
                0x08000f20                MX_DriverVbusFS
 .text.NMI_Handler
                0x08000f38        0x2 build/stm32f4xx_it.o
                0x08000f38                NMI_Handler
 .text.HardFault_Handler
                0x08000f3a        0x2 build/stm32f4xx_it.o
                0x08000f3a                HardFault_Handler
 .text.MemManage_Handler
                0x08000f3c        0x2 build/stm32f4xx_it.o
                0x08000f3c                MemManage_Handler
 .text.BusFault_Handler
                0x08000f3e        0x2 build/stm32f4xx_it.o
                0x08000f3e                BusFault_Handler
 .text.UsageFault_Handler
                0x08000f40        0x2 build/stm32f4xx_it.o
                0x08000f40                UsageFault_Handler
 .text.SVC_Handler
                0x08000f42        0x2 build/stm32f4xx_it.o
                0x08000f42                SVC_Handler
 .text.DebugMon_Handler
                0x08000f44        0x2 build/stm32f4xx_it.o
                0x08000f44                DebugMon_Handler
 .text.PendSV_Handler
                0x08000f46        0x2 build/stm32f4xx_it.o
                0x08000f46                PendSV_Handler
 .text.SysTick_Handler
                0x08000f48        0x8 build/stm32f4xx_it.o
                0x08000f48                SysTick_Handler
 .text.CAN1_RX0_IRQHandler
                0x08000f50       0x10 build/stm32f4xx_it.o
                0x08000f50                CAN1_RX0_IRQHandler
 .text.OTG_FS_IRQHandler
                0x08000f60       0x10 build/stm32f4xx_it.o
                0x08000f60                OTG_FS_IRQHandler
 .text.HAL_MspInit
                0x08000f70       0x40 build/stm32f4xx_hal_msp.o
                0x08000f70                HAL_MspInit
 .text.HAL_CAN_MspInit
                0x08000fb0       0x7c build/stm32f4xx_hal_msp.o
                0x08000fb0                HAL_CAN_MspInit
 .text.HAL_I2C_MspInit
                0x0800102c       0x70 build/stm32f4xx_hal_msp.o
                0x0800102c                HAL_I2C_MspInit
 .text.HAL_I2S_MspInit
                0x0800109c       0xc0 build/stm32f4xx_hal_msp.o
                0x0800109c                HAL_I2S_MspInit
 .text.HAL_SPI_MspInit
                0x0800115c       0x6c build/stm32f4xx_hal_msp.o
                0x0800115c                HAL_SPI_MspInit
 .text.HCD_RXQLVL_IRQHandler
                0x080011c8       0xac build/stm32f4xx_hal_hcd.o
 .text.HAL_HCD_Init
                0x08001274       0x8e build/stm32f4xx_hal_hcd.o
                0x08001274                HAL_HCD_Init
 .text.HAL_HCD_HC_SubmitRequest
                0x08001302      0x1ce build/stm32f4xx_hal_hcd.o
                0x08001302                HAL_HCD_HC_SubmitRequest
 .text.HCD_Port_IRQHandler
                0x080014d0       0xb0 build/stm32f4xx_hal_hcd.o
 .text.HCD_HC_IN_IRQHandler
                0x08001580      0x5bc build/stm32f4xx_hal_hcd.o
 .text.HCD_HC_OUT_IRQHandler
                0x08001b3c      0x48c build/stm32f4xx_hal_hcd.o
 .text.HAL_HCD_IRQHandler
                0x08001fc8      0x15c build/stm32f4xx_hal_hcd.o
                0x08001fc8                HAL_HCD_IRQHandler
 .text.HAL_HCD_Start
                0x08002124       0x2a build/stm32f4xx_hal_hcd.o
                0x08002124                HAL_HCD_Start
 .text.HAL_HCD_Stop
                0x0800214e       0x24 build/stm32f4xx_hal_hcd.o
                0x0800214e                HAL_HCD_Stop
 .text.HAL_HCD_ResetPort
                0x08002172        0xa build/stm32f4xx_hal_hcd.o
                0x08002172                HAL_HCD_ResetPort
 .text.HAL_HCD_HC_GetURBState
                0x0800217c        0xe build/stm32f4xx_hal_hcd.o
                0x0800217c                HAL_HCD_HC_GetURBState
 .text.HAL_HCD_HC_GetXferCount
                0x0800218a        0xc build/stm32f4xx_hal_hcd.o
                0x0800218a                HAL_HCD_HC_GetXferCount
 .text.HAL_HCD_GetCurrentFrame
                0x08002196        0xa build/stm32f4xx_hal_hcd.o
                0x08002196                HAL_HCD_GetCurrentFrame
 .text.HAL_HCD_GetCurrentSpeed
                0x080021a0        0xa build/stm32f4xx_hal_hcd.o
                0x080021a0                HAL_HCD_GetCurrentSpeed
 .text.HAL_HCD_HC_ClearHubInfo
                0x080021aa       0x18 build/stm32f4xx_hal_hcd.o
                0x080021aa                HAL_HCD_HC_ClearHubInfo
 .text.HAL_HCD_HC_Init
                0x080021c2       0xca build/stm32f4xx_hal_hcd.o
                0x080021c2                HAL_HCD_HC_Init
 .text.USB_CoreReset
                0x0800228c       0x58 build/stm32f4xx_ll_usb.o
 .text.USB_CoreInit
                0x080022e4       0x92 build/stm32f4xx_ll_usb.o
                0x080022e4                USB_CoreInit
 .text.USB_EnableGlobalInt
                0x08002376        0xc build/stm32f4xx_ll_usb.o
                0x08002376                USB_EnableGlobalInt
 .text.USB_DisableGlobalInt
                0x08002382        0xc build/stm32f4xx_ll_usb.o
                0x08002382                USB_DisableGlobalInt
 .text.USB_FlushTxFifo
                0x0800238e       0x4a build/stm32f4xx_ll_usb.o
                0x0800238e                USB_FlushTxFifo
 .text.USB_FlushRxFifo
                0x080023d8       0x46 build/stm32f4xx_ll_usb.o
                0x080023d8                USB_FlushRxFifo
 .text.USB_WritePacket
                0x0800241e       0x2e build/stm32f4xx_ll_usb.o
                0x0800241e                USB_WritePacket
 .text.USB_ReadPacket
                0x0800244c       0x46 build/stm32f4xx_ll_usb.o
                0x0800244c                USB_ReadPacket
 .text.USB_ReadInterrupts
                0x08002492        0x8 build/stm32f4xx_ll_usb.o
                0x08002492                USB_ReadInterrupts
 .text.USB_ReadChInterrupts
                0x0800249a       0x12 build/stm32f4xx_ll_usb.o
                0x0800249a                USB_ReadChInterrupts
 .text.USB_GetMode
                0x080024ac        0x8 build/stm32f4xx_ll_usb.o
                0x080024ac                USB_GetMode
 .text.USB_SetCurrentMode
                0x080024b4       0x62 build/stm32f4xx_ll_usb.o
                0x080024b4                USB_SetCurrentMode
 *fill*         0x08002516        0x2 
 .text.USB_HostInit
                0x08002518      0x100 build/stm32f4xx_ll_usb.o
                0x08002518                USB_HostInit
 .text.USB_InitFSLSPClkSel
                0x08002618       0x42 build/stm32f4xx_ll_usb.o
                0x08002618                USB_InitFSLSPClkSel
 .text.USB_ResetPort
                0x0800265a       0x3e build/stm32f4xx_ll_usb.o
                0x0800265a                USB_ResetPort
 .text.USB_DriveVbus
                0x08002698       0x46 build/stm32f4xx_ll_usb.o
                0x08002698                USB_DriveVbus
 .text.USB_GetHostSpeed
                0x080026de       0x16 build/stm32f4xx_ll_usb.o
                0x080026de                USB_GetHostSpeed
 .text.USB_GetCurrentFrame
                0x080026f4        0xa build/stm32f4xx_ll_usb.o
                0x080026f4                USB_GetCurrentFrame
 *fill*         0x080026fe        0x2 
 .text.USB_HC_Init
                0x08002700      0x130 build/stm32f4xx_ll_usb.o
                0x08002700                USB_HC_Init
 .text.USB_HC_ReadInterrupt
                0x08002830        0xa build/stm32f4xx_ll_usb.o
                0x08002830                USB_HC_ReadInterrupt
 .text.USB_HC_Halt
                0x0800283a       0xfc build/stm32f4xx_ll_usb.o
                0x0800283a                USB_HC_Halt
 *fill*         0x08002936        0x2 
 .text.USB_DoPing
                0x08002938       0x24 build/stm32f4xx_ll_usb.o
                0x08002938                USB_DoPing
 .text.USB_HC_StartXfer
                0x0800295c      0x2b4 build/stm32f4xx_ll_usb.o
                0x0800295c                USB_HC_StartXfer
 .text.USB_StopHost
                0x08002c10       0x92 build/stm32f4xx_ll_usb.o
                0x08002c10                USB_StopHost
 *fill*         0x08002ca2        0x2 
 .text.HAL_RCC_OscConfig
                0x08002ca4      0x3f8 build/stm32f4xx_hal_rcc.o
                0x08002ca4                HAL_RCC_OscConfig
 .text.HAL_RCC_GetSysClockFreq
                0x0800309c       0xdc build/stm32f4xx_hal_rcc.o
                0x0800309c                HAL_RCC_GetSysClockFreq
 .text.HAL_RCC_ClockConfig
                0x08003178      0x160 build/stm32f4xx_hal_rcc.o
                0x08003178                HAL_RCC_ClockConfig
 .text.HAL_RCC_GetHCLKFreq
                0x080032d8        0xc build/stm32f4xx_hal_rcc.o
                0x080032d8                HAL_RCC_GetHCLKFreq
 .text.HAL_RCC_GetPCLK1Freq
                0x080032e4       0x20 build/stm32f4xx_hal_rcc.o
                0x080032e4                HAL_RCC_GetPCLK1Freq
 .text.HAL_RCCEx_PeriphCLKConfig
                0x08003304      0x154 build/stm32f4xx_hal_rcc_ex.o
                0x08003304                HAL_RCCEx_PeriphCLKConfig
 .text.HAL_RCCEx_GetPeriphCLKFreq
                0x08003458       0x70 build/stm32f4xx_hal_rcc_ex.o
                0x08003458                HAL_RCCEx_GetPeriphCLKFreq
 .text.HAL_GPIO_Init
                0x080034c8      0x1ec build/stm32f4xx_hal_gpio.o
                0x080034c8                HAL_GPIO_Init
 .text.HAL_GPIO_WritePin
                0x080036b4        0xc build/stm32f4xx_hal_gpio.o
                0x080036b4                HAL_GPIO_WritePin
 .text.__NVIC_EnableIRQ
                0x080036c0       0x1c build/stm32f4xx_hal_cortex.o
 .text.__NVIC_SetPriority
                0x080036dc       0x28 build/stm32f4xx_hal_cortex.o
 .text.NVIC_EncodePriority
                0x08003704       0x3e build/stm32f4xx_hal_cortex.o
 *fill*         0x08003742        0x2 
 .text.HAL_NVIC_SetPriorityGrouping
                0x08003744       0x24 build/stm32f4xx_hal_cortex.o
                0x08003744                HAL_NVIC_SetPriorityGrouping
 .text.HAL_NVIC_SetPriority
                0x08003768       0x20 build/stm32f4xx_hal_cortex.o
                0x08003768                HAL_NVIC_SetPriority
 .text.HAL_NVIC_EnableIRQ
                0x08003788        0x8 build/stm32f4xx_hal_cortex.o
                0x08003788                HAL_NVIC_EnableIRQ
 .text.HAL_SYSTICK_Config
                0x08003790       0x28 build/stm32f4xx_hal_cortex.o
                0x08003790                HAL_SYSTICK_Config
 .text.HAL_InitTick
                0x080037b8       0x4c build/stm32f4xx_hal.o
                0x080037b8                HAL_InitTick
 .text.HAL_Init
                0x08003804       0x34 build/stm32f4xx_hal.o
                0x08003804                HAL_Init
 .text.HAL_IncTick
                0x08003838       0x18 build/stm32f4xx_hal.o
                0x08003838                HAL_IncTick
 .text.HAL_GetTick
                0x08003850        0xc build/stm32f4xx_hal.o
                0x08003850                HAL_GetTick
 .text.HAL_Delay
                0x0800385c       0x28 build/stm32f4xx_hal.o
                0x0800385c                HAL_Delay
 .text.HAL_CAN_Init
                0x08003884      0x14c build/stm32f4xx_hal_can.o
                0x08003884                HAL_CAN_Init
 .text.HAL_CAN_ConfigFilter
                0x080039d0      0x138 build/stm32f4xx_hal_can.o
                0x080039d0                HAL_CAN_ConfigFilter
 .text.HAL_CAN_Start
                0x08003b08       0x5c build/stm32f4xx_hal_can.o
                0x08003b08                HAL_CAN_Start
 .text.HAL_CAN_AddTxMessage
                0x08003b64       0xea build/stm32f4xx_hal_can.o
                0x08003b64                HAL_CAN_AddTxMessage
 .text.HAL_CAN_ActivateNotification
                0x08003c4e       0x24 build/stm32f4xx_hal_can.o
                0x08003c4e                HAL_CAN_ActivateNotification
 .text.HAL_CAN_TxMailbox0CompleteCallback
                0x08003c72        0x2 build/stm32f4xx_hal_can.o
                0x08003c72                HAL_CAN_TxMailbox0CompleteCallback
 .text.HAL_CAN_TxMailbox1CompleteCallback
                0x08003c74        0x2 build/stm32f4xx_hal_can.o
                0x08003c74                HAL_CAN_TxMailbox1CompleteCallback
 .text.HAL_CAN_TxMailbox2CompleteCallback
                0x08003c76        0x2 build/stm32f4xx_hal_can.o
                0x08003c76                HAL_CAN_TxMailbox2CompleteCallback
 .text.HAL_CAN_TxMailbox0AbortCallback
                0x08003c78        0x2 build/stm32f4xx_hal_can.o
                0x08003c78                HAL_CAN_TxMailbox0AbortCallback
 .text.HAL_CAN_TxMailbox1AbortCallback
                0x08003c7a        0x2 build/stm32f4xx_hal_can.o
                0x08003c7a                HAL_CAN_TxMailbox1AbortCallback
 .text.HAL_CAN_TxMailbox2AbortCallback
                0x08003c7c        0x2 build/stm32f4xx_hal_can.o
                0x08003c7c                HAL_CAN_TxMailbox2AbortCallback
 .text.HAL_CAN_RxFifo0MsgPendingCallback
                0x08003c7e        0x2 build/stm32f4xx_hal_can.o
                0x08003c7e                HAL_CAN_RxFifo0MsgPendingCallback
 .text.HAL_CAN_RxFifo0FullCallback
                0x08003c80        0x2 build/stm32f4xx_hal_can.o
                0x08003c80                HAL_CAN_RxFifo0FullCallback
 .text.HAL_CAN_RxFifo1MsgPendingCallback
                0x08003c82        0x2 build/stm32f4xx_hal_can.o
                0x08003c82                HAL_CAN_RxFifo1MsgPendingCallback
 .text.HAL_CAN_RxFifo1FullCallback
                0x08003c84        0x2 build/stm32f4xx_hal_can.o
                0x08003c84                HAL_CAN_RxFifo1FullCallback
 .text.HAL_CAN_SleepCallback
                0x08003c86        0x2 build/stm32f4xx_hal_can.o
                0x08003c86                HAL_CAN_SleepCallback
 .text.HAL_CAN_WakeUpFromRxMsgCallback
                0x08003c88        0x2 build/stm32f4xx_hal_can.o
                0x08003c88                HAL_CAN_WakeUpFromRxMsgCallback
 .text.HAL_CAN_ErrorCallback
                0x08003c8a        0x2 build/stm32f4xx_hal_can.o
                0x08003c8a                HAL_CAN_ErrorCallback
 .text.HAL_CAN_IRQHandler
                0x08003c8c      0x250 build/stm32f4xx_hal_can.o
                0x08003c8c                HAL_CAN_IRQHandler
 .text.HAL_I2C_Init
                0x08003edc      0x1bc build/stm32f4xx_hal_i2c.o
                0x08003edc                HAL_I2C_Init
 .text.HAL_I2S_Init
                0x08004098      0x19c build/stm32f4xx_hal_i2s.o
                0x08004098                HAL_I2S_Init
 .text.HAL_I2S_TxCpltCallback
                0x08004234        0x2 build/stm32f4xx_hal_i2s.o
                0x08004234                HAL_I2S_TxCpltCallback
 .text.I2S_Transmit_IT
                0x08004236       0x38 build/stm32f4xx_hal_i2s.o
 .text.HAL_I2S_RxCpltCallback
                0x0800426e        0x2 build/stm32f4xx_hal_i2s.o
                0x0800426e                HAL_I2S_RxCpltCallback
 .text.I2S_Receive_IT
                0x08004270       0x38 build/stm32f4xx_hal_i2s.o
 .text.HAL_I2S_ErrorCallback
                0x080042a8        0x2 build/stm32f4xx_hal_i2s.o
                0x080042a8                HAL_I2S_ErrorCallback
 .text.I2S_IRQHandler
                0x080042aa       0xd0 build/stm32f4xx_hal_i2s.o
 .text.HAL_I2SEx_TxRxCpltCallback
                0x0800437a        0x2 build/stm32f4xx_hal_i2s_ex.o
                0x0800437a                HAL_I2SEx_TxRxCpltCallback
 .text.I2SEx_TxISR_I2S
                0x0800437c       0x3c build/stm32f4xx_hal_i2s_ex.o
 .text.I2SEx_RxISR_I2SExt
                0x080043b8       0x64 build/stm32f4xx_hal_i2s_ex.o
 .text.I2SEx_TxISR_I2SExt
                0x0800441c       0x64 build/stm32f4xx_hal_i2s_ex.o
 .text.I2SEx_RxISR_I2S
                0x08004480       0x3c build/stm32f4xx_hal_i2s_ex.o
 .text.HAL_I2SEx_FullDuplex_IRQHandler
                0x080044bc      0x1d8 build/stm32f4xx_hal_i2s_ex.o
                0x080044bc                HAL_I2SEx_FullDuplex_IRQHandler
 .text.HAL_SPI_Init
                0x08004694       0xbe build/stm32f4xx_hal_spi.o
                0x08004694                HAL_SPI_Init
 *fill*         0x08004752        0x2 
 .text.SystemInit
                0x08004754       0x14 build/system_stm32f4xx.o
                0x08004754                SystemInit
 .text.USBH_HandleSof
                0x08004768       0x1a build/usbh_core.o
 .text.DeInitStateMachine
                0x08004782       0x94 build/usbh_core.o
 .text.USBH_HandleEnum
                0x08004816      0x26e build/usbh_core.o
 .text.USBH_Init
                0x08004a84       0x3e build/usbh_core.o
                0x08004a84                USBH_Init
 .text.USBH_RegisterClass
                0x08004ac2       0x22 build/usbh_core.o
                0x08004ac2                USBH_RegisterClass
 .text.USBH_SelectInterface
                0x08004ae4       0x14 build/usbh_core.o
                0x08004ae4                USBH_SelectInterface
 .text.USBH_FindInterface
                0x08004af8       0x54 build/usbh_core.o
                0x08004af8                USBH_FindInterface
 .text.USBH_Start
                0x08004b4c       0x14 build/usbh_core.o
                0x08004b4c                USBH_Start
 .text.USBH_Process
                0x08004b60      0x290 build/usbh_core.o
                0x08004b60                USBH_Process
 .text.USBH_LL_SetTimer
                0x08004df0        0x6 build/usbh_core.o
                0x08004df0                USBH_LL_SetTimer
 .text.USBH_LL_IncTimer
                0x08004df6       0x12 build/usbh_core.o
                0x08004df6                USBH_LL_IncTimer
 .text.USBH_LL_PortEnabled
                0x08004e08        0x8 build/usbh_core.o
                0x08004e08                USBH_LL_PortEnabled
 .text.USBH_LL_PortDisabled
                0x08004e10        0xe build/usbh_core.o
                0x08004e10                USBH_LL_PortDisabled
 .text.USBH_LL_Connect
                0x08004e1e       0x14 build/usbh_core.o
                0x08004e1e                USBH_LL_Connect
 .text.USBH_LL_Disconnect
                0x08004e32       0x2c build/usbh_core.o
                0x08004e32                USBH_LL_Disconnect
 *fill*         0x08004e5e        0x2 
 .text.USBH_ParseDevDesc
                0x08004e60       0xf4 build/usbh_ctlreq.o
 .text.USBH_ParseInterfaceDesc
                0x08004f54       0x26 build/usbh_ctlreq.o
 .text.USBH_ParseEPDesc
                0x08004f7a       0xe4 build/usbh_ctlreq.o
 .text.USBH_ParseStringDesc
                0x0800505e       0x32 build/usbh_ctlreq.o
 .text.USBH_HandleControl
                0x08005090      0x1da build/usbh_ctlreq.o
 .text.USBH_GetNextDesc
                0x0800526a        0xe build/usbh_ctlreq.o
                0x0800526a                USBH_GetNextDesc
 .text.USBH_ParseCfgDesc
                0x08005278      0x182 build/usbh_ctlreq.o
 .text.USBH_CtlReq
                0x080053fa       0x40 build/usbh_ctlreq.o
                0x080053fa                USBH_CtlReq
 .text.USBH_GetDescriptor
                0x0800543a       0x42 build/usbh_ctlreq.o
                0x0800543a                USBH_GetDescriptor
 .text.USBH_Get_DevDesc
                0x0800547c       0x36 build/usbh_ctlreq.o
                0x0800547c                USBH_Get_DevDesc
 .text.USBH_Get_CfgDesc
                0x080054b2       0x36 build/usbh_ctlreq.o
                0x080054b2                USBH_Get_CfgDesc
 .text.USBH_Get_StringDesc
                0x080054e8       0x40 build/usbh_ctlreq.o
                0x080054e8                USBH_Get_StringDesc
 .text.USBH_SetAddress
                0x08005528       0x22 build/usbh_ctlreq.o
                0x08005528                USBH_SetAddress
 .text.USBH_SetCfg
                0x0800554a       0x22 build/usbh_ctlreq.o
                0x0800554a                USBH_SetCfg
 .text.USBH_SetFeature
                0x0800556c       0x22 build/usbh_ctlreq.o
                0x0800556c                USBH_SetFeature
 .text.USBH_ClrFeature
                0x0800558e       0x24 build/usbh_ctlreq.o
                0x0800558e                USBH_ClrFeature
 .text.USBH_CtlSendSetup
                0x080055b2       0x22 build/usbh_ioreq.o
                0x080055b2                USBH_CtlSendSetup
 .text.USBH_CtlSendData
                0x080055d4       0x2c build/usbh_ioreq.o
                0x080055d4                USBH_CtlSendData
 .text.USBH_CtlReceiveData
                0x08005600       0x20 build/usbh_ioreq.o
                0x08005600                USBH_CtlReceiveData
 .text.USBH_BulkSendData
                0x08005620       0x2c build/usbh_ioreq.o
                0x08005620                USBH_BulkSendData
 .text.USBH_BulkReceiveData
                0x0800564c       0x20 build/usbh_ioreq.o
                0x0800564c                USBH_BulkReceiveData
 .text.USBH_GetFreePipe
                0x0800566c       0x26 build/usbh_pipes.o
 .text.USBH_OpenPipe
                0x08005692       0x20 build/usbh_pipes.o
                0x08005692                USBH_OpenPipe
 .text.USBH_ClosePipe
                0x080056b2        0xa build/usbh_pipes.o
                0x080056b2                USBH_ClosePipe
 .text.USBH_AllocPipe
                0x080056bc       0x26 build/usbh_pipes.o
                0x080056bc                USBH_AllocPipe
 .text.USBH_FreePipe
                0x080056e2       0x16 build/usbh_pipes.o
                0x080056e2                USBH_FreePipe
 .text.USBH_CDC_SOFProcess
                0x080056f8        0x4 build/usbh_cdc.o
 .text.SetLineCoding
                0x080056fc       0x1a build/usbh_cdc.o
 .text.GetLineCoding
                0x08005716       0x1a build/usbh_cdc.o
 .text.USBH_CDC_ClassRequest
                0x08005730       0x22 build/usbh_cdc.o
 .text.USBH_CDC_InterfaceDeInit
                0x08005752       0x68 build/usbh_cdc.o
 .text.USBH_CDC_InterfaceInit
                0x080057ba      0x186 build/usbh_cdc.o
 .text.USBH_CDC_TransmitCallback
                0x08005940        0x2 build/usbh_cdc.o
                0x08005940                USBH_CDC_TransmitCallback
 .text.CDC_ProcessTransmission
                0x08005942       0x92 build/usbh_cdc.o
 .text.USBH_CDC_ReceiveCallback
                0x080059d4        0x2 build/usbh_cdc.o
                0x080059d4                USBH_CDC_ReceiveCallback
 .text.CDC_ProcessReception
                0x080059d6       0x66 build/usbh_cdc.o
 .text.USBH_CDC_LineCodingChanged
                0x08005a3c        0x2 build/usbh_cdc.o
                0x08005a3c                USBH_CDC_LineCodingChanged
 .text.USBH_CDC_Process
                0x08005a3e       0xae build/usbh_cdc.o
 .text._sbrk    0x08005aec       0x48 build/sysmem.o
                0x08005aec                _sbrk
 .text.Reset_Handler
                0x08005b34       0x50 build/startup_stm32f407xx.o
                0x08005b34                Reset_Handler
 .text.Default_Handler
                0x08005b84        0x2 build/startup_stm32f407xx.o
                0x08005b84                RTC_Alarm_IRQHandler
                0x08005b84                HASH_RNG_IRQHandler
                0x08005b84                EXTI2_IRQHandler
                0x08005b84                TIM8_CC_IRQHandler
                0x08005b84                TIM1_CC_IRQHandler
                0x08005b84                DMA2_Stream5_IRQHandler
                0x08005b84                DMA1_Stream5_IRQHandler
                0x08005b84                PVD_IRQHandler
                0x08005b84                SDIO_IRQHandler
                0x08005b84                TAMP_STAMP_IRQHandler
                0x08005b84                CAN2_RX1_IRQHandler
                0x08005b84                EXTI3_IRQHandler
                0x08005b84                TIM8_TRG_COM_TIM14_IRQHandler
                0x08005b84                TIM1_UP_TIM10_IRQHandler
                0x08005b84                TIM8_UP_TIM13_IRQHandler
                0x08005b84                I2C3_ER_IRQHandler
                0x08005b84                EXTI0_IRQHandler
                0x08005b84                I2C2_EV_IRQHandler
                0x08005b84                DMA1_Stream2_IRQHandler
                0x08005b84                FPU_IRQHandler
                0x08005b84                OTG_HS_WKUP_IRQHandler
                0x08005b84                CAN2_SCE_IRQHandler
                0x08005b84                DMA2_Stream2_IRQHandler
                0x08005b84                SPI1_IRQHandler
                0x08005b84                TIM6_DAC_IRQHandler
                0x08005b84                TIM1_BRK_TIM9_IRQHandler
                0x08005b84                DCMI_IRQHandler
                0x08005b84                CAN2_RX0_IRQHandler
                0x08005b84                DMA2_Stream3_IRQHandler
                0x08005b84                USART6_IRQHandler
                0x08005b84                USART3_IRQHandler
                0x08005b84                CAN1_RX1_IRQHandler
                0x08005b84                UART5_IRQHandler
                0x08005b84                DMA2_Stream0_IRQHandler
                0x08005b84                TIM4_IRQHandler
                0x08005b84                I2C1_EV_IRQHandler
                0x08005b84                DMA1_Stream6_IRQHandler
                0x08005b84                DMA1_Stream1_IRQHandler
                0x08005b84                UART4_IRQHandler
                0x08005b84                TIM3_IRQHandler
                0x08005b84                RCC_IRQHandler
                0x08005b84                TIM8_BRK_TIM12_IRQHandler
                0x08005b84                Default_Handler
                0x08005b84                EXTI15_10_IRQHandler
                0x08005b84                ADC_IRQHandler
                0x08005b84                DMA1_Stream7_IRQHandler
                0x08005b84                TIM7_IRQHandler
                0x08005b84                CAN2_TX_IRQHandler
                0x08005b84                TIM5_IRQHandler
                0x08005b84                DMA2_Stream7_IRQHandler
                0x08005b84                I2C3_EV_IRQHandler
                0x08005b84                EXTI9_5_IRQHandler
                0x08005b84                RTC_WKUP_IRQHandler
                0x08005b84                ETH_WKUP_IRQHandler
                0x08005b84                SPI2_IRQHandler
                0x08005b84                OTG_HS_EP1_IN_IRQHandler
                0x08005b84                DMA1_Stream0_IRQHandler
                0x08005b84                CAN1_TX_IRQHandler
                0x08005b84                EXTI4_IRQHandler
                0x08005b84                FSMC_IRQHandler
                0x08005b84                ETH_IRQHandler
                0x08005b84                OTG_HS_EP1_OUT_IRQHandler
                0x08005b84                WWDG_IRQHandler
                0x08005b84                TIM2_IRQHandler
                0x08005b84                OTG_FS_WKUP_IRQHandler
                0x08005b84                TIM1_TRG_COM_TIM11_IRQHandler
                0x08005b84                OTG_HS_IRQHandler
                0x08005b84                EXTI1_IRQHandler
                0x08005b84                USART2_IRQHandler
                0x08005b84                I2C2_ER_IRQHandler
                0x08005b84                DMA2_Stream1_IRQHandler
                0x08005b84                CAN1_SCE_IRQHandler
                0x08005b84                FLASH_IRQHandler
                0x08005b84                DMA2_Stream4_IRQHandler
                0x08005b84                USART1_IRQHandler
                0x08005b84                SPI3_IRQHandler
                0x08005b84                DMA1_Stream4_IRQHandler
                0x08005b84                I2C1_ER_IRQHandler
                0x08005b84                DMA2_Stream6_IRQHandler
                0x08005b84                DMA1_Stream3_IRQHandler
 *(.glue_7)
 .glue_7        0x08005b86        0x0 linker stubs
 *(.glue_7t)
 .glue_7t       0x08005b86        0x0 linker stubs
 *(.eh_frame)
 *fill*         0x08005b86        0x2 
 .eh_frame      0x08005b88        0x0 /usr/lib/gcc/arm-none-eabi/13.2.1/thumb/v7e-m+fp/hard/crtbegin.o
 *(.init)
 .init          0x08005b88        0x4 /usr/lib/gcc/arm-none-eabi/13.2.1/thumb/v7e-m+fp/hard/crti.o
                0x08005b88                _init
 .init          0x08005b8c        0x8 /usr/lib/gcc/arm-none-eabi/13.2.1/thumb/v7e-m+fp/hard/crtn.o
 *(.fini)
 .fini          0x08005b94        0x4 /usr/lib/gcc/arm-none-eabi/13.2.1/thumb/v7e-m+fp/hard/crti.o
                0x08005b94                _fini
 .fini          0x08005b98        0x8 /usr/lib/gcc/arm-none-eabi/13.2.1/thumb/v7e-m+fp/hard/crtn.o
                0x08005ba0                        . = ALIGN (0x4)
                0x08005ba0                        _etext = .

.vfp11_veneer   0x08005ba0        0x0
 .vfp11_veneer  0x08005ba0        0x0 linker stubs

.v4_bx          0x08005ba0        0x0
 .v4_bx         0x08005ba0        0x0 linker stubs

.iplt           0x08005ba0        0x0
 .iplt          0x08005ba0        0x0 /usr/lib/gcc/arm-none-eabi/13.2.1/thumb/v7e-m+fp/hard/crtbegin.o

.rodata         0x08005ba0       0x1c
                0x08005ba0                        . = ALIGN (0x4)
 *(.rodata)
 *(.rodata*)
 .rodata.APBPrescTable
                0x08005ba0        0x8 build/system_stm32f4xx.o
                0x08005ba0                APBPrescTable
 .rodata.AHBPrescTable
                0x08005ba8       0x10 build/system_stm32f4xx.o
                0x08005ba8                AHBPrescTable
 .rodata.str1.4
                0x08005bb8        0x4 build/usbh_cdc.o
                0x08005bbc                        . = ALIGN (0x4)

.ARM.extab      0x08005bbc        0x0
                0x08005bbc                        . = ALIGN (0x4)
 *(.ARM.extab* .gnu.linkonce.armextab.*)
                0x08005bbc                        . = ALIGN (0x4)

.ARM            0x08005bbc        0x8
                0x08005bbc                        . = ALIGN (0x4)
                0x08005bbc                        __exidx_start = .
 *(.ARM.exidx*)
 .ARM.exidx     0x08005bbc        0x8 /usr/lib/gcc/arm-none-eabi/13.2.1/thumb/v7e-m+fp/hard/libgcc.a(_udivmoddi4.o)
                0x08005bc4                        __exidx_end = .
                0x08005bc4                        . = ALIGN (0x4)

.preinit_array  0x08005bc4        0x0
                0x08005bc4                        . = ALIGN (0x4)
                0x08005bc4                        PROVIDE (__preinit_array_start = .)
 *(.preinit_array*)
                0x08005bc4                        PROVIDE (__preinit_array_end = .)
                0x08005bc4                        . = ALIGN (0x4)

.init_array     0x08005bc4        0x4
                0x08005bc4                        . = ALIGN (0x4)
                0x08005bc4                        PROVIDE (__init_array_start = .)
 *(SORT_BY_NAME(.init_array.*))
 *(.init_array*)
 .init_array    0x08005bc4        0x4 /usr/lib/gcc/arm-none-eabi/13.2.1/thumb/v7e-m+fp/hard/crtbegin.o
                0x08005bc8                        PROVIDE (__init_array_end = .)
                0x08005bc8                        . = ALIGN (0x4)

.fini_array     0x08005bc8        0x4
                0x08005bc8                        . = ALIGN (0x4)
                0x08005bc8                        PROVIDE (__fini_array_start = .)
 *(SORT_BY_NAME(.fini_array.*))
 *(.fini_array*)
 .fini_array    0x08005bc8        0x4 /usr/lib/gcc/arm-none-eabi/13.2.1/thumb/v7e-m+fp/hard/crtbegin.o
                0x08005bcc                        PROVIDE (__fini_array_end = .)
                0x08005bcc                        . = ALIGN (0x4)
                0x08005bcc                        _sidata = LOADADDR (.data)

.rel.dyn        0x08005bcc        0x0
 .rel.iplt      0x08005bcc        0x0 /usr/lib/gcc/arm-none-eabi/13.2.1/thumb/v7e-m+fp/hard/crtbegin.o

.data           0x20000000       0x7c load address 0x08005bcc
                0x20000000                        . = ALIGN (0x4)
                0x20000000                        _sdata = .
 *(.data)
 .data          0x20000000       0x50 /usr/lib/gcc/arm-none-eabi/13.2.1/../../../arm-none-eabi/lib/thumb/v7e-m+fp/hard/libc_nano.a(libc_a-impure.o)
                0x20000000                _impure_ptr
                0x20000004                _impure_data
 *(.data*)
 .data.uwTickFreq
                0x20000050        0x1 build/stm32f4xx_hal.o
                0x20000050                uwTickFreq
 *fill*         0x20000051        0x3 
 .data.uwTickPrio
                0x20000054        0x4 build/stm32f4xx_hal.o
                0x20000054                uwTickPrio
 .data.SystemCoreClock
                0x20000058        0x4 build/system_stm32f4xx.o
                0x20000058                SystemCoreClock
 .data.CDC_Class
                0x2000005c       0x20 build/usbh_cdc.o
                0x2000005c                CDC_Class
 *(.RamFunc)
 *(.RamFunc*)
                0x2000007c                        . = ALIGN (0x4)
                0x2000007c                        _edata = .
                0x08005c48                        _siccmram = LOADADDR (.ccmram)

.tm_clone_table
                0x2000007c        0x0 load address 0x08005c48
 .tm_clone_table
                0x2000007c        0x0 /usr/lib/gcc/arm-none-eabi/13.2.1/thumb/v7e-m+fp/hard/crtbegin.o
 .tm_clone_table
                0x2000007c        0x0 /usr/lib/gcc/arm-none-eabi/13.2.1/thumb/v7e-m+fp/hard/crtend.o

.igot.plt       0x2000007c        0x0 load address 0x08005c48
 .igot.plt      0x2000007c        0x0 /usr/lib/gcc/arm-none-eabi/13.2.1/thumb/v7e-m+fp/hard/crtbegin.o

.ccmram         0x10000000        0x0 load address 0x08005c48
                0x10000000                        . = ALIGN (0x4)
                0x10000000                        _sccmram = .
 *(.ccmram)
 *(.ccmram*)
                0x10000000                        . = ALIGN (0x4)
                0x10000000                        _eccmram = .
                0x10000000                        . = ALIGN (0x4)

.bss            0x2000007c      0xa68
                0x2000007c                        _sbss = .
                0x2000007c                        __bss_start__ = _sbss
 *(.bss)
 .bss           0x2000007c       0x1c /usr/lib/gcc/arm-none-eabi/13.2.1/thumb/v7e-m+fp/hard/crtbegin.o
 .bss           0x20000098      0x13c /usr/lib/gcc/arm-none-eabi/13.2.1/../../../arm-none-eabi/lib/thumb/v7e-m+fp/hard/libc_nano.a(libc_a-findfp.o)
                0x20000098                __sf
                0x200001d0                __stdio_exit_handler
 .bss           0x200001d4        0x8 /usr/lib/gcc/arm-none-eabi/13.2.1/../../../arm-none-eabi/lib/thumb/v7e-m+fp/hard/libc_nano.a(libc_a-mallocr.o)
                0x200001d4                __malloc_sbrk_start
                0x200001d8                __malloc_free_list
 .bss           0x200001dc        0x4 /usr/lib/gcc/arm-none-eabi/13.2.1/../../../arm-none-eabi/lib/thumb/v7e-m+fp/hard/libc_nano.a(libc_a-reent.o)
                0x200001dc                errno
 *(.bss*)
 .bss.TxMailbox
                0x200001e0        0x4 build/init.o
                0x200001e0                TxMailbox
 .bss.TxData    0x200001e4        0x8 build/init.o
                0x200001e4                TxData
 .bss.TxHeader  0x200001ec       0x18 build/init.o
                0x200001ec                TxHeader
 .bss.hspi1     0x20000204       0x58 build/init.o
                0x20000204                hspi1
 .bss.hi2s3     0x2000025c       0x48 build/init.o
                0x2000025c                hi2s3
 .bss.hi2c1     0x200002a4       0x54 build/init.o
                0x200002a4                hi2c1
 .bss.hcan1     0x200002f8       0x28 build/init.o
                0x200002f8                hcan1
 .bss.Appli_state
                0x20000320        0x1 build/usb_host.o
                0x20000320                Appli_state
 *fill*         0x20000321        0x3 
 .bss.hUsbHostFS
                0x20000324      0x3d8 build/usb_host.o
                0x20000324                hUsbHostFS
 .bss.hhcd_USB_OTG_FS
                0x200006fc      0x3e0 build/usbh_conf.o
                0x200006fc                hhcd_USB_OTG_FS
 .bss.uwTick    0x20000adc        0x4 build/stm32f4xx_hal.o
                0x20000adc                uwTick
 .bss.__sbrk_heap_end
                0x20000ae0        0x4 build/sysmem.o
 *(COMMON)
                0x20000ae4                        . = ALIGN (0x4)
                0x20000ae4                        _ebss = .
                0x20000ae4                        __bss_end__ = _ebss

._user_heap_stack
                0x20000ae4      0x604
                0x20000ae8                        . = ALIGN (0x8)
 *fill*         0x20000ae4        0x4 
                [!provide]                        PROVIDE (end = .)
                0x20000ae8                        PROVIDE (_end = .)
                0x20000ce8                        . = (. + _Min_Heap_Size)
 *fill*         0x20000ae8      0x200 
                0x200010e8                        . = (. + _Min_Stack_Size)
 *fill*         0x20000ce8      0x400 
                0x200010e8                        . = ALIGN (0x8)

/DISCARD/
 libc.a(*)
 libm.a(*)
 libgcc.a(*)
OUTPUT(build/can-f407-makefile.elf elf32-littlearm)
LOAD linker stubs
LOAD /usr/lib/gcc/arm-none-eabi/13.2.1/../../../arm-none-eabi/lib/thumb/v7e-m+fp/hard/libc.a
LOAD /usr/lib/gcc/arm-none-eabi/13.2.1/../../../arm-none-eabi/lib/thumb/v7e-m+fp/hard/libm.a
LOAD /usr/lib/gcc/arm-none-eabi/13.2.1/thumb/v7e-m+fp/hard/libgcc.a

.ARM.attributes
                0x00000000       0x30
 .ARM.attributes
                0x00000000       0x22 /usr/lib/gcc/arm-none-eabi/13.2.1/thumb/v7e-m+fp/hard/crti.o
 .ARM.attributes
                0x00000022       0x34 /usr/lib/gcc/arm-none-eabi/13.2.1/thumb/v7e-m+fp/hard/crtbegin.o
 .ARM.attributes
                0x00000056       0x34 build/main.o
 .ARM.attributes
                0x0000008a       0x34 build/init.o
 .ARM.attributes
                0x000000be       0x34 build/usb_host.o
 .ARM.attributes
                0x000000f2       0x34 build/usbh_conf.o
 .ARM.attributes
                0x00000126       0x34 build/usbh_platform.o
 .ARM.attributes
                0x0000015a       0x34 build/stm32f4xx_it.o
 .ARM.attributes
                0x0000018e       0x34 build/stm32f4xx_hal_msp.o
 .ARM.attributes
                0x000001c2       0x34 build/stm32f4xx_hal_hcd.o
 .ARM.attributes
                0x000001f6       0x34 build/stm32f4xx_ll_usb.o
 .ARM.attributes
                0x0000022a       0x34 build/stm32f4xx_hal_rcc.o
 .ARM.attributes
                0x0000025e       0x34 build/stm32f4xx_hal_rcc_ex.o
 .ARM.attributes
                0x00000292       0x34 build/stm32f4xx_hal_gpio.o
 .ARM.attributes
                0x000002c6       0x34 build/stm32f4xx_hal_cortex.o
 .ARM.attributes
                0x000002fa       0x34 build/stm32f4xx_hal.o
 .ARM.attributes
                0x0000032e       0x34 build/stm32f4xx_hal_can.o
 .ARM.attributes
                0x00000362       0x34 build/stm32f4xx_hal_i2c.o
 .ARM.attributes
                0x00000396       0x34 build/stm32f4xx_hal_i2s.o
 .ARM.attributes
                0x000003ca       0x34 build/stm32f4xx_hal_i2s_ex.o
 .ARM.attributes
                0x000003fe       0x34 build/stm32f4xx_hal_spi.o
 .ARM.attributes
                0x00000432       0x34 build/system_stm32f4xx.o
 .ARM.attributes
                0x00000466       0x34 build/usbh_core.o
 .ARM.attributes
                0x0000049a       0x34 build/usbh_ctlreq.o
 .ARM.attributes
                0x000004ce       0x34 build/usbh_ioreq.o
 .ARM.attributes
                0x00000502       0x34 build/usbh_pipes.o
 .ARM.attributes
                0x00000536       0x34 build/usbh_cdc.o
 .ARM.attributes
                0x0000056a       0x34 build/sysmem.o
 .ARM.attributes
                0x0000059e       0x21 build/startup_stm32f407xx.o
 .ARM.attributes
                0x000005bf       0x34 /usr/lib/gcc/arm-none-eabi/13.2.1/../../../arm-none-eabi/lib/thumb/v7e-m+fp/hard/libc_nano.a(libc_a-init.o)
 .ARM.attributes
                0x000005f3       0x34 /usr/lib/gcc/arm-none-eabi/13.2.1/../../../arm-none-eabi/lib/thumb/v7e-m+fp/hard/libc_nano.a(libc_a-memset.o)
 .ARM.attributes
                0x00000627       0x34 /usr/lib/gcc/arm-none-eabi/13.2.1/../../../arm-none-eabi/lib/thumb/v7e-m+fp/hard/libc_nano.a(libc_a-errno.o)
 .ARM.attributes
                0x0000065b       0x34 /usr/lib/gcc/arm-none-eabi/13.2.1/../../../arm-none-eabi/lib/thumb/v7e-m+fp/hard/libc_nano.a(libc_a-malloc.o)
 .ARM.attributes
                0x0000068f       0x34 /usr/lib/gcc/arm-none-eabi/13.2.1/../../../arm-none-eabi/lib/thumb/v7e-m+fp/hard/libc_nano.a(libc_a-impure.o)
 .ARM.attributes
                0x000006c3       0x34 /usr/lib/gcc/arm-none-eabi/13.2.1/../../../arm-none-eabi/lib/thumb/v7e-m+fp/hard/libc_nano.a(libc_a-findfp.o)
 .ARM.attributes
                0x000006f7       0x34 /usr/lib/gcc/arm-none-eabi/13.2.1/../../../arm-none-eabi/lib/thumb/v7e-m+fp/hard/libc_nano.a(libc_a-mallocr.o)
 .ARM.attributes
                0x0000072b       0x34 /usr/lib/gcc/arm-none-eabi/13.2.1/../../../arm-none-eabi/lib/thumb/v7e-m+fp/hard/libc_nano.a(libc_a-freer.o)
 .ARM.attributes
                0x0000075f       0x34 /usr/lib/gcc/arm-none-eabi/13.2.1/../../../arm-none-eabi/lib/thumb/v7e-m+fp/hard/libc_nano.a(libc_a-mlock.o)
 .ARM.attributes
                0x00000793       0x34 /usr/lib/gcc/arm-none-eabi/13.2.1/../../../arm-none-eabi/lib/thumb/v7e-m+fp/hard/libc_nano.a(libc_a-sbrkr.o)
 .ARM.attributes
                0x000007c7       0x34 /usr/lib/gcc/arm-none-eabi/13.2.1/../../../arm-none-eabi/lib/thumb/v7e-m+fp/hard/libc_nano.a(libc_a-reent.o)
 .ARM.attributes
                0x000007fb       0x22 /usr/lib/gcc/arm-none-eabi/13.2.1/thumb/v7e-m+fp/hard/libgcc.a(_aeabi_uldivmod.o)
 .ARM.attributes
                0x0000081d       0x34 /usr/lib/gcc/arm-none-eabi/13.2.1/thumb/v7e-m+fp/hard/libgcc.a(_udivmoddi4.o)
 .ARM.attributes
                0x00000851       0x22 /usr/lib/gcc/arm-none-eabi/13.2.1/thumb/v7e-m+fp/hard/libgcc.a(_dvmd_tls.o)
 .ARM.attributes
                0x00000873       0x34 /usr/lib/gcc/arm-none-eabi/13.2.1/thumb/v7e-m+fp/hard/crtend.o
 .ARM.attributes
                0x000008a7       0x22 /usr/lib/gcc/arm-none-eabi/13.2.1/thumb/v7e-m+fp/hard/crtn.o

.comment        0x00000000       0x26
 .comment       0x00000000       0x26 /usr/lib/gcc/arm-none-eabi/13.2.1/thumb/v7e-m+fp/hard/crtbegin.o
                                 0x27 (size before relaxing)
 .comment       0x00000026       0x27 build/main.o
 .comment       0x00000026       0x27 build/init.o
 .comment       0x00000026       0x27 build/usb_host.o
 .comment       0x00000026       0x27 build/usbh_conf.o
 .comment       0x00000026       0x27 build/usbh_platform.o
 .comment       0x00000026       0x27 build/stm32f4xx_it.o
 .comment       0x00000026       0x27 build/stm32f4xx_hal_msp.o
 .comment       0x00000026       0x27 build/stm32f4xx_hal_hcd.o
 .comment       0x00000026       0x27 build/stm32f4xx_ll_usb.o
 .comment       0x00000026       0x27 build/stm32f4xx_hal_rcc.o
 .comment       0x00000026       0x27 build/stm32f4xx_hal_rcc_ex.o
 .comment       0x00000026       0x27 build/stm32f4xx_hal_gpio.o
 .comment       0x00000026       0x27 build/stm32f4xx_hal_cortex.o
 .comment       0x00000026       0x27 build/stm32f4xx_hal.o
 .comment       0x00000026       0x27 build/stm32f4xx_hal_can.o
 .comment       0x00000026       0x27 build/stm32f4xx_hal_i2c.o
 .comment       0x00000026       0x27 build/stm32f4xx_hal_i2s.o
 .comment       0x00000026       0x27 build/stm32f4xx_hal_i2s_ex.o
 .comment       0x00000026       0x27 build/stm32f4xx_hal_spi.o
 .comment       0x00000026       0x27 build/system_stm32f4xx.o
 .comment       0x00000026       0x27 build/usbh_core.o
 .comment       0x00000026       0x27 build/usbh_ctlreq.o
 .comment       0x00000026       0x27 build/usbh_ioreq.o
 .comment       0x00000026       0x27 build/usbh_pipes.o
 .comment       0x00000026       0x27 build/usbh_cdc.o
 .comment       0x00000026       0x27 build/sysmem.o
 .comment       0x00000026       0x27 /usr/lib/gcc/arm-none-eabi/13.2.1/../../../arm-none-eabi/lib/thumb/v7e-m+fp/hard/libc_nano.a(libc_a-init.o)
 .comment       0x00000026       0x27 /usr/lib/gcc/arm-none-eabi/13.2.1/../../../arm-none-eabi/lib/thumb/v7e-m+fp/hard/libc_nano.a(libc_a-memset.o)
 .comment       0x00000026       0x27 /usr/lib/gcc/arm-none-eabi/13.2.1/../../../arm-none-eabi/lib/thumb/v7e-m+fp/hard/libc_nano.a(libc_a-errno.o)
 .comment       0x00000026       0x27 /usr/lib/gcc/arm-none-eabi/13.2.1/../../../arm-none-eabi/lib/thumb/v7e-m+fp/hard/libc_nano.a(libc_a-malloc.o)
 .comment       0x00000026       0x27 /usr/lib/gcc/arm-none-eabi/13.2.1/../../../arm-none-eabi/lib/thumb/v7e-m+fp/hard/libc_nano.a(libc_a-impure.o)
 .comment       0x00000026       0x27 /usr/lib/gcc/arm-none-eabi/13.2.1/../../../arm-none-eabi/lib/thumb/v7e-m+fp/hard/libc_nano.a(libc_a-findfp.o)
 .comment       0x00000026       0x27 /usr/lib/gcc/arm-none-eabi/13.2.1/../../../arm-none-eabi/lib/thumb/v7e-m+fp/hard/libc_nano.a(libc_a-mallocr.o)
 .comment       0x00000026       0x27 /usr/lib/gcc/arm-none-eabi/13.2.1/../../../arm-none-eabi/lib/thumb/v7e-m+fp/hard/libc_nano.a(libc_a-freer.o)
 .comment       0x00000026       0x27 /usr/lib/gcc/arm-none-eabi/13.2.1/../../../arm-none-eabi/lib/thumb/v7e-m+fp/hard/libc_nano.a(libc_a-mlock.o)
 .comment       0x00000026       0x27 /usr/lib/gcc/arm-none-eabi/13.2.1/../../../arm-none-eabi/lib/thumb/v7e-m+fp/hard/libc_nano.a(libc_a-sbrkr.o)
 .comment       0x00000026       0x27 /usr/lib/gcc/arm-none-eabi/13.2.1/../../../arm-none-eabi/lib/thumb/v7e-m+fp/hard/libc_nano.a(libc_a-reent.o)
 .comment       0x00000026       0x27 /usr/lib/gcc/arm-none-eabi/13.2.1/thumb/v7e-m+fp/hard/libgcc.a(_udivmoddi4.o)
 .comment       0x00000026       0x27 /usr/lib/gcc/arm-none-eabi/13.2.1/thumb/v7e-m+fp/hard/crtend.o

.debug_info     0x00000000    0x246e3
 .debug_info    0x00000000      0x6cb build/main.o
 .debug_info    0x000006cb     0x1da3 build/init.o
 .debug_info    0x0000246e      0xbee build/usb_host.o
 .debug_info    0x0000305c     0x235e build/usbh_conf.o
 .debug_info    0x000053ba      0x201 build/usbh_platform.o
 .debug_info    0x000055bb      0xc11 build/stm32f4xx_it.o
 .debug_info    0x000061cc     0x1af4 build/stm32f4xx_hal_msp.o
 .debug_info    0x00007cc0     0x1b32 build/stm32f4xx_hal_hcd.o
 .debug_info    0x000097f2     0x21de build/stm32f4xx_ll_usb.o
 .debug_info    0x0000b9d0      0xbf0 build/stm32f4xx_hal_rcc.o
 .debug_info    0x0000c5c0      0x6e8 build/stm32f4xx_hal_rcc_ex.o
 .debug_info    0x0000cca8      0x824 build/stm32f4xx_hal_gpio.o
 .debug_info    0x0000d4cc     0x11bc build/stm32f4xx_hal_cortex.o
 .debug_info    0x0000e688      0xaee build/stm32f4xx_hal.o
 .debug_info    0x0000f176     0x13ba build/stm32f4xx_hal_can.o
 .debug_info    0x00010530     0x3bec build/stm32f4xx_hal_i2c.o
 .debug_info    0x0001411c     0x1302 build/stm32f4xx_hal_i2s.o
 .debug_info    0x0001541e      0xeb4 build/stm32f4xx_hal_i2s_ex.o
 .debug_info    0x000162d2     0x1f5c build/stm32f4xx_hal_spi.o
 .debug_info    0x0001822e      0x59b build/system_stm32f4xx.o
 .debug_info    0x000187c9     0x17ee build/usbh_core.o
 .debug_info    0x00019fb7     0x15db build/usbh_ctlreq.o
 .debug_info    0x0001b592     0x10eb build/usbh_ioreq.o
 .debug_info    0x0001c67d      0xcb1 build/usbh_pipes.o
 .debug_info    0x0001d32e     0x1af6 build/usbh_cdc.o
 .debug_info    0x0001ee24      0x174 build/sysmem.o
 .debug_info    0x0001ef98       0x30 build/startup_stm32f407xx.o
 .debug_info    0x0001efc8      0x10b /usr/lib/gcc/arm-none-eabi/13.2.1/../../../arm-none-eabi/lib/thumb/v7e-m+fp/hard/libc_nano.a(libc_a-init.o)
 .debug_info    0x0001f0d3      0x135 /usr/lib/gcc/arm-none-eabi/13.2.1/../../../arm-none-eabi/lib/thumb/v7e-m+fp/hard/libc_nano.a(libc_a-memset.o)
 .debug_info    0x0001f208      0x6f1 /usr/lib/gcc/arm-none-eabi/13.2.1/../../../arm-none-eabi/lib/thumb/v7e-m+fp/hard/libc_nano.a(libc_a-errno.o)
 .debug_info    0x0001f8f9      0x796 /usr/lib/gcc/arm-none-eabi/13.2.1/../../../arm-none-eabi/lib/thumb/v7e-m+fp/hard/libc_nano.a(libc_a-malloc.o)
 .debug_info    0x0002008f      0x70b /usr/lib/gcc/arm-none-eabi/13.2.1/../../../arm-none-eabi/lib/thumb/v7e-m+fp/hard/libc_nano.a(libc_a-impure.o)
 .debug_info    0x0002079a      0xe8c /usr/lib/gcc/arm-none-eabi/13.2.1/../../../arm-none-eabi/lib/thumb/v7e-m+fp/hard/libc_nano.a(libc_a-findfp.o)
 .debug_info    0x00021626      0x9b6 /usr/lib/gcc/arm-none-eabi/13.2.1/../../../arm-none-eabi/lib/thumb/v7e-m+fp/hard/libc_nano.a(libc_a-mallocr.o)
 .debug_info    0x00021fdc      0x87f /usr/lib/gcc/arm-none-eabi/13.2.1/../../../arm-none-eabi/lib/thumb/v7e-m+fp/hard/libc_nano.a(libc_a-freer.o)
 .debug_info    0x0002285b      0x71c /usr/lib/gcc/arm-none-eabi/13.2.1/../../../arm-none-eabi/lib/thumb/v7e-m+fp/hard/libc_nano.a(libc_a-mlock.o)
 .debug_info    0x00022f77      0x778 /usr/lib/gcc/arm-none-eabi/13.2.1/../../../arm-none-eabi/lib/thumb/v7e-m+fp/hard/libc_nano.a(libc_a-sbrkr.o)
 .debug_info    0x000236ef      0x89f /usr/lib/gcc/arm-none-eabi/13.2.1/../../../arm-none-eabi/lib/thumb/v7e-m+fp/hard/libc_nano.a(libc_a-reent.o)
 .debug_info    0x00023f8e       0x24 /usr/lib/gcc/arm-none-eabi/13.2.1/thumb/v7e-m+fp/hard/libgcc.a(_aeabi_uldivmod.o)
 .debug_info    0x00023fb2      0x6f5 /usr/lib/gcc/arm-none-eabi/13.2.1/thumb/v7e-m+fp/hard/libgcc.a(_udivmoddi4.o)
 .debug_info    0x000246a7       0x3c /usr/lib/gcc/arm-none-eabi/13.2.1/thumb/v7e-m+fp/hard/libgcc.a(_dvmd_tls.o)

.debug_abbrev   0x00000000     0x57a4
 .debug_abbrev  0x00000000      0x195 build/main.o
 .debug_abbrev  0x00000195      0x29f build/init.o
 .debug_abbrev  0x00000434      0x293 build/usb_host.o
 .debug_abbrev  0x000006c7      0x3dd build/usbh_conf.o
 .debug_abbrev  0x00000aa4      0x12e build/usbh_platform.o
 .debug_abbrev  0x00000bd2      0x183 build/stm32f4xx_it.o
 .debug_abbrev  0x00000d55      0x25b build/stm32f4xx_hal_msp.o
 .debug_abbrev  0x00000fb0      0x2d6 build/stm32f4xx_hal_hcd.o
 .debug_abbrev  0x00001286      0x344 build/stm32f4xx_ll_usb.o
 .debug_abbrev  0x000015ca      0x2de build/stm32f4xx_hal_rcc.o
 .debug_abbrev  0x000018a8      0x1dc build/stm32f4xx_hal_rcc_ex.o
 .debug_abbrev  0x00001a84      0x22b build/stm32f4xx_hal_gpio.o
 .debug_abbrev  0x00001caf      0x3ca build/stm32f4xx_hal_cortex.o
 .debug_abbrev  0x00002079      0x244 build/stm32f4xx_hal.o
 .debug_abbrev  0x000022bd      0x2a2 build/stm32f4xx_hal_can.o
 .debug_abbrev  0x0000255f      0x328 build/stm32f4xx_hal_i2c.o
 .debug_abbrev  0x00002887      0x2b0 build/stm32f4xx_hal_i2s.o
 .debug_abbrev  0x00002b37      0x2c8 build/stm32f4xx_hal_i2s_ex.o
 .debug_abbrev  0x00002dff      0x2be build/stm32f4xx_hal_spi.o
 .debug_abbrev  0x000030bd      0x11b build/system_stm32f4xx.o
 .debug_abbrev  0x000031d8      0x383 build/usbh_core.o
 .debug_abbrev  0x0000355b      0x353 build/usbh_ctlreq.o
 .debug_abbrev  0x000038ae      0x23d build/usbh_ioreq.o
 .debug_abbrev  0x00003aeb      0x2a3 build/usbh_pipes.o
 .debug_abbrev  0x00003d8e      0x37f build/usbh_cdc.o
 .debug_abbrev  0x0000410d       0xeb build/sysmem.o
 .debug_abbrev  0x000041f8       0x1d build/startup_stm32f407xx.o
 .debug_abbrev  0x00004215       0xc9 /usr/lib/gcc/arm-none-eabi/13.2.1/../../../arm-none-eabi/lib/thumb/v7e-m+fp/hard/libc_nano.a(libc_a-init.o)
 .debug_abbrev  0x000042de       0xb7 /usr/lib/gcc/arm-none-eabi/13.2.1/../../../arm-none-eabi/lib/thumb/v7e-m+fp/hard/libc_nano.a(libc_a-memset.o)
 .debug_abbrev  0x00004395      0x15e /usr/lib/gcc/arm-none-eabi/13.2.1/../../../arm-none-eabi/lib/thumb/v7e-m+fp/hard/libc_nano.a(libc_a-errno.o)
 .debug_abbrev  0x000044f3      0x1cf /usr/lib/gcc/arm-none-eabi/13.2.1/../../../arm-none-eabi/lib/thumb/v7e-m+fp/hard/libc_nano.a(libc_a-malloc.o)
 .debug_abbrev  0x000046c2      0x149 /usr/lib/gcc/arm-none-eabi/13.2.1/../../../arm-none-eabi/lib/thumb/v7e-m+fp/hard/libc_nano.a(libc_a-impure.o)
 .debug_abbrev  0x0000480b      0x408 /usr/lib/gcc/arm-none-eabi/13.2.1/../../../arm-none-eabi/lib/thumb/v7e-m+fp/hard/libc_nano.a(libc_a-findfp.o)
 .debug_abbrev  0x00004c13      0x24a /usr/lib/gcc/arm-none-eabi/13.2.1/../../../arm-none-eabi/lib/thumb/v7e-m+fp/hard/libc_nano.a(libc_a-mallocr.o)
 .debug_abbrev  0x00004e5d      0x249 /usr/lib/gcc/arm-none-eabi/13.2.1/../../../arm-none-eabi/lib/thumb/v7e-m+fp/hard/libc_nano.a(libc_a-freer.o)
 .debug_abbrev  0x000050a6      0x192 /usr/lib/gcc/arm-none-eabi/13.2.1/../../../arm-none-eabi/lib/thumb/v7e-m+fp/hard/libc_nano.a(libc_a-mlock.o)
 .debug_abbrev  0x00005238      0x1da /usr/lib/gcc/arm-none-eabi/13.2.1/../../../arm-none-eabi/lib/thumb/v7e-m+fp/hard/libc_nano.a(libc_a-sbrkr.o)
 .debug_abbrev  0x00005412      0x1ee /usr/lib/gcc/arm-none-eabi/13.2.1/../../../arm-none-eabi/lib/thumb/v7e-m+fp/hard/libc_nano.a(libc_a-reent.o)
 .debug_abbrev  0x00005600       0x14 /usr/lib/gcc/arm-none-eabi/13.2.1/thumb/v7e-m+fp/hard/libgcc.a(_aeabi_uldivmod.o)
 .debug_abbrev  0x00005614      0x16a /usr/lib/gcc/arm-none-eabi/13.2.1/thumb/v7e-m+fp/hard/libgcc.a(_udivmoddi4.o)
 .debug_abbrev  0x0000577e       0x26 /usr/lib/gcc/arm-none-eabi/13.2.1/thumb/v7e-m+fp/hard/libgcc.a(_dvmd_tls.o)

.debug_loc      0x00000000    0x14f24
 .debug_loc     0x00000000       0x20 build/main.o
 .debug_loc     0x00000020      0x143 build/init.o
 .debug_loc     0x00000163       0x40 build/usb_host.o
 .debug_loc     0x000001a3      0xccd build/usbh_conf.o
 .debug_loc     0x00000e70       0x6d build/usbh_platform.o
 .debug_loc     0x00000edd       0x60 build/stm32f4xx_it.o
 .debug_loc     0x00000f3d      0x417 build/stm32f4xx_hal_msp.o
 .debug_loc     0x00001354     0x1065 build/stm32f4xx_hal_hcd.o
 .debug_loc     0x000023b9     0x2ac8 build/stm32f4xx_ll_usb.o
 .debug_loc     0x00004e81      0x720 build/stm32f4xx_hal_rcc.o
 .debug_loc     0x000055a1      0x46e build/stm32f4xx_hal_rcc_ex.o
 .debug_loc     0x00005a0f      0x60b build/stm32f4xx_hal_gpio.o
 .debug_loc     0x0000601a      0x8ff build/stm32f4xx_hal_cortex.o
 .debug_loc     0x00006919      0x1f9 build/stm32f4xx_hal.o
 .debug_loc     0x00006b12     0x10d3 build/stm32f4xx_hal_can.o
 .debug_loc     0x00007be5     0x54cf build/stm32f4xx_hal_i2c.o
 .debug_loc     0x0000d0b4     0x14f7 build/stm32f4xx_hal_i2s.o
 .debug_loc     0x0000e5ab      0xba7 build/stm32f4xx_hal_i2s_ex.o
 .debug_loc     0x0000f152     0x261e build/stm32f4xx_hal_spi.o
 .debug_loc     0x00011770       0xbd build/system_stm32f4xx.o
 .debug_loc     0x0001182d      0xb48 build/usbh_core.o
 .debug_loc     0x00012375     0x15d5 build/usbh_ctlreq.o
 .debug_loc     0x0001394a      0x8bb build/usbh_ioreq.o
 .debug_loc     0x00014205      0x2f2 build/usbh_pipes.o
 .debug_loc     0x000144f7      0x99d build/usbh_cdc.o
 .debug_loc     0x00014e94       0x90 build/sysmem.o

.debug_aranges  0x00000000     0x1440
 .debug_aranges
                0x00000000       0x20 build/main.o
 .debug_aranges
                0x00000020       0x58 build/init.o
 .debug_aranges
                0x00000078       0x30 build/usb_host.o
 .debug_aranges
                0x000000a8       0xe0 build/usbh_conf.o
 .debug_aranges
                0x00000188       0x20 build/usbh_platform.o
 .debug_aranges
                0x000001a8       0x70 build/stm32f4xx_it.o
 .debug_aranges
                0x00000218       0x60 build/stm32f4xx_hal_msp.o
 .debug_aranges
                0x00000278      0x108 build/stm32f4xx_hal_hcd.o
 .debug_aranges
                0x00000380      0x1a0 build/stm32f4xx_ll_usb.o
 .debug_aranges
                0x00000520       0x88 build/stm32f4xx_hal_rcc.o
 .debug_aranges
                0x000005a8       0x48 build/stm32f4xx_hal_rcc_ex.o
 .debug_aranges
                0x000005f0       0x58 build/stm32f4xx_hal_gpio.o
 .debug_aranges
                0x00000648       0xf8 build/stm32f4xx_hal_cortex.o
 .debug_aranges
                0x00000740       0xf0 build/stm32f4xx_hal.o
 .debug_aranges
                0x00000830      0x138 build/stm32f4xx_hal_can.o
 .debug_aranges
                0x00000968      0x2a8 build/stm32f4xx_hal_i2c.o
 .debug_aranges
                0x00000c10      0x108 build/stm32f4xx_hal_i2s.o
 .debug_aranges
                0x00000d18       0x88 build/stm32f4xx_hal_i2s_ex.o
 .debug_aranges
                0x00000da0      0x1d0 build/stm32f4xx_hal_spi.o
 .debug_aranges
                0x00000f70       0x28 build/system_stm32f4xx.o
 .debug_aranges
                0x00000f98       0xc0 build/usbh_core.o
 .debug_aranges
                0x00001058       0xa0 build/usbh_ctlreq.o
 .debug_aranges
                0x000010f8       0x60 build/usbh_ioreq.o
 .debug_aranges
                0x00001158       0x40 build/usbh_pipes.o
 .debug_aranges
                0x00001198       0xa8 build/usbh_cdc.o
 .debug_aranges
                0x00001240       0x20 build/sysmem.o
 .debug_aranges
                0x00001260       0x28 build/startup_stm32f407xx.o
 .debug_aranges
                0x00001288       0x20 /usr/lib/gcc/arm-none-eabi/13.2.1/../../../arm-none-eabi/lib/thumb/v7e-m+fp/hard/libc_nano.a(libc_a-init.o)
 .debug_aranges
                0x000012a8       0x20 /usr/lib/gcc/arm-none-eabi/13.2.1/../../../arm-none-eabi/lib/thumb/v7e-m+fp/hard/libc_nano.a(libc_a-memset.o)
 .debug_aranges
                0x000012c8       0x20 /usr/lib/gcc/arm-none-eabi/13.2.1/../../../arm-none-eabi/lib/thumb/v7e-m+fp/hard/libc_nano.a(libc_a-errno.o)
 .debug_aranges
                0x000012e8       0x20 /usr/lib/gcc/arm-none-eabi/13.2.1/../../../arm-none-eabi/lib/thumb/v7e-m+fp/hard/libc_nano.a(libc_a-malloc.o)
 .debug_aranges
                0x00001308       0x18 /usr/lib/gcc/arm-none-eabi/13.2.1/../../../arm-none-eabi/lib/thumb/v7e-m+fp/hard/libc_nano.a(libc_a-impure.o)
 .debug_aranges
                0x00001320       0x20 /usr/lib/gcc/arm-none-eabi/13.2.1/../../../arm-none-eabi/lib/thumb/v7e-m+fp/hard/libc_nano.a(libc_a-findfp.o)
 .debug_aranges
                0x00001340       0x20 /usr/lib/gcc/arm-none-eabi/13.2.1/../../../arm-none-eabi/lib/thumb/v7e-m+fp/hard/libc_nano.a(libc_a-mallocr.o)
 .debug_aranges
                0x00001360       0x20 /usr/lib/gcc/arm-none-eabi/13.2.1/../../../arm-none-eabi/lib/thumb/v7e-m+fp/hard/libc_nano.a(libc_a-freer.o)
 .debug_aranges
                0x00001380       0x20 /usr/lib/gcc/arm-none-eabi/13.2.1/../../../arm-none-eabi/lib/thumb/v7e-m+fp/hard/libc_nano.a(libc_a-mlock.o)
 .debug_aranges
                0x000013a0       0x20 /usr/lib/gcc/arm-none-eabi/13.2.1/../../../arm-none-eabi/lib/thumb/v7e-m+fp/hard/libc_nano.a(libc_a-sbrkr.o)
 .debug_aranges
                0x000013c0       0x20 /usr/lib/gcc/arm-none-eabi/13.2.1/../../../arm-none-eabi/lib/thumb/v7e-m+fp/hard/libc_nano.a(libc_a-reent.o)
 .debug_aranges
                0x000013e0       0x20 /usr/lib/gcc/arm-none-eabi/13.2.1/thumb/v7e-m+fp/hard/libgcc.a(_aeabi_uldivmod.o)
 .debug_aranges
                0x00001400       0x20 /usr/lib/gcc/arm-none-eabi/13.2.1/thumb/v7e-m+fp/hard/libgcc.a(_udivmoddi4.o)
 .debug_aranges
                0x00001420       0x20 /usr/lib/gcc/arm-none-eabi/13.2.1/thumb/v7e-m+fp/hard/libgcc.a(_dvmd_tls.o)

.debug_ranges   0x00000000     0x1170
 .debug_ranges  0x00000000       0x10 build/main.o
 .debug_ranges  0x00000010       0x48 build/init.o
 .debug_ranges  0x00000058       0x20 build/usb_host.o
 .debug_ranges  0x00000078       0xd0 build/usbh_conf.o
 .debug_ranges  0x00000148       0x10 build/usbh_platform.o
 .debug_ranges  0x00000158       0x60 build/stm32f4xx_it.o
 .debug_ranges  0x000001b8       0x50 build/stm32f4xx_hal_msp.o
 .debug_ranges  0x00000208       0xf8 build/stm32f4xx_hal_hcd.o
 .debug_ranges  0x00000300      0x190 build/stm32f4xx_ll_usb.o
 .debug_ranges  0x00000490       0x90 build/stm32f4xx_hal_rcc.o
 .debug_ranges  0x00000520       0x38 build/stm32f4xx_hal_rcc_ex.o
 .debug_ranges  0x00000558       0x48 build/stm32f4xx_hal_gpio.o
 .debug_ranges  0x000005a0       0xe8 build/stm32f4xx_hal_cortex.o
 .debug_ranges  0x00000688       0xe0 build/stm32f4xx_hal.o
 .debug_ranges  0x00000768      0x140 build/stm32f4xx_hal_can.o
 .debug_ranges  0x000008a8      0x2b0 build/stm32f4xx_hal_i2c.o
 .debug_ranges  0x00000b58      0x128 build/stm32f4xx_hal_i2s.o
 .debug_ranges  0x00000c80       0x90 build/stm32f4xx_hal_i2s_ex.o
 .debug_ranges  0x00000d10      0x1c0 build/stm32f4xx_hal_spi.o
 .debug_ranges  0x00000ed0       0x18 build/system_stm32f4xx.o
 .debug_ranges  0x00000ee8       0xb0 build/usbh_core.o
 .debug_ranges  0x00000f98       0x90 build/usbh_ctlreq.o
 .debug_ranges  0x00001028       0x50 build/usbh_ioreq.o
 .debug_ranges  0x00001078       0x30 build/usbh_pipes.o
 .debug_ranges  0x000010a8       0x98 build/usbh_cdc.o
 .debug_ranges  0x00001140       0x10 build/sysmem.o
 .debug_ranges  0x00001150       0x20 build/startup_stm32f407xx.o

.debug_line     0x00000000    0x16381
 .debug_line    0x00000000      0x184 build/main.o
 .debug_line    0x00000184      0x6ff build/init.o
 .debug_line    0x00000883      0x1a9 build/usb_host.o
 .debug_line    0x00000a2c      0x66d build/usbh_conf.o
 .debug_line    0x00001099      0x106 build/usbh_platform.o
 .debug_line    0x0000119f      0x253 build/stm32f4xx_it.o
 .debug_line    0x000013f2      0x4a1 build/stm32f4xx_hal_msp.o
 .debug_line    0x00001893     0x13f2 build/stm32f4xx_hal_hcd.o
 .debug_line    0x00002c85     0x1ee6 build/stm32f4xx_ll_usb.o
 .debug_line    0x00004b6b      0xb39 build/stm32f4xx_hal_rcc.o
 .debug_line    0x000056a4      0x5c1 build/stm32f4xx_hal_rcc_ex.o
 .debug_line    0x00005c65      0x670 build/stm32f4xx_hal_gpio.o
 .debug_line    0x000062d5      0x7a5 build/stm32f4xx_hal_cortex.o
 .debug_line    0x00006a7a      0x4e2 build/stm32f4xx_hal.o
 .debug_line    0x00006f5c     0x10c6 build/stm32f4xx_hal_can.o
 .debug_line    0x00008022     0x53e6 build/stm32f4xx_hal_i2c.o
 .debug_line    0x0000d408     0x1363 build/stm32f4xx_hal_i2s.o
 .debug_line    0x0000e76b      0xf7e build/stm32f4xx_hal_i2s_ex.o
 .debug_line    0x0000f6e9     0x23ec build/stm32f4xx_hal_spi.o
 .debug_line    0x00011ad5      0x1c4 build/system_stm32f4xx.o
 .debug_line    0x00011c99      0xd86 build/usbh_core.o
 .debug_line    0x00012a1f      0xca6 build/usbh_ctlreq.o
 .debug_line    0x000136c5      0x254 build/usbh_ioreq.o
 .debug_line    0x00013919      0x1de build/usbh_pipes.o
 .debug_line    0x00013af7      0x97b build/usbh_cdc.o
 .debug_line    0x00014472       0xf8 build/sysmem.o
 .debug_line    0x0001456a       0x73 build/startup_stm32f407xx.o
 .debug_line    0x000145dd      0x11e /usr/lib/gcc/arm-none-eabi/13.2.1/../../../arm-none-eabi/lib/thumb/v7e-m+fp/hard/libc_nano.a(libc_a-init.o)
 .debug_line    0x000146fb      0x1b6 /usr/lib/gcc/arm-none-eabi/13.2.1/../../../arm-none-eabi/lib/thumb/v7e-m+fp/hard/libc_nano.a(libc_a-memset.o)
 .debug_line    0x000148b1      0x10c /usr/lib/gcc/arm-none-eabi/13.2.1/../../../arm-none-eabi/lib/thumb/v7e-m+fp/hard/libc_nano.a(libc_a-errno.o)
 .debug_line    0x000149bd      0x16b /usr/lib/gcc/arm-none-eabi/13.2.1/../../../arm-none-eabi/lib/thumb/v7e-m+fp/hard/libc_nano.a(libc_a-malloc.o)
 .debug_line    0x00014b28       0xe7 /usr/lib/gcc/arm-none-eabi/13.2.1/../../../arm-none-eabi/lib/thumb/v7e-m+fp/hard/libc_nano.a(libc_a-impure.o)
 .debug_line    0x00014c0f      0x4fc /usr/lib/gcc/arm-none-eabi/13.2.1/../../../arm-none-eabi/lib/thumb/v7e-m+fp/hard/libc_nano.a(libc_a-findfp.o)
 .debug_line    0x0001510b      0x446 /usr/lib/gcc/arm-none-eabi/13.2.1/../../../arm-none-eabi/lib/thumb/v7e-m+fp/hard/libc_nano.a(libc_a-mallocr.o)
 .debug_line    0x00015551      0x2c3 /usr/lib/gcc/arm-none-eabi/13.2.1/../../../arm-none-eabi/lib/thumb/v7e-m+fp/hard/libc_nano.a(libc_a-freer.o)
 .debug_line    0x00015814      0x153 /usr/lib/gcc/arm-none-eabi/13.2.1/../../../arm-none-eabi/lib/thumb/v7e-m+fp/hard/libc_nano.a(libc_a-mlock.o)
 .debug_line    0x00015967      0x193 /usr/lib/gcc/arm-none-eabi/13.2.1/../../../arm-none-eabi/lib/thumb/v7e-m+fp/hard/libc_nano.a(libc_a-sbrkr.o)
 .debug_line    0x00015afa      0x27b /usr/lib/gcc/arm-none-eabi/13.2.1/../../../arm-none-eabi/lib/thumb/v7e-m+fp/hard/libc_nano.a(libc_a-reent.o)
 .debug_line    0x00015d75       0x4e /usr/lib/gcc/arm-none-eabi/13.2.1/thumb/v7e-m+fp/hard/libgcc.a(_aeabi_uldivmod.o)
 .debug_line    0x00015dc3      0x574 /usr/lib/gcc/arm-none-eabi/13.2.1/thumb/v7e-m+fp/hard/libgcc.a(_udivmoddi4.o)
 .debug_line    0x00016337       0x4a /usr/lib/gcc/arm-none-eabi/13.2.1/thumb/v7e-m+fp/hard/libgcc.a(_dvmd_tls.o)

.debug_str      0x00000000     0x6e3e
 .debug_str     0x00000000     0x6e3e build/main.o
                                0x4ba (size before relaxing)
 .debug_str     0x00006e3e     0x1124 build/init.o
 .debug_str     0x00006e3e      0xa6c build/usb_host.o
 .debug_str     0x00006e3e     0x1988 build/usbh_conf.o
 .debug_str     0x00006e3e      0x207 build/usbh_platform.o
 .debug_str     0x00006e3e      0x942 build/stm32f4xx_it.o
 .debug_str     0x00006e3e     0x13f1 build/stm32f4xx_hal_msp.o
 .debug_str     0x00006e3e      0xc12 build/stm32f4xx_hal_hcd.o
 .debug_str     0x00006e3e      0xce3 build/stm32f4xx_ll_usb.o
 .debug_str     0x00006e3e      0x6b0 build/stm32f4xx_hal_rcc.o
 .debug_str     0x00006e3e      0x487 build/stm32f4xx_hal_rcc_ex.o
 .debug_str     0x00006e3e      0x495 build/stm32f4xx_hal_gpio.o
 .debug_str     0x00006e3e      0xc2b build/stm32f4xx_hal_cortex.o
 .debug_str     0x00006e3e      0xb2e build/stm32f4xx_hal.o
 .debug_str     0x00006e3e      0x9f5 build/stm32f4xx_hal_can.o
 .debug_str     0x00006e3e      0xff2 build/stm32f4xx_hal_i2c.o
 .debug_str     0x00006e3e      0x90f build/stm32f4xx_hal_i2s.o
 .debug_str     0x00006e3e      0x827 build/stm32f4xx_hal_i2s_ex.o
 .debug_str     0x00006e3e      0xba9 build/stm32f4xx_hal_spi.o
 .debug_str     0x00006e3e      0x330 build/system_stm32f4xx.o
 .debug_str     0x00006e3e      0xcd0 build/usbh_core.o
 .debug_str     0x00006e3e      0xcb5 build/usbh_ctlreq.o
 .debug_str     0x00006e3e      0xaa8 build/usbh_ioreq.o
 .debug_str     0x00006e3e      0xa3e build/usbh_pipes.o
 .debug_str     0x00006e3e     0x1134 build/usbh_cdc.o
 .debug_str     0x00006e3e      0x1e0 build/sysmem.o
 .debug_str     0x00006e3e       0x55 build/startup_stm32f407xx.o
 .debug_str     0x00006e3e      0x1fa /usr/lib/gcc/arm-none-eabi/13.2.1/../../../arm-none-eabi/lib/thumb/v7e-m+fp/hard/libc_nano.a(libc_a-init.o)
 .debug_str     0x00006e3e      0x1ad /usr/lib/gcc/arm-none-eabi/13.2.1/../../../arm-none-eabi/lib/thumb/v7e-m+fp/hard/libc_nano.a(libc_a-memset.o)
 .debug_str     0x00006e3e      0x4b6 /usr/lib/gcc/arm-none-eabi/13.2.1/../../../arm-none-eabi/lib/thumb/v7e-m+fp/hard/libc_nano.a(libc_a-errno.o)
 .debug_str     0x00006e3e      0x4e1 /usr/lib/gcc/arm-none-eabi/13.2.1/../../../arm-none-eabi/lib/thumb/v7e-m+fp/hard/libc_nano.a(libc_a-malloc.o)
 .debug_str     0x00006e3e      0x4bc /usr/lib/gcc/arm-none-eabi/13.2.1/../../../arm-none-eabi/lib/thumb/v7e-m+fp/hard/libc_nano.a(libc_a-impure.o)
 .debug_str     0x00006e3e      0x6bf /usr/lib/gcc/arm-none-eabi/13.2.1/../../../arm-none-eabi/lib/thumb/v7e-m+fp/hard/libc_nano.a(libc_a-findfp.o)
 .debug_str     0x00006e3e      0x59d /usr/lib/gcc/arm-none-eabi/13.2.1/../../../arm-none-eabi/lib/thumb/v7e-m+fp/hard/libc_nano.a(libc_a-mallocr.o)
 .debug_str     0x00006e3e      0x53c /usr/lib/gcc/arm-none-eabi/13.2.1/../../../arm-none-eabi/lib/thumb/v7e-m+fp/hard/libc_nano.a(libc_a-freer.o)
 .debug_str     0x00006e3e      0x4da /usr/lib/gcc/arm-none-eabi/13.2.1/../../../arm-none-eabi/lib/thumb/v7e-m+fp/hard/libc_nano.a(libc_a-mlock.o)
 .debug_str     0x00006e3e      0x4c5 /usr/lib/gcc/arm-none-eabi/13.2.1/../../../arm-none-eabi/lib/thumb/v7e-m+fp/hard/libc_nano.a(libc_a-sbrkr.o)
 .debug_str     0x00006e3e      0x4db /usr/lib/gcc/arm-none-eabi/13.2.1/../../../arm-none-eabi/lib/thumb/v7e-m+fp/hard/libc_nano.a(libc_a-reent.o)
 .debug_str     0x00006e3e       0xa3 /usr/lib/gcc/arm-none-eabi/13.2.1/thumb/v7e-m+fp/hard/libgcc.a(_aeabi_uldivmod.o)
 .debug_str     0x00006e3e      0x685 /usr/lib/gcc/arm-none-eabi/13.2.1/thumb/v7e-m+fp/hard/libgcc.a(_udivmoddi4.o)
 .debug_str     0x00006e3e       0xc3 /usr/lib/gcc/arm-none-eabi/13.2.1/thumb/v7e-m+fp/hard/libgcc.a(_dvmd_tls.o)

.debug_frame    0x00000000     0x35dc
 .debug_frame   0x00000000       0x28 build/main.o
 .debug_frame   0x00000028       0xec build/init.o
 .debug_frame   0x00000114       0x50 build/usb_host.o
 .debug_frame   0x00000164      0x254 build/usbh_conf.o
 .debug_frame   0x000003b8       0x28 build/usbh_platform.o
 .debug_frame   0x000003e0       0xd8 build/stm32f4xx_it.o
 .debug_frame   0x000004b8      0x114 build/stm32f4xx_hal_msp.o
 .debug_frame   0x000005cc      0x2dc build/stm32f4xx_hal_hcd.o
 .debug_frame   0x000008a8      0x494 build/stm32f4xx_ll_usb.o
 .debug_frame   0x00000d3c      0x16c build/stm32f4xx_hal_rcc.o
 .debug_frame   0x00000ea8       0xa4 build/stm32f4xx_hal_rcc_ex.o
 .debug_frame   0x00000f4c       0xd8 build/stm32f4xx_hal_gpio.o
 .debug_frame   0x00001024      0x214 build/stm32f4xx_hal_cortex.o
 .debug_frame   0x00001238      0x1ec build/stm32f4xx_hal.o
 .debug_frame   0x00001424      0x2d8 build/stm32f4xx_hal_can.o
 .debug_frame   0x000016fc      0x988 build/stm32f4xx_hal_i2c.o
 .debug_frame   0x00002084      0x334 build/stm32f4xx_hal_i2s.o
 .debug_frame   0x000023b8      0x184 build/stm32f4xx_hal_i2s_ex.o
 .debug_frame   0x0000253c      0x5d0 build/stm32f4xx_hal_spi.o
 .debug_frame   0x00002b0c       0x30 build/system_stm32f4xx.o
 .debug_frame   0x00002b3c      0x1f4 build/usbh_core.o
 .debug_frame   0x00002d30      0x1e0 build/usbh_ctlreq.o
 .debug_frame   0x00002f10      0x130 build/usbh_ioreq.o
 .debug_frame   0x00003040       0x84 build/usbh_pipes.o
 .debug_frame   0x000030c4      0x1b0 build/usbh_cdc.o
 .debug_frame   0x00003274       0x28 build/sysmem.o
 .debug_frame   0x0000329c       0x2c /usr/lib/gcc/arm-none-eabi/13.2.1/../../../arm-none-eabi/lib/thumb/v7e-m+fp/hard/libc_nano.a(libc_a-init.o)
 .debug_frame   0x000032c8       0x2c /usr/lib/gcc/arm-none-eabi/13.2.1/../../../arm-none-eabi/lib/thumb/v7e-m+fp/hard/libc_nano.a(libc_a-memset.o)
 .debug_frame   0x000032f4       0x20 /usr/lib/gcc/arm-none-eabi/13.2.1/../../../arm-none-eabi/lib/thumb/v7e-m+fp/hard/libc_nano.a(libc_a-errno.o)
 .debug_frame   0x00003314       0x30 /usr/lib/gcc/arm-none-eabi/13.2.1/../../../arm-none-eabi/lib/thumb/v7e-m+fp/hard/libc_nano.a(libc_a-malloc.o)
 .debug_frame   0x00003344       0xf4 /usr/lib/gcc/arm-none-eabi/13.2.1/../../../arm-none-eabi/lib/thumb/v7e-m+fp/hard/libc_nano.a(libc_a-findfp.o)
 .debug_frame   0x00003438       0x50 /usr/lib/gcc/arm-none-eabi/13.2.1/../../../arm-none-eabi/lib/thumb/v7e-m+fp/hard/libc_nano.a(libc_a-mallocr.o)
 .debug_frame   0x00003488       0x58 /usr/lib/gcc/arm-none-eabi/13.2.1/../../../arm-none-eabi/lib/thumb/v7e-m+fp/hard/libc_nano.a(libc_a-freer.o)
 .debug_frame   0x000034e0       0x30 /usr/lib/gcc/arm-none-eabi/13.2.1/../../../arm-none-eabi/lib/thumb/v7e-m+fp/hard/libc_nano.a(libc_a-mlock.o)
 .debug_frame   0x00003510       0x2c /usr/lib/gcc/arm-none-eabi/13.2.1/../../../arm-none-eabi/lib/thumb/v7e-m+fp/hard/libc_nano.a(libc_a-sbrkr.o)
 .debug_frame   0x0000353c       0x40 /usr/lib/gcc/arm-none-eabi/13.2.1/../../../arm-none-eabi/lib/thumb/v7e-m+fp/hard/libc_nano.a(libc_a-reent.o)
 .debug_frame   0x0000357c       0x2c /usr/lib/gcc/arm-none-eabi/13.2.1/thumb/v7e-m+fp/hard/libgcc.a(_aeabi_uldivmod.o)
 .debug_frame   0x000035a8       0x34 /usr/lib/gcc/arm-none-eabi/13.2.1/thumb/v7e-m+fp/hard/libgcc.a(_udivmoddi4.o)

.debug_loclists
                0x00000000     0x12b7
 .debug_loclists
                0x00000000       0x65 /usr/lib/gcc/arm-none-eabi/13.2.1/../../../arm-none-eabi/lib/thumb/v7e-m+fp/hard/libc_nano.a(libc_a-init.o)
 .debug_loclists
                0x00000065      0x1c2 /usr/lib/gcc/arm-none-eabi/13.2.1/../../../arm-none-eabi/lib/thumb/v7e-m+fp/hard/libc_nano.a(libc_a-memset.o)
 .debug_loclists
                0x00000227       0x4a /usr/lib/gcc/arm-none-eabi/13.2.1/../../../arm-none-eabi/lib/thumb/v7e-m+fp/hard/libc_nano.a(libc_a-malloc.o)
 .debug_loclists
                0x00000271      0x1d0 /usr/lib/gcc/arm-none-eabi/13.2.1/../../../arm-none-eabi/lib/thumb/v7e-m+fp/hard/libc_nano.a(libc_a-findfp.o)
 .debug_loclists
                0x00000441      0x263 /usr/lib/gcc/arm-none-eabi/13.2.1/../../../arm-none-eabi/lib/thumb/v7e-m+fp/hard/libc_nano.a(libc_a-mallocr.o)
 .debug_loclists
                0x000006a4      0x164 /usr/lib/gcc/arm-none-eabi/13.2.1/../../../arm-none-eabi/lib/thumb/v7e-m+fp/hard/libc_nano.a(libc_a-freer.o)
 .debug_loclists
                0x00000808       0x4b /usr/lib/gcc/arm-none-eabi/13.2.1/../../../arm-none-eabi/lib/thumb/v7e-m+fp/hard/libc_nano.a(libc_a-sbrkr.o)
 .debug_loclists
                0x00000853       0x80 /usr/lib/gcc/arm-none-eabi/13.2.1/../../../arm-none-eabi/lib/thumb/v7e-m+fp/hard/libc_nano.a(libc_a-reent.o)
 .debug_loclists
                0x000008d3      0x9e4 /usr/lib/gcc/arm-none-eabi/13.2.1/thumb/v7e-m+fp/hard/libgcc.a(_udivmoddi4.o)

.debug_rnglists
                0x00000000      0x12c
 .debug_rnglists
                0x00000000       0x77 /usr/lib/gcc/arm-none-eabi/13.2.1/../../../arm-none-eabi/lib/thumb/v7e-m+fp/hard/libc_nano.a(libc_a-findfp.o)
 .debug_rnglists
                0x00000077       0x1e /usr/lib/gcc/arm-none-eabi/13.2.1/../../../arm-none-eabi/lib/thumb/v7e-m+fp/hard/libc_nano.a(libc_a-mallocr.o)
 .debug_rnglists
                0x00000095       0x13 /usr/lib/gcc/arm-none-eabi/13.2.1/../../../arm-none-eabi/lib/thumb/v7e-m+fp/hard/libc_nano.a(libc_a-freer.o)
 .debug_rnglists
                0x000000a8       0x84 /usr/lib/gcc/arm-none-eabi/13.2.1/thumb/v7e-m+fp/hard/libgcc.a(_udivmoddi4.o)

.debug_line_str
                0x00000000       0xa3
 .debug_line_str
                0x00000000       0xa3 /usr/lib/gcc/arm-none-eabi/13.2.1/thumb/v7e-m+fp/hard/libgcc.a(_aeabi_uldivmod.o)
                                 0x97 (size before relaxing)
 .debug_line_str
                0x000000a3       0x9b /usr/lib/gcc/arm-none-eabi/13.2.1/thumb/v7e-m+fp/hard/libgcc.a(_dvmd_tls.o)

Cross Reference Table

Symbol                                            File
ADC_IRQHandler                                    build/startup_stm32f407xx.o
AHBPrescTable                                     build/system_stm32f4xx.o
                                                  build/stm32f4xx_hal_rcc.o
APBPrescTable                                     build/system_stm32f4xx.o
                                                  build/stm32f4xx_hal_rcc.o
Appli_state                                       build/usb_host.o
BusFault_Handler                                  build/stm32f4xx_it.o
CAN1_RX0_IRQHandler                               build/stm32f4xx_it.o
CAN1_RX1_IRQHandler                               build/startup_stm32f407xx.o
CAN1_SCE_IRQHandler                               build/startup_stm32f407xx.o
CAN1_TX_IRQHandler                                build/startup_stm32f407xx.o
CAN2_RX0_IRQHandler                               build/startup_stm32f407xx.o
CAN2_RX1_IRQHandler                               build/startup_stm32f407xx.o
CAN2_SCE_IRQHandler                               build/startup_stm32f407xx.o
CAN2_TX_IRQHandler                                build/startup_stm32f407xx.o
CDC_Class                                         build/usbh_cdc.o
                                                  build/usb_host.o
DCMI_IRQHandler                                   build/startup_stm32f407xx.o
DMA1_Stream0_IRQHandler                           build/startup_stm32f407xx.o
DMA1_Stream1_IRQHandler                           build/startup_stm32f407xx.o
DMA1_Stream2_IRQHandler                           build/startup_stm32f407xx.o
DMA1_Stream3_IRQHandler                           build/startup_stm32f407xx.o
DMA1_Stream4_IRQHandler                           build/startup_stm32f407xx.o
DMA1_Stream5_IRQHandler                           build/startup_stm32f407xx.o
DMA1_Stream6_IRQHandler                           build/startup_stm32f407xx.o
DMA1_Stream7_IRQHandler                           build/startup_stm32f407xx.o
DMA2_Stream0_IRQHandler                           build/startup_stm32f407xx.o
DMA2_Stream1_IRQHandler                           build/startup_stm32f407xx.o
DMA2_Stream2_IRQHandler                           build/startup_stm32f407xx.o
DMA2_Stream3_IRQHandler                           build/startup_stm32f407xx.o
DMA2_Stream4_IRQHandler                           build/startup_stm32f407xx.o
DMA2_Stream5_IRQHandler                           build/startup_stm32f407xx.o
DMA2_Stream6_IRQHandler                           build/startup_stm32f407xx.o
DMA2_Stream7_IRQHandler                           build/startup_stm32f407xx.o
DebugMon_Handler                                  build/stm32f4xx_it.o
Default_Handler                                   build/startup_stm32f407xx.o
ETH_IRQHandler                                    build/startup_stm32f407xx.o
ETH_WKUP_IRQHandler                               build/startup_stm32f407xx.o
EXTI0_IRQHandler                                  build/startup_stm32f407xx.o
EXTI15_10_IRQHandler                              build/startup_stm32f407xx.o
EXTI1_IRQHandler                                  build/startup_stm32f407xx.o
EXTI2_IRQHandler                                  build/startup_stm32f407xx.o
EXTI3_IRQHandler                                  build/startup_stm32f407xx.o
EXTI4_IRQHandler                                  build/startup_stm32f407xx.o
EXTI9_5_IRQHandler                                build/startup_stm32f407xx.o
Error_Handler                                     build/init.o
                                                  build/stm32f4xx_hal_msp.o
                                                  build/usbh_conf.o
                                                  build/usb_host.o
FLASH_Erase_Sector                                build/stm32f4xx_hal_flash_ex.o
                                                  build/stm32f4xx_hal_flash.o
FLASH_FlushCaches                                 build/stm32f4xx_hal_flash_ex.o
                                                  build/stm32f4xx_hal_flash.o
FLASH_IRQHandler                                  build/startup_stm32f407xx.o
FLASH_WaitForLastOperation                        build/stm32f4xx_hal_flash.o
                                                  build/stm32f4xx_hal_flash_ex.o
FPU_IRQHandler                                    build/startup_stm32f407xx.o
FSMC_IRQHandler                                   build/startup_stm32f407xx.o
HAL_CAN_AbortTxRequest                            build/stm32f4xx_hal_can.o
HAL_CAN_ActivateNotification                      build/stm32f4xx_hal_can.o
                                                  build/init.o
HAL_CAN_AddTxMessage                              build/stm32f4xx_hal_can.o
                                                  build/main.o
HAL_CAN_ConfigFilter                              build/stm32f4xx_hal_can.o
                                                  build/init.o
HAL_CAN_DeInit                                    build/stm32f4xx_hal_can.o
HAL_CAN_DeactivateNotification                    build/stm32f4xx_hal_can.o
HAL_CAN_ErrorCallback                             build/stm32f4xx_hal_can.o
HAL_CAN_GetError                                  build/stm32f4xx_hal_can.o
HAL_CAN_GetRxFifoFillLevel                        build/stm32f4xx_hal_can.o
HAL_CAN_GetRxMessage                              build/stm32f4xx_hal_can.o
HAL_CAN_GetState                                  build/stm32f4xx_hal_can.o
HAL_CAN_GetTxMailboxesFreeLevel                   build/stm32f4xx_hal_can.o
HAL_CAN_GetTxTimestamp                            build/stm32f4xx_hal_can.o
HAL_CAN_IRQHandler                                build/stm32f4xx_hal_can.o
                                                  build/stm32f4xx_it.o
HAL_CAN_Init                                      build/stm32f4xx_hal_can.o
                                                  build/init.o
HAL_CAN_IsSleepActive                             build/stm32f4xx_hal_can.o
HAL_CAN_IsTxMessagePending                        build/stm32f4xx_hal_can.o
HAL_CAN_MspDeInit                                 build/stm32f4xx_hal_msp.o
HAL_CAN_MspInit                                   build/stm32f4xx_hal_msp.o
HAL_CAN_RequestSleep                              build/stm32f4xx_hal_can.o
HAL_CAN_ResetError                                build/stm32f4xx_hal_can.o
HAL_CAN_RxFifo0FullCallback                       build/stm32f4xx_hal_can.o
HAL_CAN_RxFifo0MsgPendingCallback                 build/stm32f4xx_hal_can.o
HAL_CAN_RxFifo1FullCallback                       build/stm32f4xx_hal_can.o
HAL_CAN_RxFifo1MsgPendingCallback                 build/stm32f4xx_hal_can.o
HAL_CAN_SleepCallback                             build/stm32f4xx_hal_can.o
HAL_CAN_Start                                     build/stm32f4xx_hal_can.o
                                                  build/init.o
HAL_CAN_Stop                                      build/stm32f4xx_hal_can.o
HAL_CAN_TxMailbox0AbortCallback                   build/stm32f4xx_hal_can.o
HAL_CAN_TxMailbox0CompleteCallback                build/stm32f4xx_hal_can.o
HAL_CAN_TxMailbox1AbortCallback                   build/stm32f4xx_hal_can.o
HAL_CAN_TxMailbox1CompleteCallback                build/stm32f4xx_hal_can.o
HAL_CAN_TxMailbox2AbortCallback                   build/stm32f4xx_hal_can.o
HAL_CAN_TxMailbox2CompleteCallback                build/stm32f4xx_hal_can.o
HAL_CAN_WakeUp                                    build/stm32f4xx_hal_can.o
HAL_CAN_WakeUpFromRxMsgCallback                   build/stm32f4xx_hal_can.o
HAL_CORTEX_ClearEvent                             build/stm32f4xx_hal_cortex.o
HAL_DBGMCU_DisableDBGSleepMode                    build/stm32f4xx_hal.o
HAL_DBGMCU_DisableDBGStandbyMode                  build/stm32f4xx_hal.o
HAL_DBGMCU_DisableDBGStopMode                     build/stm32f4xx_hal.o
HAL_DBGMCU_EnableDBGSleepMode                     build/stm32f4xx_hal.o
HAL_DBGMCU_EnableDBGStandbyMode                   build/stm32f4xx_hal.o
HAL_DBGMCU_EnableDBGStopMode                      build/stm32f4xx_hal.o
HAL_DMAEx_ChangeMemory                            build/stm32f4xx_hal_dma_ex.o
HAL_DMAEx_MultiBufferStart                        build/stm32f4xx_hal_dma_ex.o
HAL_DMAEx_MultiBufferStart_IT                     build/stm32f4xx_hal_dma_ex.o
HAL_DMA_Abort                                     build/stm32f4xx_hal_dma.o
                                                  build/stm32f4xx_hal_spi.o
                                                  build/stm32f4xx_hal_i2s.o
HAL_DMA_Abort_IT                                  build/stm32f4xx_hal_dma.o
                                                  build/stm32f4xx_hal_spi.o
                                                  build/stm32f4xx_hal_i2c.o
HAL_DMA_DeInit                                    build/stm32f4xx_hal_dma.o
HAL_DMA_GetError                                  build/stm32f4xx_hal_dma.o
                                                  build/stm32f4xx_hal_i2c.o
HAL_DMA_GetState                                  build/stm32f4xx_hal_dma.o
                                                  build/stm32f4xx_hal_i2c.o
HAL_DMA_IRQHandler                                build/stm32f4xx_hal_dma.o
HAL_DMA_Init                                      build/stm32f4xx_hal_dma.o
HAL_DMA_PollForTransfer                           build/stm32f4xx_hal_dma.o
HAL_DMA_RegisterCallback                          build/stm32f4xx_hal_dma.o
HAL_DMA_Start                                     build/stm32f4xx_hal_dma.o
HAL_DMA_Start_IT                                  build/stm32f4xx_hal_dma.o
                                                  build/stm32f4xx_hal_spi.o
                                                  build/stm32f4xx_hal_i2s_ex.o
                                                  build/stm32f4xx_hal_i2s.o
                                                  build/stm32f4xx_hal_i2c.o
HAL_DMA_UnRegisterCallback                        build/stm32f4xx_hal_dma.o
HAL_DeInit                                        build/stm32f4xx_hal.o
HAL_Delay                                         build/stm32f4xx_hal.o
                                                  build/stm32f4xx_ll_usb.o
                                                  build/usbh_conf.o
                                                  build/main.o
HAL_DisableCompensationCell                       build/stm32f4xx_hal.o
HAL_EXTI_ClearConfigLine                          build/stm32f4xx_hal_exti.o
HAL_EXTI_ClearPending                             build/stm32f4xx_hal_exti.o
HAL_EXTI_GenerateSWI                              build/stm32f4xx_hal_exti.o
HAL_EXTI_GetConfigLine                            build/stm32f4xx_hal_exti.o